[0.007s][info][gc,init] CardTable entry size: 512
[0.007s][info][gc     ] Using G1
[0.009s][info][gc,init] Version: 18.0.2.1+1-1 (release)
[0.009s][info][gc,init] CPUs: 12 total, 12 available
[0.009s][info][gc,init] Memory: 16332M
[0.009s][info][gc,init] Large Page Support: Disabled
[0.009s][info][gc,init] NUMA Support: Disabled
[0.009s][info][gc,init] Compressed Oops: Enabled (32-bit)
[0.009s][info][gc,init] Heap Region Size: 1M
[0.009s][info][gc,init] Heap Min Capacity: 8M
[0.009s][info][gc,init] Heap Initial Capacity: 256M
[0.009s][info][gc,init] Heap Max Capacity: 2024M
[0.009s][info][gc,init] Pre-touch: Disabled
[0.009s][info][gc,init] Parallel Workers: 10
[0.009s][info][gc,init] Concurrent Workers: 3
[0.010s][info][gc,init] Concurrent Refinement Workers: 10
[0.010s][info][gc,init] Periodic GC: Disabled
[0.011s][info][gc,metaspace] CDS archive(s) mapped at: [0x0000000800000000-0x0000000800ba0000-0x0000000800ba0000), size 12189696, SharedBaseAddress: 0x0000000800000000, ArchiveRelocationMode: 0.
[0.011s][info][gc,metaspace] Compressed class space mapped at: 0x0000000800c00000-0x0000000840c00000, reserved size: 1073741824
[0.011s][info][gc,metaspace] Narrow klass base: 0x0000000800000000, Narrow klass shift: 0, Narrow klass range: 0x100000000
[0.743s][info][gc,start    ] GC(0) Pause Young (Normal) (G1 Evacuation Pause)
[0.743s][info][gc,task     ] GC(0) Using 6 workers of 10 for evacuation
[0.748s][info][gc,phases   ] GC(0)   Pre Evacuate Collection Set: 0.1ms
[0.748s][info][gc,phases   ] GC(0)   Merge Heap Roots: 0.1ms
[0.748s][info][gc,phases   ] GC(0)   Evacuate Collection Set: 4.1ms
[0.748s][info][gc,phases   ] GC(0)   Post Evacuate Collection Set: 0.6ms
[0.748s][info][gc,phases   ] GC(0)   Other: 0.3ms
[0.748s][info][gc,heap     ] GC(0) Eden regions: 23->0(26)
[0.748s][info][gc,heap     ] GC(0) Survivor regions: 0->3(3)
[0.748s][info][gc,heap     ] GC(0) Old regions: 0->4
[0.748s][info][gc,heap     ] GC(0) Archive regions: 0->0
[0.748s][info][gc,heap     ] GC(0) Humongous regions: 0->0
[0.748s][info][gc,metaspace] GC(0) Metaspace: 9380K(9600K)->9380K(9600K) NonClass: 8540K(8640K)->8540K(8640K) Class: 839K(960K)->839K(960K)
[0.748s][info][gc          ] GC(0) Pause Young (Normal) (G1 Evacuation Pause) 23M->6M(256M) 5.956ms
[0.748s][info][gc,cpu      ] GC(0) User=0.00s Sys=0.00s Real=0.01s
[1.055s][info][gc,start    ] GC(1) Pause Young (Normal) (G1 Evacuation Pause)
[1.055s][info][gc,task     ] GC(1) Using 6 workers of 10 for evacuation
[1.059s][info][gc,phases   ] GC(1)   Pre Evacuate Collection Set: 0.0ms
[1.059s][info][gc,phases   ] GC(1)   Merge Heap Roots: 0.1ms
[1.059s][info][gc,phases   ] GC(1)   Evacuate Collection Set: 4.0ms
[1.059s][info][gc,phases   ] GC(1)   Post Evacuate Collection Set: 0.3ms
[1.059s][info][gc,phases   ] GC(1)   Other: 0.1ms
[1.059s][info][gc,heap     ] GC(1) Eden regions: 21->0(44)
[1.059s][info][gc,heap     ] GC(1) Survivor regions: 3->3(3)
[1.059s][info][gc,heap     ] GC(1) Old regions: 4->10
[1.059s][info][gc,heap     ] GC(1) Archive regions: 0->0
[1.059s][info][gc,heap     ] GC(1) Humongous regions: 0->0
[1.059s][info][gc,metaspace] GC(1) Metaspace: 15194K(15424K)->15194K(15424K) NonClass: 12879K(12992K)->12879K(12992K) Class: 2315K(2432K)->2315K(2432K)
[1.059s][info][gc          ] GC(1) Pause Young (Normal) (G1 Evacuation Pause) 27M->12M(256M) 4.666ms
[1.059s][info][gc,cpu      ] GC(1) User=0.03s Sys=0.00s Real=0.00s
[1.410s][info][gc,start    ] GC(2) Pause Young (Concurrent Start) (Metadata GC Threshold)
[1.410s][info][gc,task     ] GC(2) Using 10 workers of 10 for evacuation
[1.417s][info][gc,phases   ] GC(2)   Pre Evacuate Collection Set: 0.1ms
[1.417s][info][gc,phases   ] GC(2)   Merge Heap Roots: 0.0ms
[1.417s][info][gc,phases   ] GC(2)   Evacuate Collection Set: 6.1ms
[1.417s][info][gc,phases   ] GC(2)   Post Evacuate Collection Set: 0.4ms
[1.417s][info][gc,phases   ] GC(2)   Other: 0.1ms
[1.417s][info][gc,heap     ] GC(2) Eden regions: 37->0(147)
[1.417s][info][gc,heap     ] GC(2) Survivor regions: 3->6(6)
[1.417s][info][gc,heap     ] GC(2) Old regions: 10->21
[1.417s][info][gc,heap     ] GC(2) Archive regions: 0->0
[1.417s][info][gc,heap     ] GC(2) Humongous regions: 0->0
[1.417s][info][gc,metaspace] GC(2) Metaspace: 21278K(21504K)->21278K(21504K) NonClass: 18013K(18112K)->18013K(18112K) Class: 3264K(3392K)->3264K(3392K)
[1.417s][info][gc          ] GC(2) Pause Young (Concurrent Start) (Metadata GC Threshold) 48M->26M(256M) 7.036ms
[1.417s][info][gc          ] GC(3) Concurrent Mark Cycle
[1.417s][info][gc,cpu      ] GC(2) User=0.11s Sys=0.06s Real=0.01s
[1.417s][info][gc,marking  ] GC(3) Concurrent Clear Claimed Marks
[1.417s][info][gc,marking  ] GC(3) Concurrent Clear Claimed Marks 0.039ms
[1.417s][info][gc,marking  ] GC(3) Concurrent Scan Root Regions
[1.419s][info][gc,marking  ] GC(3) Concurrent Scan Root Regions 2.074ms
[1.419s][info][gc,marking  ] GC(3) Concurrent Mark
[1.419s][info][gc,marking  ] GC(3) Concurrent Mark From Roots
[1.419s][info][gc,task     ] GC(3) Using 3 workers of 3 for marking
[1.422s][info][gc,marking  ] GC(3) Concurrent Mark From Roots 2.500ms
[1.422s][info][gc,marking  ] GC(3) Concurrent Preclean
[1.422s][info][gc,marking  ] GC(3) Concurrent Preclean 0.018ms
[1.422s][info][gc,start    ] GC(3) Pause Remark
[1.423s][info][gc          ] GC(3) Pause Remark 26M->26M(94M) 1.024ms
[1.423s][info][gc,cpu      ] GC(3) User=0.00s Sys=0.00s Real=0.00s
[1.423s][info][gc,marking  ] GC(3) Concurrent Mark 3.746ms
[1.423s][info][gc,marking  ] GC(3) Concurrent Rebuild Remembered Sets
[1.426s][info][gc,marking  ] GC(3) Concurrent Rebuild Remembered Sets 2.366ms
[1.426s][info][gc,start    ] GC(3) Pause Cleanup
[1.426s][info][gc          ] GC(3) Pause Cleanup 26M->26M(94M) 0.061ms
[1.426s][info][gc,cpu      ] GC(3) User=0.00s Sys=0.00s Real=0.00s
[1.426s][info][gc,marking  ] GC(3) Concurrent Cleanup for Next Mark
[1.427s][info][gc,marking  ] GC(3) Concurrent Cleanup for Next Mark 0.629ms
[1.427s][info][gc          ] GC(3) Concurrent Mark Cycle 9.322ms
[2.077s][info][gc,start    ] GC(4) Pause Young (Prepare Mixed) (G1 Evacuation Pause)
[2.077s][info][gc,task     ] GC(4) Using 10 workers of 10 for evacuation
[2.085s][info][gc,phases   ] GC(4)   Pre Evacuate Collection Set: 0.1ms
[2.085s][info][gc,phases   ] GC(4)   Merge Heap Roots: 0.1ms
[2.085s][info][gc,phases   ] GC(4)   Evacuate Collection Set: 7.5ms
[2.085s][info][gc,phases   ] GC(4)   Post Evacuate Collection Set: 0.5ms
[2.085s][info][gc,phases   ] GC(4)   Other: 0.1ms
[2.085s][info][gc,heap     ] GC(4) Eden regions: 67->0(1)
[2.085s][info][gc,heap     ] GC(4) Survivor regions: 6->19(20)
[2.085s][info][gc,heap     ] GC(4) Old regions: 21->21
[2.085s][info][gc,heap     ] GC(4) Archive regions: 0->0
[2.085s][info][gc,heap     ] GC(4) Humongous regions: 0->0
[2.085s][info][gc,metaspace] GC(4) Metaspace: 22514K(22720K)->22514K(22720K) NonClass: 19077K(19200K)->19077K(19200K) Class: 3436K(3520K)->3436K(3520K)
[2.085s][info][gc          ] GC(4) Pause Young (Prepare Mixed) (G1 Evacuation Pause) 93M->38M(113M) 8.359ms
[2.085s][info][gc,cpu      ] GC(4) User=0.00s Sys=0.00s Real=0.01s
[2.095s][info][gc,start    ] GC(5) Pause Young (Mixed) (G1 Evacuation Pause)
[2.095s][info][gc,task     ] GC(5) Using 10 workers of 10 for evacuation
[2.099s][info][gc,phases   ] GC(5)   Pre Evacuate Collection Set: 0.0ms
[2.099s][info][gc,phases   ] GC(5)   Merge Heap Roots: 0.0ms
[2.099s][info][gc,phases   ] GC(5)   Evacuate Collection Set: 3.7ms
[2.099s][info][gc,phases   ] GC(5)   Post Evacuate Collection Set: 0.4ms
[2.099s][info][gc,phases   ] GC(5)   Other: 0.1ms
[2.099s][info][gc,heap     ] GC(5) Eden regions: 1->0(34)
[2.099s][info][gc,heap     ] GC(5) Survivor regions: 19->2(3)
[2.099s][info][gc,heap     ] GC(5) Old regions: 21->38
[2.099s][info][gc,heap     ] GC(5) Archive regions: 0->0
[2.099s][info][gc,heap     ] GC(5) Humongous regions: 0->0
[2.099s][info][gc,metaspace] GC(5) Metaspace: 22514K(22720K)->22514K(22720K) NonClass: 19077K(19200K)->19077K(19200K) Class: 3436K(3520K)->3436K(3520K)
[2.099s][info][gc          ] GC(5) Pause Young (Mixed) (G1 Evacuation Pause) 39M->40M(113M) 4.636ms
[2.099s][info][gc,cpu      ] GC(5) User=0.00s Sys=0.00s Real=0.01s
[2.357s][info][gc,start    ] GC(6) Pause Young (Normal) (G1 Evacuation Pause)
[2.357s][info][gc,task     ] GC(6) Using 10 workers of 10 for evacuation
[2.360s][info][gc,phases   ] GC(6)   Pre Evacuate Collection Set: 0.1ms
[2.360s][info][gc,phases   ] GC(6)   Merge Heap Roots: 0.1ms
[2.360s][info][gc,phases   ] GC(6)   Evacuate Collection Set: 2.8ms
[2.360s][info][gc,phases   ] GC(6)   Post Evacuate Collection Set: 0.3ms
[2.360s][info][gc,phases   ] GC(6)   Other: 0.1ms
[2.360s][info][gc,heap     ] GC(6) Eden regions: 34->0(29)
[2.360s][info][gc,heap     ] GC(6) Survivor regions: 2->5(5)
[2.360s][info][gc,heap     ] GC(6) Old regions: 38->43
[2.360s][info][gc,heap     ] GC(6) Archive regions: 0->0
[2.360s][info][gc,heap     ] GC(6) Humongous regions: 0->0
[2.360s][info][gc,metaspace] GC(6) Metaspace: 22554K(22784K)->22554K(22784K) NonClass: 19117K(19264K)->19117K(19264K) Class: 3437K(3520K)->3437K(3520K)
[2.360s][info][gc          ] GC(6) Pause Young (Normal) (G1 Evacuation Pause) 74M->48M(113M) 3.483ms
[2.360s][info][gc,cpu      ] GC(6) User=0.00s Sys=0.00s Real=0.00s
[2.512s][info][gc,start    ] GC(7) Pause Young (Normal) (G1 Evacuation Pause)
[2.512s][info][gc,task     ] GC(7) Using 10 workers of 10 for evacuation
[2.517s][info][gc,phases   ] GC(7)   Pre Evacuate Collection Set: 0.1ms
[2.517s][info][gc,phases   ] GC(7)   Merge Heap Roots: 0.1ms
[2.517s][info][gc,phases   ] GC(7)   Evacuate Collection Set: 3.8ms
[2.517s][info][gc,phases   ] GC(7)   Post Evacuate Collection Set: 1.0ms
[2.517s][info][gc,phases   ] GC(7)   Other: 0.1ms
[2.517s][info][gc,heap     ] GC(7) Eden regions: 29->0(89)
[2.517s][info][gc,heap     ] GC(7) Survivor regions: 5->5(5)
[2.517s][info][gc,heap     ] GC(7) Old regions: 43->50
[2.517s][info][gc,heap     ] GC(7) Archive regions: 0->0
[2.517s][info][gc,heap     ] GC(7) Humongous regions: 0->0
[2.517s][info][gc,metaspace] GC(7) Metaspace: 22571K(22784K)->22571K(22784K) NonClass: 19132K(19264K)->19132K(19264K) Class: 3439K(3520K)->3439K(3520K)
[2.517s][info][gc          ] GC(7) Pause Young (Normal) (G1 Evacuation Pause) 77M->54M(226M) 5.376ms
[2.517s][info][gc,cpu      ] GC(7) User=0.00s Sys=0.00s Real=0.00s
[3.018s][info][gc,start    ] GC(8) Pause Young (Normal) (G1 Evacuation Pause)
[3.018s][info][gc,task     ] GC(8) Using 10 workers of 10 for evacuation
[3.027s][info][gc,phases   ] GC(8)   Pre Evacuate Collection Set: 0.1ms
[3.028s][info][gc,phases   ] GC(8)   Merge Heap Roots: 0.1ms
[3.028s][info][gc,phases   ] GC(8)   Evacuate Collection Set: 9.1ms
[3.028s][info][gc,phases   ] GC(8)   Post Evacuate Collection Set: 0.4ms
[3.028s][info][gc,phases   ] GC(8)   Other: 0.1ms
[3.028s][info][gc,heap     ] GC(8) Eden regions: 89->0(80)
[3.028s][info][gc,heap     ] GC(8) Survivor regions: 5->12(12)
[3.028s][info][gc,heap     ] GC(8) Old regions: 50->58
[3.028s][info][gc,heap     ] GC(8) Archive regions: 0->0
[3.028s][info][gc,heap     ] GC(8) Humongous regions: 0->0
[3.028s][info][gc,metaspace] GC(8) Metaspace: 22757K(23040K)->22757K(23040K) NonClass: 19297K(19456K)->19297K(19456K) Class: 3459K(3584K)->3459K(3584K)
[3.028s][info][gc          ] GC(8) Pause Young (Normal) (G1 Evacuation Pause) 143M->69M(226M) 9.990ms
[3.028s][info][gc,cpu      ] GC(8) User=0.16s Sys=0.00s Real=0.01s
[3.366s][info][gc,start    ] GC(9) Pause Young (Normal) (G1 Evacuation Pause)
[3.366s][info][gc,task     ] GC(9) Using 10 workers of 10 for evacuation
[3.372s][info][gc,phases   ] GC(9)   Pre Evacuate Collection Set: 0.1ms
[3.373s][info][gc,phases   ] GC(9)   Merge Heap Roots: 0.1ms
[3.373s][info][gc,phases   ] GC(9)   Evacuate Collection Set: 6.0ms
[3.373s][info][gc,phases   ] GC(9)   Post Evacuate Collection Set: 0.3ms
[3.373s][info][gc,phases   ] GC(9)   Other: 0.1ms
[3.373s][info][gc,heap     ] GC(9) Eden regions: 80->0(79)
[3.373s][info][gc,heap     ] GC(9) Survivor regions: 12->10(12)
[3.373s][info][gc,heap     ] GC(9) Old regions: 58->70
[3.373s][info][gc,heap     ] GC(9) Archive regions: 0->0
[3.373s][info][gc,heap     ] GC(9) Humongous regions: 0->0
[3.373s][info][gc,metaspace] GC(9) Metaspace: 22811K(23104K)->22811K(23104K) NonClass: 19349K(19520K)->19349K(19520K) Class: 3462K(3584K)->3462K(3584K)
[3.373s][info][gc          ] GC(9) Pause Young (Normal) (G1 Evacuation Pause) 149M->79M(226M) 6.862ms
[3.373s][info][gc,cpu      ] GC(9) User=0.16s Sys=0.00s Real=0.01s
[3.645s][info][gc,start    ] GC(10) Pause Young (Normal) (G1 Evacuation Pause)
[3.645s][info][gc,task     ] GC(10) Using 10 workers of 10 for evacuation
[3.651s][info][gc,phases   ] GC(10)   Pre Evacuate Collection Set: 0.1ms
[3.651s][info][gc,phases   ] GC(10)   Merge Heap Roots: 0.1ms
[3.651s][info][gc,phases   ] GC(10)   Evacuate Collection Set: 5.0ms
[3.651s][info][gc,phases   ] GC(10)   Post Evacuate Collection Set: 0.3ms
[3.651s][info][gc,phases   ] GC(10)   Other: 0.1ms
[3.651s][info][gc,heap     ] GC(10) Eden regions: 79->0(77)
[3.651s][info][gc,heap     ] GC(10) Survivor regions: 10->10(12)
[3.651s][info][gc,heap     ] GC(10) Old regions: 70->79
[3.651s][info][gc,heap     ] GC(10) Archive regions: 0->0
[3.651s][info][gc,heap     ] GC(10) Humongous regions: 0->0
[3.651s][info][gc,metaspace] GC(10) Metaspace: 22847K(23104K)->22847K(23104K) NonClass: 19377K(19520K)->19377K(19520K) Class: 3470K(3584K)->3470K(3584K)
[3.651s][info][gc          ] GC(10) Pause Young (Normal) (G1 Evacuation Pause) 158M->88M(226M) 5.703ms
[3.651s][info][gc,cpu      ] GC(10) User=0.19s Sys=0.00s Real=0.01s
[3.922s][info][gc,start    ] GC(11) Pause Young (Normal) (G1 Evacuation Pause)
[3.922s][info][gc,task     ] GC(11) Using 10 workers of 10 for evacuation
[3.926s][info][gc,phases   ] GC(11)   Pre Evacuate Collection Set: 0.1ms
[3.926s][info][gc,phases   ] GC(11)   Merge Heap Roots: 0.1ms
[3.926s][info][gc,phases   ] GC(11)   Evacuate Collection Set: 3.9ms
[3.926s][info][gc,phases   ] GC(11)   Post Evacuate Collection Set: 0.6ms
[3.926s][info][gc,phases   ] GC(11)   Other: 0.1ms
[3.926s][info][gc,heap     ] GC(11) Eden regions: 77->0(102)
[3.926s][info][gc,heap     ] GC(11) Survivor regions: 10->10(11)
[3.926s][info][gc,heap     ] GC(11) Old regions: 79->88
[3.926s][info][gc,heap     ] GC(11) Archive regions: 0->0
[3.926s][info][gc,heap     ] GC(11) Humongous regions: 1->1
[3.926s][info][gc,metaspace] GC(11) Metaspace: 22870K(23104K)->22870K(23104K) NonClass: 19399K(19520K)->19399K(19520K) Class: 3471K(3584K)->3471K(3584K)
[3.927s][info][gc          ] GC(11) Pause Young (Normal) (G1 Evacuation Pause) 166M->98M(272M) 4.991ms
[3.927s][info][gc,cpu      ] GC(11) User=0.00s Sys=0.00s Real=0.00s
[4.610s][info][gc,start    ] GC(12) Pause Young (Normal) (G1 Evacuation Pause)
[4.611s][info][gc,task     ] GC(12) Using 10 workers of 10 for evacuation
[4.616s][info][gc,phases   ] GC(12)   Pre Evacuate Collection Set: 0.1ms
[4.617s][info][gc,phases   ] GC(12)   Merge Heap Roots: 0.1ms
[4.617s][info][gc,phases   ] GC(12)   Evacuate Collection Set: 5.2ms
[4.617s][info][gc,phases   ] GC(12)   Post Evacuate Collection Set: 0.5ms
[4.617s][info][gc,phases   ] GC(12)   Other: 0.1ms
[4.617s][info][gc,heap     ] GC(12) Eden regions: 102->0(99)
[4.617s][info][gc,heap     ] GC(12) Survivor regions: 10->10(14)
[4.617s][info][gc,heap     ] GC(12) Old regions: 88->97
[4.617s][info][gc,heap     ] GC(12) Archive regions: 0->0
[4.617s][info][gc,heap     ] GC(12) Humongous regions: 1->1
[4.617s][info][gc,metaspace] GC(12) Metaspace: 24100K(24448K)->24100K(24448K) NonClass: 20522K(20672K)->20522K(20672K) Class: 3577K(3776K)->3577K(3776K)
[4.617s][info][gc          ] GC(12) Pause Young (Normal) (G1 Evacuation Pause) 200M->107M(272M) 6.124ms
[4.617s][info][gc,cpu      ] GC(12) User=0.00s Sys=0.00s Real=0.01s
[5.161s][info][gc,start    ] GC(13) Pause Young (Normal) (G1 Evacuation Pause)
[5.161s][info][gc,task     ] GC(13) Using 10 workers of 10 for evacuation
[5.167s][info][gc,phases   ] GC(13)   Pre Evacuate Collection Set: 0.1ms
[5.167s][info][gc,phases   ] GC(13)   Merge Heap Roots: 0.1ms
[5.167s][info][gc,phases   ] GC(13)   Evacuate Collection Set: 5.1ms
[5.167s][info][gc,phases   ] GC(13)   Post Evacuate Collection Set: 0.6ms
[5.167s][info][gc,phases   ] GC(13)   Other: 0.1ms
[5.167s][info][gc,heap     ] GC(13) Eden regions: 99->0(95)
[5.167s][info][gc,heap     ] GC(13) Survivor regions: 10->9(14)
[5.167s][info][gc,heap     ] GC(13) Old regions: 97->107
[5.167s][info][gc,heap     ] GC(13) Archive regions: 0->0
[5.167s][info][gc,heap     ] GC(13) Humongous regions: 1->1
[5.167s][info][gc,metaspace] GC(13) Metaspace: 24492K(24768K)->24492K(24768K) NonClass: 20894K(20992K)->20894K(20992K) Class: 3598K(3776K)->3598K(3776K)
[5.167s][info][gc          ] GC(13) Pause Young (Normal) (G1 Evacuation Pause) 206M->116M(272M) 6.141ms
[5.167s][info][gc,cpu      ] GC(13) User=0.19s Sys=0.00s Real=0.01s
[5.512s][info][gc,start    ] GC(14) Pause Young (Normal) (G1 Evacuation Pause)
[5.512s][info][gc,task     ] GC(14) Using 10 workers of 10 for evacuation
[5.517s][info][gc,phases   ] GC(14)   Pre Evacuate Collection Set: 0.1ms
[5.517s][info][gc,phases   ] GC(14)   Merge Heap Roots: 0.0ms
[5.517s][info][gc,phases   ] GC(14)   Evacuate Collection Set: 4.1ms
[5.517s][info][gc,phases   ] GC(14)   Post Evacuate Collection Set: 0.5ms
[5.517s][info][gc,phases   ] GC(14)   Other: 0.1ms
[5.517s][info][gc,heap     ] GC(14) Eden regions: 95->0(92)
[5.517s][info][gc,heap     ] GC(14) Survivor regions: 9->8(13)
[5.517s][info][gc,heap     ] GC(14) Old regions: 107->115
[5.517s][info][gc,heap     ] GC(14) Archive regions: 0->0
[5.517s][info][gc,heap     ] GC(14) Humongous regions: 1->1
[5.517s][info][gc,metaspace] GC(14) Metaspace: 24534K(24896K)->24534K(24896K) NonClass: 20936K(21120K)->20936K(21120K) Class: 3598K(3776K)->3598K(3776K)
[5.517s][info][gc          ] GC(14) Pause Young (Normal) (G1 Evacuation Pause) 211M->122M(272M) 5.117ms
[5.517s][info][gc,cpu      ] GC(14) User=0.00s Sys=0.00s Real=0.00s
[5.951s][info][gc,start    ] GC(15) Pause Young (Normal) (G1 Evacuation Pause)
[5.951s][info][gc,task     ] GC(15) Using 10 workers of 10 for evacuation
[5.955s][info][gc,phases   ] GC(15)   Pre Evacuate Collection Set: 0.1ms
[5.955s][info][gc,phases   ] GC(15)   Merge Heap Roots: 0.1ms
[5.955s][info][gc,phases   ] GC(15)   Evacuate Collection Set: 3.2ms
[5.955s][info][gc,phases   ] GC(15)   Post Evacuate Collection Set: 0.3ms
[5.955s][info][gc,phases   ] GC(15)   Other: 0.1ms
[5.955s][info][gc,heap     ] GC(15) Eden regions: 92->0(87)
[5.955s][info][gc,heap     ] GC(15) Survivor regions: 8->13(13)
[5.955s][info][gc,heap     ] GC(15) Old regions: 115->117
[5.955s][info][gc,heap     ] GC(15) Archive regions: 0->0
[5.955s][info][gc,heap     ] GC(15) Humongous regions: 1->1
[5.955s][info][gc,metaspace] GC(15) Metaspace: 24971K(25280K)->24971K(25280K) NonClass: 21329K(21440K)->21329K(21440K) Class: 3641K(3840K)->3641K(3840K)
[5.955s][info][gc          ] GC(15) Pause Young (Normal) (G1 Evacuation Pause) 214M->130M(272M) 3.920ms
[5.955s][info][gc,cpu      ] GC(15) User=0.00s Sys=0.00s Real=0.00s
[6.323s][info][gc,start    ] GC(16) Pause Young (Normal) (G1 Evacuation Pause)
[6.323s][info][gc,task     ] GC(16) Using 10 workers of 10 for evacuation
[6.329s][info][gc,phases   ] GC(16)   Pre Evacuate Collection Set: 0.1ms
[6.329s][info][gc,phases   ] GC(16)   Merge Heap Roots: 0.1ms
[6.329s][info][gc,phases   ] GC(16)   Evacuate Collection Set: 5.0ms
[6.329s][info][gc,phases   ] GC(16)   Post Evacuate Collection Set: 0.5ms
[6.329s][info][gc,phases   ] GC(16)   Other: 0.1ms
[6.329s][info][gc,heap     ] GC(16) Eden regions: 87->0(84)
[6.329s][info][gc,heap     ] GC(16) Survivor regions: 13->7(13)
[6.329s][info][gc,heap     ] GC(16) Old regions: 117->129
[6.329s][info][gc,heap     ] GC(16) Archive regions: 0->0
[6.329s][info][gc,heap     ] GC(16) Humongous regions: 1->1
[6.329s][info][gc,metaspace] GC(16) Metaspace: 25230K(25536K)->25230K(25536K) NonClass: 21545K(21696K)->21545K(21696K) Class: 3684K(3840K)->3684K(3840K)
[6.329s][info][gc          ] GC(16) Pause Young (Normal) (G1 Evacuation Pause) 217M->136M(272M) 5.858ms
[6.329s][info][gc,cpu      ] GC(16) User=0.00s Sys=0.00s Real=0.01s
[6.627s][info][gc,start    ] GC(17) Pause Young (Concurrent Start) (G1 Evacuation Pause)
[6.627s][info][gc,task     ] GC(17) Using 10 workers of 10 for evacuation
[6.631s][info][gc,phases   ] GC(17)   Pre Evacuate Collection Set: 0.1ms
[6.631s][info][gc,phases   ] GC(17)   Merge Heap Roots: 0.1ms
[6.631s][info][gc,phases   ] GC(17)   Evacuate Collection Set: 2.9ms
[6.631s][info][gc,phases   ] GC(17)   Post Evacuate Collection Set: 0.5ms
[6.631s][info][gc,phases   ] GC(17)   Other: 0.1ms
[6.631s][info][gc,heap     ] GC(17) Eden regions: 84->0(80)
[6.631s][info][gc,heap     ] GC(17) Survivor regions: 7->12(12)
[6.631s][info][gc,heap     ] GC(17) Old regions: 129->129
[6.631s][info][gc,heap     ] GC(17) Archive regions: 0->0
[6.631s][info][gc,heap     ] GC(17) Humongous regions: 1->1
[6.631s][info][gc,metaspace] GC(17) Metaspace: 25262K(25536K)->25262K(25536K) NonClass: 21577K(21696K)->21577K(21696K) Class: 3684K(3840K)->3684K(3840K)
[6.631s][info][gc          ] GC(17) Pause Young (Concurrent Start) (G1 Evacuation Pause) 220M->140M(272M) 3.872ms
[6.631s][info][gc          ] GC(18) Concurrent Mark Cycle
[6.631s][info][gc,cpu      ] GC(17) User=0.00s Sys=0.00s Real=0.00s
[6.631s][info][gc,marking  ] GC(18) Concurrent Clear Claimed Marks
[6.631s][info][gc,marking  ] GC(18) Concurrent Clear Claimed Marks 0.039ms
[6.631s][info][gc,marking  ] GC(18) Concurrent Scan Root Regions
[6.633s][info][gc,marking  ] GC(18) Concurrent Scan Root Regions 2.193ms
[6.633s][info][gc,marking  ] GC(18) Concurrent Mark
[6.633s][info][gc,marking  ] GC(18) Concurrent Mark From Roots
[6.633s][info][gc,task     ] GC(18) Using 3 workers of 3 for marking
[6.683s][info][gc,marking  ] GC(18) Concurrent Mark From Roots 49.499ms
[6.683s][info][gc,marking  ] GC(18) Concurrent Preclean
[6.683s][info][gc,marking  ] GC(18) Concurrent Preclean 0.058ms
[6.683s][info][gc,start    ] GC(18) Pause Remark
[6.686s][info][gc          ] GC(18) Pause Remark 146M->146M(272M) 3.244ms
[6.687s][info][gc,cpu      ] GC(18) User=0.00s Sys=0.00s Real=0.00s
[6.687s][info][gc,marking  ] GC(18) Concurrent Mark 53.666ms
[6.687s][info][gc,marking  ] GC(18) Concurrent Rebuild Remembered Sets
[6.714s][info][gc,marking  ] GC(18) Concurrent Rebuild Remembered Sets 27.241ms
[6.715s][info][gc,start    ] GC(18) Pause Cleanup
[6.715s][info][gc          ] GC(18) Pause Cleanup 148M->148M(272M) 0.212ms
[6.715s][info][gc,cpu      ] GC(18) User=0.00s Sys=0.00s Real=0.00s
[6.715s][info][gc,marking  ] GC(18) Concurrent Cleanup for Next Mark
[6.717s][info][gc,marking  ] GC(18) Concurrent Cleanup for Next Mark 1.924ms
[6.717s][info][gc          ] GC(18) Concurrent Mark Cycle 85.709ms
[7.091s][info][gc,start    ] GC(19) Pause Young (Prepare Mixed) (G1 Evacuation Pause)
[7.091s][info][gc,task     ] GC(19) Using 10 workers of 10 for evacuation
[7.095s][info][gc,phases   ] GC(19)   Pre Evacuate Collection Set: 0.1ms
[7.095s][info][gc,phases   ] GC(19)   Merge Heap Roots: 0.1ms
[7.095s][info][gc,phases   ] GC(19)   Evacuate Collection Set: 3.6ms
[7.095s][info][gc,phases   ] GC(19)   Post Evacuate Collection Set: 0.4ms
[7.095s][info][gc,phases   ] GC(19)   Other: 0.1ms
[7.095s][info][gc,heap     ] GC(19) Eden regions: 80->0(6)
[7.095s][info][gc,heap     ] GC(19) Survivor regions: 12->7(12)
[7.095s][info][gc,heap     ] GC(19) Old regions: 129->139
[7.095s][info][gc,heap     ] GC(19) Archive regions: 0->0
[7.095s][info][gc,heap     ] GC(19) Humongous regions: 1->1
[7.095s][info][gc,metaspace] GC(19) Metaspace: 25725K(26048K)->25725K(26048K) NonClass: 21992K(22144K)->21992K(22144K) Class: 3732K(3904K)->3732K(3904K)
[7.095s][info][gc          ] GC(19) Pause Young (Prepare Mixed) (G1 Evacuation Pause) 220M->146M(272M) 4.345ms
[7.095s][info][gc,cpu      ] GC(19) User=0.00s Sys=0.00s Real=0.00s
[7.131s][info][gc,start    ] GC(20) Pause Young (Mixed) (G1 Evacuation Pause)
[7.131s][info][gc,task     ] GC(20) Using 10 workers of 10 for evacuation
[7.133s][info][gc,phases   ] GC(20)   Pre Evacuate Collection Set: 0.1ms
[7.133s][info][gc,phases   ] GC(20)   Merge Heap Roots: 0.1ms
[7.133s][info][gc,phases   ] GC(20)   Evacuate Collection Set: 1.4ms
[7.133s][info][gc,phases   ] GC(20)   Post Evacuate Collection Set: 0.3ms
[7.133s][info][gc,phases   ] GC(20)   Other: 0.1ms
[7.133s][info][gc,heap     ] GC(20) Eden regions: 6->0(79)
[7.133s][info][gc,heap     ] GC(20) Survivor regions: 7->2(2)
[7.133s][info][gc,heap     ] GC(20) Old regions: 139->142
[7.133s][info][gc,heap     ] GC(20) Archive regions: 0->0
[7.133s][info][gc,heap     ] GC(20) Humongous regions: 1->1
[7.133s][info][gc,metaspace] GC(20) Metaspace: 25763K(26048K)->25763K(26048K) NonClass: 22018K(22144K)->22018K(22144K) Class: 3745K(3904K)->3745K(3904K)
[7.133s][info][gc          ] GC(20) Pause Young (Mixed) (G1 Evacuation Pause) 152M->144M(272M) 2.126ms
[7.133s][info][gc,cpu      ] GC(20) User=0.05s Sys=0.05s Real=0.00s
[7.617s][info][gc,start    ] GC(21) Pause Young (Concurrent Start) (G1 Evacuation Pause)
[7.617s][info][gc,task     ] GC(21) Using 10 workers of 10 for evacuation
[7.619s][info][gc,phases   ] GC(21)   Pre Evacuate Collection Set: 0.1ms
[7.619s][info][gc,phases   ] GC(21)   Merge Heap Roots: 0.1ms
[7.619s][info][gc,phases   ] GC(21)   Evacuate Collection Set: 1.9ms
[7.619s][info][gc,phases   ] GC(21)   Post Evacuate Collection Set: 0.3ms
[7.619s][info][gc,phases   ] GC(21)   Other: 0.1ms
[7.619s][info][gc,heap     ] GC(21) Eden regions: 79->0(74)
[7.619s][info][gc,heap     ] GC(21) Survivor regions: 2->7(11)
[7.619s][info][gc,heap     ] GC(21) Old regions: 142->142
[7.619s][info][gc,heap     ] GC(21) Archive regions: 0->0
[7.619s][info][gc,heap     ] GC(21) Humongous regions: 1->1
[7.619s][info][gc,metaspace] GC(21) Metaspace: 26329K(26624K)->26329K(26624K) NonClass: 22476K(22592K)->22476K(22592K) Class: 3853K(4032K)->3853K(4032K)
[7.619s][info][gc          ] GC(21) Pause Young (Concurrent Start) (G1 Evacuation Pause) 223M->149M(272M) 2.679ms
[7.619s][info][gc          ] GC(22) Concurrent Mark Cycle
[7.619s][info][gc,cpu      ] GC(21) User=0.17s Sys=0.00s Real=0.00s
[7.619s][info][gc,marking  ] GC(22) Concurrent Clear Claimed Marks
[7.619s][info][gc,marking  ] GC(22) Concurrent Clear Claimed Marks 0.112ms
[7.619s][info][gc,marking  ] GC(22) Concurrent Scan Root Regions
[7.622s][info][gc,marking  ] GC(22) Concurrent Scan Root Regions 2.305ms
[7.622s][info][gc,marking  ] GC(22) Concurrent Mark
[7.622s][info][gc,marking  ] GC(22) Concurrent Mark From Roots
[7.622s][info][gc,task     ] GC(22) Using 3 workers of 3 for marking
[7.672s][info][gc,marking  ] GC(22) Concurrent Mark From Roots 49.918ms
[7.672s][info][gc,marking  ] GC(22) Concurrent Preclean
[7.672s][info][gc,marking  ] GC(22) Concurrent Preclean 0.033ms
[7.672s][info][gc,start    ] GC(22) Pause Remark
[7.674s][info][gc          ] GC(22) Pause Remark 161M->161M(272M) 1.890ms
[7.674s][info][gc,cpu      ] GC(22) User=0.00s Sys=0.00s Real=0.00s
[7.674s][info][gc,marking  ] GC(22) Concurrent Mark 52.052ms
[7.674s][info][gc,marking  ] GC(22) Concurrent Rebuild Remembered Sets
[7.700s][info][gc,marking  ] GC(22) Concurrent Rebuild Remembered Sets 25.580ms
[7.700s][info][gc,start    ] GC(22) Pause Cleanup
[7.700s][info][gc          ] GC(22) Pause Cleanup 164M->164M(272M) 0.156ms
[7.700s][info][gc,cpu      ] GC(22) User=0.00s Sys=0.00s Real=0.00s
[7.700s][info][gc,marking  ] GC(22) Concurrent Cleanup for Next Mark
[7.701s][info][gc,marking  ] GC(22) Concurrent Cleanup for Next Mark 0.724ms
[7.701s][info][gc          ] GC(22) Concurrent Mark Cycle 81.259ms
[8.055s][info][gc,start    ] GC(23) Pause Young (Prepare Mixed) (G1 Evacuation Pause)
[8.055s][info][gc,task     ] GC(23) Using 10 workers of 10 for evacuation
[8.062s][info][gc,phases   ] GC(23)   Pre Evacuate Collection Set: 0.1ms
[8.062s][info][gc,phases   ] GC(23)   Merge Heap Roots: 0.1ms
[8.062s][info][gc,phases   ] GC(23)   Evacuate Collection Set: 6.3ms
[8.062s][info][gc,phases   ] GC(23)   Post Evacuate Collection Set: 0.4ms
[8.062s][info][gc,phases   ] GC(23)   Other: 0.1ms
[8.062s][info][gc,heap     ] GC(23) Eden regions: 74->0(2)
[8.062s][info][gc,heap     ] GC(23) Survivor regions: 7->11(11)
[8.062s][info][gc,heap     ] GC(23) Old regions: 142->155
[8.062s][info][gc,heap     ] GC(23) Archive regions: 0->0
[8.062s][info][gc,heap     ] GC(23) Humongous regions: 1->1
[8.062s][info][gc,metaspace] GC(23) Metaspace: 26534K(26816K)->26534K(26816K) NonClass: 22661K(22784K)->22661K(22784K) Class: 3872K(4032K)->3872K(4032K)
[8.062s][info][gc          ] GC(23) Pause Young (Prepare Mixed) (G1 Evacuation Pause) 223M->166M(272M) 7.108ms
[8.062s][info][gc,cpu      ] GC(23) User=0.00s Sys=0.00s Real=0.01s
[8.070s][info][gc,start    ] GC(24) Pause Young (Mixed) (G1 Evacuation Pause)
[8.070s][info][gc,task     ] GC(24) Using 10 workers of 10 for evacuation
[8.074s][info][gc,phases   ] GC(24)   Pre Evacuate Collection Set: 0.1ms
[8.074s][info][gc,phases   ] GC(24)   Merge Heap Roots: 0.1ms
[8.074s][info][gc,phases   ] GC(24)   Evacuate Collection Set: 3.3ms
[8.074s][info][gc,phases   ] GC(24)   Post Evacuate Collection Set: 0.2ms
[8.074s][info][gc,phases   ] GC(24)   Other: 0.1ms
[8.074s][info][gc,heap     ] GC(24) Eden regions: 2->0(59)
[8.074s][info][gc,heap     ] GC(24) Survivor regions: 11->2(2)
[8.074s][info][gc,heap     ] GC(24) Old regions: 155->165
[8.074s][info][gc,heap     ] GC(24) Archive regions: 0->0
[8.074s][info][gc,heap     ] GC(24) Humongous regions: 1->1
[8.074s][info][gc,metaspace] GC(24) Metaspace: 26534K(26816K)->26534K(26816K) NonClass: 22661K(22784K)->22661K(22784K) Class: 3872K(4032K)->3872K(4032K)
[8.074s][info][gc          ] GC(24) Pause Young (Mixed) (G1 Evacuation Pause) 168M->167M(272M) 3.874ms
[8.074s][info][gc,cpu      ] GC(24) User=0.16s Sys=0.00s Real=0.00s
[8.312s][info][gc,start    ] GC(25) Pause Young (Concurrent Start) (G1 Evacuation Pause)
[8.313s][info][gc,task     ] GC(25) Using 10 workers of 10 for evacuation
[8.315s][info][gc,phases   ] GC(25)   Pre Evacuate Collection Set: 0.1ms
[8.315s][info][gc,phases   ] GC(25)   Merge Heap Roots: 0.0ms
[8.315s][info][gc,phases   ] GC(25)   Evacuate Collection Set: 1.9ms
[8.315s][info][gc,phases   ] GC(25)   Post Evacuate Collection Set: 0.2ms
[8.315s][info][gc,phases   ] GC(25)   Other: 0.1ms
[8.315s][info][gc,heap     ] GC(25) Eden regions: 59->0(53)
[8.315s][info][gc,heap     ] GC(25) Survivor regions: 2->8(8)
[8.315s][info][gc,heap     ] GC(25) Old regions: 165->165
[8.315s][info][gc,heap     ] GC(25) Archive regions: 0->0
[8.315s][info][gc,heap     ] GC(25) Humongous regions: 1->1
[8.315s][info][gc,metaspace] GC(25) Metaspace: 26541K(26816K)->26541K(26816K) NonClass: 22669K(22784K)->22669K(22784K) Class: 3872K(4032K)->3872K(4032K)
[8.315s][info][gc          ] GC(25) Pause Young (Concurrent Start) (G1 Evacuation Pause) 226M->172M(272M) 2.525ms
[8.315s][info][gc          ] GC(26) Concurrent Mark Cycle
[8.315s][info][gc,cpu      ] GC(25) User=0.00s Sys=0.00s Real=0.00s
[8.315s][info][gc,marking  ] GC(26) Concurrent Clear Claimed Marks
[8.315s][info][gc,marking  ] GC(26) Concurrent Clear Claimed Marks 0.038ms
[8.315s][info][gc,marking  ] GC(26) Concurrent Scan Root Regions
[8.317s][info][gc,marking  ] GC(26) Concurrent Scan Root Regions 1.564ms
[8.317s][info][gc,marking  ] GC(26) Concurrent Mark
[8.317s][info][gc,marking  ] GC(26) Concurrent Mark From Roots
[8.317s][info][gc,task     ] GC(26) Using 3 workers of 3 for marking
[8.370s][info][gc,marking  ] GC(26) Concurrent Mark From Roots 53.322ms
[8.370s][info][gc,marking  ] GC(26) Concurrent Preclean
[8.370s][info][gc,marking  ] GC(26) Concurrent Preclean 0.032ms
[8.370s][info][gc,start    ] GC(26) Pause Remark
[8.373s][info][gc          ] GC(26) Pause Remark 184M->184M(310M) 2.406ms
[8.373s][info][gc,cpu      ] GC(26) User=0.00s Sys=0.00s Real=0.00s
[8.373s][info][gc,marking  ] GC(26) Concurrent Mark 55.961ms
[8.373s][info][gc,marking  ] GC(26) Concurrent Rebuild Remembered Sets
[8.402s][info][gc,marking  ] GC(26) Concurrent Rebuild Remembered Sets 28.922ms
[8.402s][info][gc,start    ] GC(26) Pause Cleanup
[8.402s][info][gc          ] GC(26) Pause Cleanup 191M->191M(310M) 0.187ms
[8.402s][info][gc,cpu      ] GC(26) User=0.00s Sys=0.00s Real=0.00s
[8.402s][info][gc,marking  ] GC(26) Concurrent Cleanup for Next Mark
[8.402s][info][gc,marking  ] GC(26) Concurrent Cleanup for Next Mark 0.341ms
[8.402s][info][gc          ] GC(26) Concurrent Mark Cycle 87.329ms
[8.644s][info][gc,start    ] GC(27) Pause Young (Prepare Mixed) (G1 Evacuation Pause)
[8.644s][info][gc,task     ] GC(27) Using 10 workers of 10 for evacuation
[8.648s][info][gc,phases   ] GC(27)   Pre Evacuate Collection Set: 0.1ms
[8.648s][info][gc,phases   ] GC(27)   Merge Heap Roots: 0.1ms
[8.648s][info][gc,phases   ] GC(27)   Evacuate Collection Set: 3.8ms
[8.648s][info][gc,phases   ] GC(27)   Post Evacuate Collection Set: 0.3ms
[8.648s][info][gc,phases   ] GC(27)   Other: 0.1ms
[8.648s][info][gc,heap     ] GC(27) Eden regions: 53->0(7)
[8.648s][info][gc,heap     ] GC(27) Survivor regions: 8->8(8)
[8.648s][info][gc,heap     ] GC(27) Old regions: 165->172
[8.648s][info][gc,heap     ] GC(27) Archive regions: 0->0
[8.648s][info][gc,heap     ] GC(27) Humongous regions: 1->1
[8.648s][info][gc,metaspace] GC(27) Metaspace: 27063K(27392K)->27063K(27392K) NonClass: 23134K(23296K)->23134K(23296K) Class: 3929K(4096K)->3929K(4096K)
[8.648s][info][gc          ] GC(27) Pause Young (Prepare Mixed) (G1 Evacuation Pause) 225M->180M(310M) 4.424ms
[8.648s][info][gc,cpu      ] GC(27) User=0.00s Sys=0.00s Real=0.00s
[8.665s][info][gc,start    ] GC(28) Pause Young (Mixed) (G1 Evacuation Pause)
[8.665s][info][gc,task     ] GC(28) Using 10 workers of 10 for evacuation
[8.669s][info][gc,phases   ] GC(28)   Pre Evacuate Collection Set: 0.1ms
[8.669s][info][gc,phases   ] GC(28)   Merge Heap Roots: 0.1ms
[8.669s][info][gc,phases   ] GC(28)   Evacuate Collection Set: 3.3ms
[8.669s][info][gc,phases   ] GC(28)   Post Evacuate Collection Set: 0.3ms
[8.669s][info][gc,phases   ] GC(28)   Other: 0.1ms
[8.669s][info][gc,heap     ] GC(28) Eden regions: 7->0(66)
[8.669s][info][gc,heap     ] GC(28) Survivor regions: 8->2(2)
[8.669s][info][gc,heap     ] GC(28) Old regions: 172->181
[8.669s][info][gc,heap     ] GC(28) Archive regions: 0->0
[8.669s][info][gc,heap     ] GC(28) Humongous regions: 1->1
[8.669s][info][gc,metaspace] GC(28) Metaspace: 27125K(27456K)->27125K(27456K) NonClass: 23192K(23360K)->23192K(23360K) Class: 3933K(4096K)->3933K(4096K)
[8.669s][info][gc          ] GC(28) Pause Young (Mixed) (G1 Evacuation Pause) 187M->183M(310M) 4.010ms
[8.669s][info][gc,cpu      ] GC(28) User=0.00s Sys=0.00s Real=0.00s
[8.746s][info][gc,start    ] GC(29) Pause Young (Normal) (G1 Evacuation Pause)
[8.746s][info][gc,task     ] GC(29) Using 10 workers of 10 for evacuation
[8.762s][info][gc,phases   ] GC(29)   Pre Evacuate Collection Set: 0.1ms
[8.762s][info][gc,phases   ] GC(29)   Merge Heap Roots: 0.1ms
[8.762s][info][gc,phases   ] GC(29)   Evacuate Collection Set: 15.5ms
[8.762s][info][gc,phases   ] GC(29)   Post Evacuate Collection Set: 0.4ms
[8.762s][info][gc,phases   ] GC(29)   Other: 0.1ms
[8.762s][info][gc,heap     ] GC(29) Eden regions: 66->0(18)
[8.762s][info][gc,heap     ] GC(29) Survivor regions: 2->9(9)
[8.762s][info][gc,heap     ] GC(29) Old regions: 181->226
[8.762s][info][gc,heap     ] GC(29) Archive regions: 0->0
[8.762s][info][gc,heap     ] GC(29) Humongous regions: 1->1
[8.762s][info][gc,metaspace] GC(29) Metaspace: 27162K(27456K)->27162K(27456K) NonClass: 23227K(23360K)->23227K(23360K) Class: 3934K(4096K)->3934K(4096K)
[8.762s][info][gc          ] GC(29) Pause Young (Normal) (G1 Evacuation Pause) 249M->235M(310M) 16.413ms
[8.762s][info][gc,cpu      ] GC(29) User=0.16s Sys=0.00s Real=0.02s
[8.779s][info][gc,start    ] GC(30) Pause Young (Normal) (G1 Evacuation Pause)
[8.779s][info][gc,task     ] GC(30) Using 10 workers of 10 for evacuation
[8.792s][info][gc,phases   ] GC(30)   Pre Evacuate Collection Set: 0.1ms
[8.792s][info][gc,phases   ] GC(30)   Merge Heap Roots: 0.3ms
[8.792s][info][gc,phases   ] GC(30)   Evacuate Collection Set: 10.3ms
[8.792s][info][gc,phases   ] GC(30)   Post Evacuate Collection Set: 2.4ms
[8.792s][info][gc,phases   ] GC(30)   Other: 0.1ms
[8.792s][info][gc,heap     ] GC(30) Eden regions: 18->0(156)
[8.792s][info][gc,heap     ] GC(30) Survivor regions: 9->4(4)
[8.792s][info][gc,heap     ] GC(30) Old regions: 226->248
[8.792s][info][gc,heap     ] GC(30) Archive regions: 0->0
[8.792s][info][gc,heap     ] GC(30) Humongous regions: 1->1
[8.792s][info][gc,metaspace] GC(30) Metaspace: 27162K(27456K)->27162K(27456K) NonClass: 23227K(23360K)->23227K(23360K) Class: 3934K(4096K)->3934K(4096K)
[8.792s][info][gc          ] GC(30) Pause Young (Normal) (G1 Evacuation Pause) 253M->253M(697M) 13.350ms
[8.792s][info][gc,cpu      ] GC(30) User=0.16s Sys=0.00s Real=0.01s
[8.926s][info][gc,start    ] GC(31) Pause Young (Normal) (G1 Evacuation Pause)
[8.926s][info][gc,task     ] GC(31) Using 10 workers of 10 for evacuation
[8.975s][info][gc,phases   ] GC(31)   Pre Evacuate Collection Set: 0.1ms
[8.975s][info][gc,phases   ] GC(31)   Merge Heap Roots: 0.1ms
[8.975s][info][gc,phases   ] GC(31)   Evacuate Collection Set: 48.8ms
[8.975s][info][gc,phases   ] GC(31)   Post Evacuate Collection Set: 0.5ms
[8.975s][info][gc,phases   ] GC(31)   Other: 0.1ms
[8.975s][info][gc,heap     ] GC(31) Eden regions: 156->0(76)
[8.975s][info][gc,heap     ] GC(31) Survivor regions: 4->20(20)
[8.975s][info][gc,heap     ] GC(31) Old regions: 248->389
[8.975s][info][gc,heap     ] GC(31) Archive regions: 0->0
[8.975s][info][gc,heap     ] GC(31) Humongous regions: 1->1
[8.975s][info][gc,metaspace] GC(31) Metaspace: 27162K(27456K)->27162K(27456K) NonClass: 23227K(23360K)->23227K(23360K) Class: 3934K(4096K)->3934K(4096K)
[8.975s][info][gc          ] GC(31) Pause Young (Normal) (G1 Evacuation Pause) 409M->409M(697M) 49.854ms
[8.976s][info][gc,cpu      ] GC(31) User=0.39s Sys=0.08s Real=0.05s
[9.014s][info][gc,start    ] GC(32) Pause Young (Concurrent Start) (G1 Evacuation Pause)
[9.014s][info][gc,task     ] GC(32) Using 10 workers of 10 for evacuation
[9.047s][info][gc,phases   ] GC(32)   Pre Evacuate Collection Set: 0.2ms
[9.047s][info][gc,phases   ] GC(32)   Merge Heap Roots: 0.1ms
[9.047s][info][gc,phases   ] GC(32)   Evacuate Collection Set: 32.7ms
[9.047s][info][gc,phases   ] GC(32)   Post Evacuate Collection Set: 0.6ms
[9.047s][info][gc,phases   ] GC(32)   Other: 0.1ms
[9.047s][info][gc,heap     ] GC(32) Eden regions: 76->0(45)
[9.047s][info][gc,heap     ] GC(32) Survivor regions: 20->12(12)
[9.047s][info][gc,heap     ] GC(32) Old regions: 389->474
[9.047s][info][gc,heap     ] GC(32) Archive regions: 0->0
[9.047s][info][gc,heap     ] GC(32) Humongous regions: 1->1
[9.047s][info][gc,metaspace] GC(32) Metaspace: 27162K(27456K)->27162K(27456K) NonClass: 23227K(23360K)->23227K(23360K) Class: 3934K(4096K)->3934K(4096K)
[9.047s][info][gc          ] GC(32) Pause Young (Concurrent Start) (G1 Evacuation Pause) 485M->487M(697M) 33.918ms
[9.047s][info][gc          ] GC(33) Concurrent Mark Cycle
[9.047s][info][gc,cpu      ] GC(32) User=0.14s Sys=0.14s Real=0.04s
[9.048s][info][gc,marking  ] GC(33) Concurrent Clear Claimed Marks
[9.048s][info][gc,marking  ] GC(33) Concurrent Clear Claimed Marks 0.064ms
[9.048s][info][gc,marking  ] GC(33) Concurrent Scan Root Regions
[9.065s][info][gc,marking  ] GC(33) Concurrent Scan Root Regions 17.091ms
[9.065s][info][gc,marking  ] GC(33) Concurrent Mark
[9.065s][info][gc,marking  ] GC(33) Concurrent Mark From Roots
[9.065s][info][gc,task     ] GC(33) Using 3 workers of 3 for marking
[9.255s][info][gc,marking  ] GC(33) Concurrent Mark From Roots 190.129ms
[9.255s][info][gc,marking  ] GC(33) Concurrent Preclean
[9.255s][info][gc,marking  ] GC(33) Concurrent Preclean 0.037ms
[9.255s][info][gc,start    ] GC(33) Pause Remark
[9.259s][info][gc          ] GC(33) Pause Remark 524M->524M(875M) 3.884ms
[9.259s][info][gc,cpu      ] GC(33) User=0.02s Sys=0.02s Real=0.00s
[9.259s][info][gc,marking  ] GC(33) Concurrent Mark 194.285ms
[9.259s][info][gc,marking  ] GC(33) Concurrent Rebuild Remembered Sets
[9.347s][info][gc,start    ] GC(34) Pause Young (Normal) (G1 Evacuation Pause)
[9.348s][info][gc,task     ] GC(34) Using 10 workers of 10 for evacuation
[9.361s][info][gc,phases   ] GC(34)   Pre Evacuate Collection Set: 0.1ms
[9.361s][info][gc,phases   ] GC(34)   Merge Heap Roots: 0.2ms
[9.361s][info][gc,phases   ] GC(34)   Evacuate Collection Set: 12.0ms
[9.361s][info][gc,phases   ] GC(34)   Post Evacuate Collection Set: 0.7ms
[9.361s][info][gc,phases   ] GC(34)   Other: 0.1ms
[9.361s][info][gc,heap     ] GC(34) Eden regions: 45->0(93)
[9.361s][info][gc,heap     ] GC(34) Survivor regions: 12->8(8)
[9.361s][info][gc,heap     ] GC(34) Old regions: 474->501
[9.361s][info][gc,heap     ] GC(34) Archive regions: 0->0
[9.361s][info][gc,heap     ] GC(34) Humongous regions: 1->1
[9.361s][info][gc,metaspace] GC(34) Metaspace: 27480K(27840K)->27480K(27840K) NonClass: 23517K(23680K)->23517K(23680K) Class: 3963K(4160K)->3963K(4160K)
[9.361s][info][gc          ] GC(34) Pause Young (Normal) (G1 Evacuation Pause) 532M->510M(875M) 13.389ms
[9.361s][info][gc,cpu      ] GC(34) User=0.12s Sys=0.05s Real=0.01s
[9.457s][info][gc,marking  ] GC(33) Concurrent Rebuild Remembered Sets 197.798ms
[9.457s][info][gc,start    ] GC(33) Pause Cleanup
[9.457s][info][gc          ] GC(33) Pause Cleanup 515M->515M(875M) 0.234ms
[9.457s][info][gc,cpu      ] GC(33) User=0.00s Sys=0.00s Real=0.00s
[9.457s][info][gc,marking  ] GC(33) Concurrent Cleanup for Next Mark
[9.459s][info][gc,marking  ] GC(33) Concurrent Cleanup for Next Mark 2.036ms
[9.459s][info][gc          ] GC(33) Concurrent Mark Cycle 411.874ms
[9.961s][info][gc,start    ] GC(35) Pause Young (Prepare Mixed) (G1 Evacuation Pause)
[9.961s][info][gc,task     ] GC(35) Using 10 workers of 10 for evacuation
[9.973s][info][gc,phases   ] GC(35)   Pre Evacuate Collection Set: 0.1ms
[9.973s][info][gc,phases   ] GC(35)   Merge Heap Roots: 0.2ms
[9.973s][info][gc,phases   ] GC(35)   Evacuate Collection Set: 11.6ms
[9.973s][info][gc,phases   ] GC(35)   Post Evacuate Collection Set: 0.4ms
[9.973s][info][gc,phases   ] GC(35)   Other: 0.1ms
[9.973s][info][gc,heap     ] GC(35) Eden regions: 93->0(30)
[9.973s][info][gc,heap     ] GC(35) Survivor regions: 8->13(13)
[9.973s][info][gc,heap     ] GC(35) Old regions: 501->520
[9.973s][info][gc,heap     ] GC(35) Archive regions: 0->0
[9.973s][info][gc,heap     ] GC(35) Humongous regions: 1->1
[9.973s][info][gc,metaspace] GC(35) Metaspace: 28791K(29120K)->28791K(29120K) NonClass: 24676K(24832K)->24676K(24832K) Class: 4115K(4288K)->4115K(4288K)
[9.973s][info][gc          ] GC(35) Pause Young (Prepare Mixed) (G1 Evacuation Pause) 603M->533M(875M) 12.405ms
[9.973s][info][gc,cpu      ] GC(35) User=0.00s Sys=0.00s Real=0.01s
[10.098s][info][gc,start    ] GC(36) Pause Young (Mixed) (G1 Evacuation Pause)
[10.098s][info][gc,task     ] GC(36) Using 10 workers of 10 for evacuation
[10.103s][info][gc,phases   ] GC(36)   Pre Evacuate Collection Set: 0.1ms
[10.103s][info][gc,phases   ] GC(36)   Merge Heap Roots: 0.1ms
[10.103s][info][gc,phases   ] GC(36)   Evacuate Collection Set: 3.7ms
[10.103s][info][gc,phases   ] GC(36)   Post Evacuate Collection Set: 0.3ms
[10.103s][info][gc,phases   ] GC(36)   Other: 0.1ms
[10.103s][info][gc,heap     ] GC(36) Eden regions: 30->0(96)
[10.103s][info][gc,heap     ] GC(36) Survivor regions: 13->6(6)
[10.103s][info][gc,heap     ] GC(36) Old regions: 520->531
[10.103s][info][gc,heap     ] GC(36) Archive regions: 0->0
[10.103s][info][gc,heap     ] GC(36) Humongous regions: 1->1
[10.103s][info][gc,metaspace] GC(36) Metaspace: 28849K(29184K)->28849K(29184K) NonClass: 24734K(24896K)->24734K(24896K) Class: 4115K(4288K)->4115K(4288K)
[10.103s][info][gc          ] GC(36) Pause Young (Mixed) (G1 Evacuation Pause) 563M->537M(875M) 4.450ms
[10.103s][info][gc,cpu      ] GC(36) User=0.16s Sys=0.00s Real=0.01s
[10.604s][info][gc,start    ] GC(37) Pause Young (Concurrent Start) (G1 Evacuation Pause)
[10.604s][info][gc,task     ] GC(37) Using 10 workers of 10 for evacuation
[10.613s][info][gc,phases   ] GC(37)   Pre Evacuate Collection Set: 0.1ms
[10.613s][info][gc,phases   ] GC(37)   Merge Heap Roots: 0.1ms
[10.613s][info][gc,phases   ] GC(37)   Evacuate Collection Set: 8.3ms
[10.613s][info][gc,phases   ] GC(37)   Post Evacuate Collection Set: 0.6ms
[10.613s][info][gc,phases   ] GC(37)   Other: 0.1ms
[10.613s][info][gc,heap     ] GC(37) Eden regions: 96->0(90)
[10.613s][info][gc,heap     ] GC(37) Survivor regions: 6->13(13)
[10.613s][info][gc,heap     ] GC(37) Old regions: 531->553
[10.613s][info][gc,heap     ] GC(37) Archive regions: 0->0
[10.613s][info][gc,heap     ] GC(37) Humongous regions: 1->1
[10.613s][info][gc,metaspace] GC(37) Metaspace: 30547K(30848K)->30547K(30848K) NonClass: 26269K(26432K)->26269K(26432K) Class: 4277K(4416K)->4277K(4416K)
[10.613s][info][gc          ] GC(37) Pause Young (Concurrent Start) (G1 Evacuation Pause) 633M->566M(875M) 9.521ms
[10.613s][info][gc          ] GC(38) Concurrent Mark Cycle
[10.613s][info][gc,cpu      ] GC(37) User=0.00s Sys=0.00s Real=0.01s
[10.613s][info][gc,marking  ] GC(38) Concurrent Clear Claimed Marks
[10.613s][info][gc,marking  ] GC(38) Concurrent Clear Claimed Marks 0.054ms
[10.613s][info][gc,marking  ] GC(38) Concurrent Scan Root Regions
[10.620s][info][gc,marking  ] GC(38) Concurrent Scan Root Regions 6.462ms
[10.620s][info][gc,marking  ] GC(38) Concurrent Mark
[10.620s][info][gc,marking  ] GC(38) Concurrent Mark From Roots
[10.620s][info][gc,task     ] GC(38) Using 3 workers of 3 for marking
[10.764s][info][gc,start    ] GC(39) Pause Young (Normal) (G1 Evacuation Pause)
[10.764s][info][gc,task     ] GC(39) Using 10 workers of 10 for evacuation
[10.768s][info][gc,phases   ] GC(39)   Pre Evacuate Collection Set: 0.1ms
[10.768s][info][gc,phases   ] GC(39)   Merge Heap Roots: 0.1ms
[10.768s][info][gc,phases   ] GC(39)   Evacuate Collection Set: 3.2ms
[10.768s][info][gc,phases   ] GC(39)   Post Evacuate Collection Set: 0.3ms
[10.768s][info][gc,phases   ] GC(39)   Other: 0.1ms
[10.768s][info][gc,heap     ] GC(39) Eden regions: 90->0(100)
[10.768s][info][gc,heap     ] GC(39) Survivor regions: 13->2(13)
[10.768s][info][gc,heap     ] GC(39) Old regions: 553->567
[10.768s][info][gc,heap     ] GC(39) Archive regions: 0->0
[10.768s][info][gc,heap     ] GC(39) Humongous regions: 1->1
[10.768s][info][gc,metaspace] GC(39) Metaspace: 30634K(30976K)->30634K(30976K) NonClass: 26349K(26496K)->26349K(26496K) Class: 4284K(4480K)->4284K(4480K)
[10.768s][info][gc          ] GC(39) Pause Young (Normal) (G1 Evacuation Pause) 656M->569M(875M) 3.908ms
[10.768s][info][gc,cpu      ] GC(39) User=0.00s Sys=0.00s Real=0.00s
[10.854s][info][gc,marking  ] GC(38) Concurrent Mark From Roots 234.607ms
[10.854s][info][gc,marking  ] GC(38) Concurrent Preclean
[10.854s][info][gc,marking  ] GC(38) Concurrent Preclean 0.043ms
[10.854s][info][gc,start    ] GC(38) Pause Remark
[10.858s][info][gc          ] GC(38) Pause Remark 634M->634M(1059M) 3.189ms
[10.858s][info][gc,cpu      ] GC(38) User=0.00s Sys=0.00s Real=0.00s
[10.858s][info][gc,marking  ] GC(38) Concurrent Mark 238.091ms
[10.858s][info][gc,marking  ] GC(38) Concurrent Rebuild Remembered Sets
[10.914s][info][gc,start    ] GC(40) Pause Young (Normal) (G1 Evacuation Pause)
[10.914s][info][gc,task     ] GC(40) Using 10 workers of 10 for evacuation
[10.915s][info][gc,phases   ] GC(40)   Pre Evacuate Collection Set: 0.1ms
[10.915s][info][gc,phases   ] GC(40)   Merge Heap Roots: 0.0ms
[10.915s][info][gc,phases   ] GC(40)   Evacuate Collection Set: 0.6ms
[10.915s][info][gc,phases   ] GC(40)   Post Evacuate Collection Set: 0.2ms
[10.915s][info][gc,phases   ] GC(40)   Other: 0.1ms
[10.915s][info][gc,heap     ] GC(40) Eden regions: 100->0(171)
[10.915s][info][gc,heap     ] GC(40) Survivor regions: 2->3(13)
[10.915s][info][gc,heap     ] GC(40) Old regions: 567->567
[10.915s][info][gc,heap     ] GC(40) Archive regions: 0->0
[10.915s][info][gc,heap     ] GC(40) Humongous regions: 1->1
[10.915s][info][gc,metaspace] GC(40) Metaspace: 30635K(30976K)->30635K(30976K) NonClass: 26351K(26496K)->26351K(26496K) Class: 4284K(4480K)->4284K(4480K)
[10.915s][info][gc          ] GC(40) Pause Young (Normal) (G1 Evacuation Pause) 669M->570M(1059M) 1.230ms
[10.915s][info][gc,cpu      ] GC(40) User=0.00s Sys=0.00s Real=0.00s
[11.031s][info][gc,marking  ] GC(38) Concurrent Rebuild Remembered Sets 173.147ms
[11.031s][info][gc,start    ] GC(38) Pause Cleanup
[11.031s][info][gc          ] GC(38) Pause Cleanup 648M->648M(1059M) 0.268ms
[11.031s][info][gc,cpu      ] GC(38) User=0.00s Sys=0.00s Real=0.00s
[11.031s][info][gc,marking  ] GC(38) Concurrent Cleanup for Next Mark
[11.034s][info][gc,marking  ] GC(38) Concurrent Cleanup for Next Mark 3.079ms
[11.035s][info][gc          ] GC(38) Concurrent Mark Cycle 421.472ms
[11.182s][info][gc,start    ] GC(41) Pause Young (Prepare Mixed) (G1 Evacuation Pause)
[11.182s][info][gc,task     ] GC(41) Using 10 workers of 10 for evacuation
[11.184s][info][gc,phases   ] GC(41)   Pre Evacuate Collection Set: 0.1ms
[11.184s][info][gc,phases   ] GC(41)   Merge Heap Roots: 0.1ms
[11.184s][info][gc,phases   ] GC(41)   Evacuate Collection Set: 0.9ms
[11.184s][info][gc,phases   ] GC(41)   Post Evacuate Collection Set: 0.3ms
[11.184s][info][gc,phases   ] GC(41)   Other: 0.1ms
[11.184s][info][gc,heap     ] GC(41) Eden regions: 171->0(48)
[11.184s][info][gc,heap     ] GC(41) Survivor regions: 3->4(22)
[11.184s][info][gc,heap     ] GC(41) Old regions: 567->567
[11.184s][info][gc,heap     ] GC(41) Archive regions: 0->0
[11.184s][info][gc,heap     ] GC(41) Humongous regions: 1->1
[11.184s][info][gc,metaspace] GC(41) Metaspace: 30635K(30976K)->30635K(30976K) NonClass: 26351K(26496K)->26351K(26496K) Class: 4284K(4480K)->4284K(4480K)
[11.184s][info][gc          ] GC(41) Pause Young (Prepare Mixed) (G1 Evacuation Pause) 741M->571M(1059M) 1.673ms
[11.184s][info][gc,cpu      ] GC(41) User=0.00s Sys=0.00s Real=0.00s
[11.246s][info][gc,start    ] GC(42) Pause Young (Mixed) (G1 Evacuation Pause)
[11.246s][info][gc,task     ] GC(42) Using 10 workers of 10 for evacuation
[11.247s][info][gc,phases   ] GC(42)   Pre Evacuate Collection Set: 0.1ms
[11.247s][info][gc,phases   ] GC(42)   Merge Heap Roots: 0.1ms
[11.247s][info][gc,phases   ] GC(42)   Evacuate Collection Set: 0.8ms
[11.247s][info][gc,phases   ] GC(42)   Post Evacuate Collection Set: 0.2ms
[11.247s][info][gc,phases   ] GC(42)   Other: 0.1ms
[11.247s][info][gc,heap     ] GC(42) Eden regions: 48->0(248)
[11.247s][info][gc,heap     ] GC(42) Survivor regions: 4->3(7)
[11.247s][info][gc,heap     ] GC(42) Old regions: 567->563
[11.247s][info][gc,heap     ] GC(42) Archive regions: 0->0
[11.247s][info][gc,heap     ] GC(42) Humongous regions: 1->1
[11.247s][info][gc,metaspace] GC(42) Metaspace: 30635K(30976K)->30635K(30976K) NonClass: 26351K(26496K)->26351K(26496K) Class: 4284K(4480K)->4284K(4480K)
[11.247s][info][gc          ] GC(42) Pause Young (Mixed) (G1 Evacuation Pause) 619M->565M(1059M) 1.354ms
[11.247s][info][gc,cpu      ] GC(42) User=0.00s Sys=0.00s Real=0.00s
[11.578s][info][gc,start    ] GC(43) Pause Young (Normal) (G1 Evacuation Pause)
[11.578s][info][gc,task     ] GC(43) Using 10 workers of 10 for evacuation
[11.579s][info][gc,phases   ] GC(43)   Pre Evacuate Collection Set: 0.1ms
[11.579s][info][gc,phases   ] GC(43)   Merge Heap Roots: 0.1ms
[11.579s][info][gc,phases   ] GC(43)   Evacuate Collection Set: 0.5ms
[11.579s][info][gc,phases   ] GC(43)   Post Evacuate Collection Set: 0.3ms
[11.579s][info][gc,phases   ] GC(43)   Other: 0.1ms
[11.579s][info][gc,heap     ] GC(43) Eden regions: 248->0(273)
[11.579s][info][gc,heap     ] GC(43) Survivor regions: 3->5(32)
[11.579s][info][gc,heap     ] GC(43) Old regions: 563->563
[11.579s][info][gc,heap     ] GC(43) Archive regions: 0->0
[11.579s][info][gc,heap     ] GC(43) Humongous regions: 1->1
[11.579s][info][gc,metaspace] GC(43) Metaspace: 30656K(30976K)->30656K(30976K) NonClass: 26371K(26496K)->26371K(26496K) Class: 4284K(4480K)->4284K(4480K)
[11.579s][info][gc          ] GC(43) Pause Young (Normal) (G1 Evacuation Pause) 813M->567M(1059M) 1.318ms
[11.579s][info][gc,cpu      ] GC(43) User=0.00s Sys=0.00s Real=0.00s
[11.916s][info][gc,start    ] GC(44) Pause Young (Normal) (G1 Evacuation Pause)
[11.916s][info][gc,task     ] GC(44) Using 10 workers of 10 for evacuation
[11.918s][info][gc,phases   ] GC(44)   Pre Evacuate Collection Set: 0.1ms
[11.918s][info][gc,phases   ] GC(44)   Merge Heap Roots: 0.1ms
[11.918s][info][gc,phases   ] GC(44)   Evacuate Collection Set: 0.6ms
[11.918s][info][gc,phases   ] GC(44)   Post Evacuate Collection Set: 0.3ms
[11.918s][info][gc,phases   ] GC(44)   Other: 0.1ms
[11.918s][info][gc,heap     ] GC(44) Eden regions: 273->0(294)
[11.918s][info][gc,heap     ] GC(44) Survivor regions: 5->6(35)
[11.918s][info][gc,heap     ] GC(44) Old regions: 563->563
[11.918s][info][gc,heap     ] GC(44) Archive regions: 0->0
[11.918s][info][gc,heap     ] GC(44) Humongous regions: 1->1
[11.918s][info][gc,metaspace] GC(44) Metaspace: 30676K(31040K)->30676K(31040K) NonClass: 26392K(26560K)->26392K(26560K) Class: 4284K(4480K)->4284K(4480K)
[11.918s][info][gc          ] GC(44) Pause Young (Normal) (G1 Evacuation Pause) 840M->569M(1059M) 1.361ms
[11.918s][info][gc,cpu      ] GC(44) User=0.00s Sys=0.00s Real=0.00s
[12.309s][info][gc,start    ] GC(45) Pause Young (Concurrent Start) (G1 Evacuation Pause)
[12.309s][info][gc,task     ] GC(45) Using 10 workers of 10 for evacuation
[12.312s][info][gc,phases   ] GC(45)   Pre Evacuate Collection Set: 0.2ms
[12.312s][info][gc,phases   ] GC(45)   Merge Heap Roots: 0.1ms
[12.312s][info][gc,phases   ] GC(45)   Evacuate Collection Set: 2.2ms
[12.312s][info][gc,phases   ] GC(45)   Post Evacuate Collection Set: 0.3ms
[12.312s][info][gc,phases   ] GC(45)   Other: 0.1ms
[12.312s][info][gc,heap     ] GC(45) Eden regions: 294->0(310)
[12.312s][info][gc,heap     ] GC(45) Survivor regions: 6->8(38)
[12.312s][info][gc,heap     ] GC(45) Old regions: 563->563
[12.312s][info][gc,heap     ] GC(45) Archive regions: 0->0
[12.312s][info][gc,heap     ] GC(45) Humongous regions: 1->1
[12.312s][info][gc,metaspace] GC(45) Metaspace: 30843K(31168K)->30843K(31168K) NonClass: 26543K(26688K)->26543K(26688K) Class: 4300K(4480K)->4300K(4480K)
[12.312s][info][gc          ] GC(45) Pause Young (Concurrent Start) (G1 Evacuation Pause) 863M->570M(1059M) 3.031ms
[12.312s][info][gc          ] GC(46) Concurrent Mark Cycle
[12.312s][info][gc,cpu      ] GC(45) User=0.00s Sys=0.00s Real=0.00s
[12.312s][info][gc,marking  ] GC(46) Concurrent Clear Claimed Marks
[12.312s][info][gc,marking  ] GC(46) Concurrent Clear Claimed Marks 0.052ms
[12.312s][info][gc,marking  ] GC(46) Concurrent Scan Root Regions
[12.312s][info][gc,marking  ] GC(46) Concurrent Scan Root Regions 0.104ms
[12.312s][info][gc,marking  ] GC(46) Concurrent Mark
[12.312s][info][gc,marking  ] GC(46) Concurrent Mark From Roots
[12.312s][info][gc,task     ] GC(46) Using 3 workers of 3 for marking
[12.558s][info][gc,marking  ] GC(46) Concurrent Mark From Roots 246.238ms
[12.558s][info][gc,marking  ] GC(46) Concurrent Preclean
[12.559s][info][gc,marking  ] GC(46) Concurrent Preclean 0.047ms
[12.559s][info][gc,start    ] GC(46) Pause Remark
[12.562s][info][gc          ] GC(46) Pause Remark 748M->748M(1250M) 3.145ms
[12.562s][info][gc,cpu      ] GC(46) User=0.00s Sys=0.00s Real=0.00s
[12.562s][info][gc,marking  ] GC(46) Concurrent Mark 249.673ms
[12.562s][info][gc,marking  ] GC(46) Concurrent Rebuild Remembered Sets
[12.749s][info][gc,marking  ] GC(46) Concurrent Rebuild Remembered Sets 186.700ms
[12.749s][info][gc,start    ] GC(46) Pause Cleanup
[12.749s][info][gc          ] GC(46) Pause Cleanup 858M->858M(1250M) 0.291ms
[12.749s][info][gc,cpu      ] GC(46) User=0.00s Sys=0.00s Real=0.00s
[12.749s][info][gc,marking  ] GC(46) Concurrent Cleanup for Next Mark
[12.752s][info][gc,marking  ] GC(46) Concurrent Cleanup for Next Mark 2.533ms
[12.752s][info][gc          ] GC(46) Concurrent Mark Cycle 439.727ms
[12.789s][info][gc,start    ] GC(47) Pause Young (Prepare Mixed) (G1 Evacuation Pause)
[12.789s][info][gc,task     ] GC(47) Using 10 workers of 10 for evacuation
[12.792s][info][gc,phases   ] GC(47)   Pre Evacuate Collection Set: 0.1ms
[12.792s][info][gc,phases   ] GC(47)   Merge Heap Roots: 0.1ms
[12.792s][info][gc,phases   ] GC(47)   Evacuate Collection Set: 2.9ms
[12.792s][info][gc,phases   ] GC(47)   Post Evacuate Collection Set: 0.4ms
[12.792s][info][gc,phases   ] GC(47)   Other: 0.1ms
[12.792s][info][gc,heap     ] GC(47) Eden regions: 310->0(52)
[12.792s][info][gc,heap     ] GC(47) Survivor regions: 8->10(40)
[12.792s][info][gc,heap     ] GC(47) Old regions: 563->563
[12.792s][info][gc,heap     ] GC(47) Archive regions: 0->0
[12.792s][info][gc,heap     ] GC(47) Humongous regions: 1->1
[12.792s][info][gc,metaspace] GC(47) Metaspace: 30865K(31168K)->30865K(31168K) NonClass: 26565K(26688K)->26565K(26688K) Class: 4300K(4480K)->4300K(4480K)
[12.792s][info][gc          ] GC(47) Pause Young (Prepare Mixed) (G1 Evacuation Pause) 880M->572M(1250M) 3.737ms
[12.793s][info][gc,cpu      ] GC(47) User=0.00s Sys=0.00s Real=0.00s
[12.866s][info][gc,start    ] GC(48) Pause Young (Mixed) (G1 Evacuation Pause)
[12.866s][info][gc,task     ] GC(48) Using 10 workers of 10 for evacuation
[12.869s][info][gc,phases   ] GC(48)   Pre Evacuate Collection Set: 0.1ms
[12.869s][info][gc,phases   ] GC(48)   Merge Heap Roots: 0.1ms
[12.869s][info][gc,phases   ] GC(48)   Evacuate Collection Set: 2.5ms
[12.869s][info][gc,phases   ] GC(48)   Post Evacuate Collection Set: 0.4ms
[12.869s][info][gc,phases   ] GC(48)   Other: 0.1ms
[12.869s][info][gc,heap     ] GC(48) Eden regions: 52->0(500)
[12.869s][info][gc,heap     ] GC(48) Survivor regions: 10->4(8)
[12.869s][info][gc,heap     ] GC(48) Old regions: 563->564
[12.869s][info][gc,heap     ] GC(48) Archive regions: 0->0
[12.869s][info][gc,heap     ] GC(48) Humongous regions: 1->1
[12.869s][info][gc,metaspace] GC(48) Metaspace: 30865K(31168K)->30865K(31168K) NonClass: 26565K(26688K)->26565K(26688K) Class: 4300K(4480K)->4300K(4480K)
[12.869s][info][gc          ] GC(48) Pause Young (Mixed) (G1 Evacuation Pause) 624M->568M(1250M) 3.416ms
[12.869s][info][gc,cpu      ] GC(48) User=0.06s Sys=0.09s Real=0.00s
