[0.062s][info][gc,init] CardTable entry size: 512
[0.067s][info][gc     ] Using G1
[0.072s][info][gc,init] Version: 18.0.2.1+1-1 (release)
[0.072s][info][gc,init] CPUs: 12 total, 12 available
[0.072s][info][gc,init] Memory: 16332M
[0.072s][info][gc,init] Large Page Support: Disabled
[0.072s][info][gc,init] NUMA Support: Disabled
[0.072s][info][gc,init] Compressed Oops: Enabled (32-bit)
[0.072s][info][gc,init] Heap Region Size: 1M
[0.072s][info][gc,init] Heap Min Capacity: 8M
[0.072s][info][gc,init] Heap Initial Capacity: 256M
[0.072s][info][gc,init] Heap Max Capacity: 2024M
[0.072s][info][gc,init] Pre-touch: Disabled
[0.072s][info][gc,init] Parallel Workers: 10
[0.072s][info][gc,init] Concurrent Workers: 3
[0.072s][info][gc,init] Concurrent Refinement Workers: 10
[0.072s][info][gc,init] Periodic GC: Disabled
[0.074s][info][gc,metaspace] CDS archive(s) mapped at: [0x0000000800000000-0x0000000800ba0000-0x0000000800ba0000), size 12189696, SharedBaseAddress: 0x0000000800000000, ArchiveRelocationMode: 0.
[0.074s][info][gc,metaspace] Compressed class space mapped at: 0x0000000800c00000-0x0000000840c00000, reserved size: 1073741824
[0.074s][info][gc,metaspace] Narrow klass base: 0x0000000800000000, Narrow klass shift: 0, Narrow klass range: 0x100000000
[0.970s][info][gc,heap,exit] Heap
[0.970s][info][gc,heap,exit]  garbage-first heap   total 262144K, used 21504K [0x0000000081800000, 0x0000000100000000)
[0.970s][info][gc,heap,exit]   region size 1024K, 21 young (21504K), 0 survivors (0K)
[0.970s][info][gc,heap,exit]  Metaspace       used 8419K, committed 8704K, reserved 1114112K
[0.970s][info][gc,heap,exit]   class space    used 753K, committed 896K, reserved 1048576K
