[0.008s][info][gc,init] CardTable entry size: 512
[0.008s][info][gc     ] Using G1
[0.010s][info][gc,init] Version: 18.0.2.1+1-1 (release)
[0.010s][info][gc,init] CPUs: 12 total, 12 available
[0.010s][info][gc,init] Memory: 16332M
[0.010s][info][gc,init] Large Page Support: Disabled
[0.010s][info][gc,init] NUMA Support: Disabled
[0.010s][info][gc,init] Compressed Oops: Enabled (32-bit)
[0.010s][info][gc,init] Heap Region Size: 1M
[0.010s][info][gc,init] Heap Min Capacity: 8M
[0.010s][info][gc,init] Heap Initial Capacity: 256M
[0.010s][info][gc,init] Heap Max Capacity: 2024M
[0.010s][info][gc,init] Pre-touch: Disabled
[0.010s][info][gc,init] Parallel Workers: 10
[0.010s][info][gc,init] Concurrent Workers: 3
[0.010s][info][gc,init] Concurrent Refinement Workers: 10
[0.011s][info][gc,init] Periodic GC: Disabled
[0.011s][info][gc,metaspace] CDS archive(s) mapped at: [0x0000000800000000-0x0000000800ba0000-0x0000000800ba0000), size 12189696, SharedBaseAddress: 0x0000000800000000, ArchiveRelocationMode: 0.
[0.011s][info][gc,metaspace] Compressed class space mapped at: 0x0000000800c00000-0x0000000840c00000, reserved size: 1073741824
[0.011s][info][gc,metaspace] Narrow klass base: 0x0000000800000000, Narrow klass shift: 0, Narrow klass range: 0x100000000
[0.654s][info][gc,start    ] GC(0) Pause Young (Normal) (G1 Evacuation Pause)
[0.654s][info][gc,task     ] GC(0) Using 6 workers of 10 for evacuation
[0.659s][info][gc,phases   ] GC(0)   Pre Evacuate Collection Set: 0.1ms
[0.659s][info][gc,phases   ] GC(0)   Merge Heap Roots: 0.1ms
[0.659s][info][gc,phases   ] GC(0)   Evacuate Collection Set: 3.6ms
[0.659s][info][gc,phases   ] GC(0)   Post Evacuate Collection Set: 0.6ms
[0.659s][info][gc,phases   ] GC(0)   Other: 0.3ms
[0.659s][info][gc,heap     ] GC(0) Eden regions: 23->0(26)
[0.659s][info][gc,heap     ] GC(0) Survivor regions: 0->3(3)
[0.659s][info][gc,heap     ] GC(0) Old regions: 0->4
[0.659s][info][gc,heap     ] GC(0) Archive regions: 0->0
[0.659s][info][gc,heap     ] GC(0) Humongous regions: 0->0
[0.659s][info][gc,metaspace] GC(0) Metaspace: 9331K(9600K)->9331K(9600K) NonClass: 8493K(8640K)->8493K(8640K) Class: 837K(960K)->837K(960K)
[0.659s][info][gc          ] GC(0) Pause Young (Normal) (G1 Evacuation Pause) 23M->6M(256M) 4.937ms
[0.659s][info][gc,cpu      ] GC(0) User=0.00s Sys=0.00s Real=0.01s
[0.978s][info][gc,start    ] GC(1) Pause Young (Normal) (G1 Evacuation Pause)
[0.978s][info][gc,task     ] GC(1) Using 6 workers of 10 for evacuation
[0.981s][info][gc,phases   ] GC(1)   Pre Evacuate Collection Set: 0.1ms
[0.981s][info][gc,phases   ] GC(1)   Merge Heap Roots: 0.1ms
[0.981s][info][gc,phases   ] GC(1)   Evacuate Collection Set: 3.2ms
[0.981s][info][gc,phases   ] GC(1)   Post Evacuate Collection Set: 0.4ms
[0.981s][info][gc,phases   ] GC(1)   Other: 0.1ms
[0.981s][info][gc,heap     ] GC(1) Eden regions: 23->0(45)
[0.981s][info][gc,heap     ] GC(1) Survivor regions: 3->4(4)
[0.981s][info][gc,heap     ] GC(1) Old regions: 4->9
[0.981s][info][gc,heap     ] GC(1) Archive regions: 0->0
[0.981s][info][gc,heap     ] GC(1) Humongous regions: 0->0
[0.981s][info][gc,metaspace] GC(1) Metaspace: 15829K(16128K)->15829K(16128K) NonClass: 13293K(13440K)->13293K(13440K) Class: 2536K(2688K)->2536K(2688K)
[0.982s][info][gc          ] GC(1) Pause Young (Normal) (G1 Evacuation Pause) 29M->12M(256M) 3.988ms
[0.982s][info][gc,cpu      ] GC(1) User=0.00s Sys=0.00s Real=0.00s
[1.295s][info][gc,start    ] GC(2) Pause Young (Concurrent Start) (Metadata GC Threshold)
[1.295s][info][gc,task     ] GC(2) Using 10 workers of 10 for evacuation
[1.300s][info][gc,phases   ] GC(2)   Pre Evacuate Collection Set: 0.1ms
[1.300s][info][gc,phases   ] GC(2)   Merge Heap Roots: 0.0ms
[1.300s][info][gc,phases   ] GC(2)   Evacuate Collection Set: 5.1ms
[1.300s][info][gc,phases   ] GC(2)   Post Evacuate Collection Set: 0.4ms
[1.301s][info][gc,phases   ] GC(2)   Other: 0.1ms
[1.301s][info][gc,heap     ] GC(2) Eden regions: 35->0(146)
[1.301s][info][gc,heap     ] GC(2) Survivor regions: 4->7(7)
[1.301s][info][gc,heap     ] GC(2) Old regions: 9->20
[1.301s][info][gc,heap     ] GC(2) Archive regions: 0->0
[1.301s][info][gc,heap     ] GC(2) Humongous regions: 0->0
[1.301s][info][gc,metaspace] GC(2) Metaspace: 21288K(21504K)->21288K(21504K) NonClass: 18022K(18112K)->18022K(18112K) Class: 3265K(3392K)->3265K(3392K)
[1.301s][info][gc          ] GC(2) Pause Young (Concurrent Start) (Metadata GC Threshold) 47M->26M(256M) 5.998ms
[1.301s][info][gc          ] GC(3) Concurrent Mark Cycle
[1.301s][info][gc,cpu      ] GC(2) User=0.00s Sys=0.00s Real=0.01s
[1.301s][info][gc,marking  ] GC(3) Concurrent Clear Claimed Marks
[1.301s][info][gc,marking  ] GC(3) Concurrent Clear Claimed Marks 0.041ms
[1.301s][info][gc,marking  ] GC(3) Concurrent Scan Root Regions
[1.303s][info][gc,marking  ] GC(3) Concurrent Scan Root Regions 2.265ms
[1.303s][info][gc,marking  ] GC(3) Concurrent Mark
[1.303s][info][gc,marking  ] GC(3) Concurrent Mark From Roots
[1.303s][info][gc,task     ] GC(3) Using 3 workers of 3 for marking
[1.306s][info][gc,marking  ] GC(3) Concurrent Mark From Roots 2.516ms
[1.306s][info][gc,marking  ] GC(3) Concurrent Preclean
[1.306s][info][gc,marking  ] GC(3) Concurrent Preclean 0.021ms
[1.306s][info][gc,start    ] GC(3) Pause Remark
[1.307s][info][gc          ] GC(3) Pause Remark 26M->26M(94M) 0.996ms
[1.307s][info][gc,cpu      ] GC(3) User=0.00s Sys=0.00s Real=0.00s
[1.307s][info][gc,marking  ] GC(3) Concurrent Mark 3.857ms
[1.307s][info][gc,marking  ] GC(3) Concurrent Rebuild Remembered Sets
[1.311s][info][gc,marking  ] GC(3) Concurrent Rebuild Remembered Sets 3.699ms
[1.311s][info][gc,start    ] GC(3) Pause Cleanup
[1.311s][info][gc          ] GC(3) Pause Cleanup 26M->26M(94M) 0.082ms
[1.311s][info][gc,cpu      ] GC(3) User=0.00s Sys=0.00s Real=0.00s
[1.311s][info][gc,marking  ] GC(3) Concurrent Cleanup for Next Mark
[1.311s][info][gc,marking  ] GC(3) Concurrent Cleanup for Next Mark 0.351ms
[1.311s][info][gc          ] GC(3) Concurrent Mark Cycle 10.658ms
[1.999s][info][gc,start    ] GC(4) Pause Young (Normal) (G1 Evacuation Pause)
[1.999s][info][gc,task     ] GC(4) Using 10 workers of 10 for evacuation
[2.006s][info][gc,phases   ] GC(4)   Pre Evacuate Collection Set: 0.1ms
[2.006s][info][gc,phases   ] GC(4)   Merge Heap Roots: 0.1ms
[2.006s][info][gc,phases   ] GC(4)   Evacuate Collection Set: 5.8ms
[2.006s][info][gc,phases   ] GC(4)   Post Evacuate Collection Set: 0.5ms
[2.006s][info][gc,phases   ] GC(4)   Other: 0.1ms
[2.006s][info][gc,heap     ] GC(4) Eden regions: 67->0(35)
[2.006s][info][gc,heap     ] GC(4) Survivor regions: 7->19(20)
[2.006s][info][gc,heap     ] GC(4) Old regions: 20->20
[2.006s][info][gc,heap     ] GC(4) Archive regions: 0->0
[2.006s][info][gc,heap     ] GC(4) Humongous regions: 0->0
[2.006s][info][gc,metaspace] GC(4) Metaspace: 22526K(22784K)->22526K(22784K) NonClass: 19088K(19264K)->19088K(19264K) Class: 3438K(3520K)->3438K(3520K)
[2.006s][info][gc          ] GC(4) Pause Young (Normal) (G1 Evacuation Pause) 93M->37M(113M) 6.747ms
[2.006s][info][gc,cpu      ] GC(4) User=0.00s Sys=0.00s Real=0.01s
[2.271s][info][gc,start    ] GC(5) Pause Young (Normal) (G1 Evacuation Pause)
[2.271s][info][gc,task     ] GC(5) Using 10 workers of 10 for evacuation
[2.277s][info][gc,phases   ] GC(5)   Pre Evacuate Collection Set: 0.1ms
[2.277s][info][gc,phases   ] GC(5)   Merge Heap Roots: 0.1ms
[2.277s][info][gc,phases   ] GC(5)   Evacuate Collection Set: 5.9ms
[2.277s][info][gc,phases   ] GC(5)   Post Evacuate Collection Set: 0.6ms
[2.277s][info][gc,phases   ] GC(5)   Other: 0.1ms
[2.277s][info][gc,heap     ] GC(5) Eden regions: 35->0(32)
[2.277s][info][gc,heap     ] GC(5) Survivor regions: 19->7(7)
[2.277s][info][gc,heap     ] GC(5) Old regions: 20->38
[2.277s][info][gc,heap     ] GC(5) Archive regions: 0->0
[2.277s][info][gc,heap     ] GC(5) Humongous regions: 0->0
[2.278s][info][gc,metaspace] GC(5) Metaspace: 22568K(22784K)->22568K(22784K) NonClass: 19129K(19264K)->19129K(19264K) Class: 3439K(3520K)->3439K(3520K)
[2.278s][info][gc          ] GC(5) Pause Young (Normal) (G1 Evacuation Pause) 72M->44M(113M) 6.922ms
[2.278s][info][gc,cpu      ] GC(5) User=0.17s Sys=0.00s Real=0.01s
[2.489s][info][gc,start    ] GC(6) Pause Young (Normal) (G1 Evacuation Pause)
[2.489s][info][gc,task     ] GC(6) Using 10 workers of 10 for evacuation
[2.494s][info][gc,phases   ] GC(6)   Pre Evacuate Collection Set: 0.1ms
[2.494s][info][gc,phases   ] GC(6)   Merge Heap Roots: 0.0ms
[2.494s][info][gc,phases   ] GC(6)   Evacuate Collection Set: 4.2ms
[2.494s][info][gc,phases   ] GC(6)   Post Evacuate Collection Set: 0.4ms
[2.494s][info][gc,phases   ] GC(6)   Other: 0.1ms
[2.494s][info][gc,heap     ] GC(6) Eden regions: 32->0(27)
[2.494s][info][gc,heap     ] GC(6) Survivor regions: 7->5(5)
[2.494s][info][gc,heap     ] GC(6) Old regions: 38->47
[2.494s][info][gc,heap     ] GC(6) Archive regions: 0->0
[2.494s][info][gc,heap     ] GC(6) Humongous regions: 0->0
[2.494s][info][gc,metaspace] GC(6) Metaspace: 22590K(22784K)->22590K(22784K) NonClass: 19148K(19264K)->19148K(19264K) Class: 3441K(3520K)->3441K(3520K)
[2.494s][info][gc          ] GC(6) Pause Young (Normal) (G1 Evacuation Pause) 76M->51M(113M) 4.955ms
[2.494s][info][gc,cpu      ] GC(6) User=0.17s Sys=0.00s Real=0.00s
[2.636s][info][gc,start    ] GC(7) Pause Young (Normal) (G1 Evacuation Pause)
[2.636s][info][gc,task     ] GC(7) Using 10 workers of 10 for evacuation
[2.640s][info][gc,phases   ] GC(7)   Pre Evacuate Collection Set: 0.1ms
[2.640s][info][gc,phases   ] GC(7)   Merge Heap Roots: 0.1ms
[2.640s][info][gc,phases   ] GC(7)   Evacuate Collection Set: 3.5ms
[2.640s][info][gc,phases   ] GC(7)   Post Evacuate Collection Set: 0.3ms
[2.640s][info][gc,phases   ] GC(7)   Other: 0.1ms
[2.640s][info][gc,heap     ] GC(7) Eden regions: 27->0(24)
[2.640s][info][gc,heap     ] GC(7) Survivor regions: 5->4(4)
[2.640s][info][gc,heap     ] GC(7) Old regions: 47->54
[2.640s][info][gc,heap     ] GC(7) Archive regions: 0->0
[2.640s][info][gc,heap     ] GC(7) Humongous regions: 0->0
[2.640s][info][gc,metaspace] GC(7) Metaspace: 22626K(22848K)->22626K(22848K) NonClass: 19181K(19328K)->19181K(19328K) Class: 3444K(3520K)->3444K(3520K)
[2.640s][info][gc          ] GC(7) Pause Young (Normal) (G1 Evacuation Pause) 78M->57M(113M) 4.298ms
[2.640s][info][gc,cpu      ] GC(7) User=0.00s Sys=0.00s Real=0.01s
[2.777s][info][gc,start    ] GC(8) Pause Young (Concurrent Start) (G1 Evacuation Pause)
[2.777s][info][gc,task     ] GC(8) Using 10 workers of 10 for evacuation
[2.782s][info][gc,phases   ] GC(8)   Pre Evacuate Collection Set: 0.2ms
[2.782s][info][gc,phases   ] GC(8)   Merge Heap Roots: 0.1ms
[2.782s][info][gc,phases   ] GC(8)   Evacuate Collection Set: 3.3ms
[2.782s][info][gc,phases   ] GC(8)   Post Evacuate Collection Set: 0.8ms
[2.782s][info][gc,phases   ] GC(8)   Other: 0.2ms
[2.782s][info][gc,heap     ] GC(8) Eden regions: 24->0(35)
[2.782s][info][gc,heap     ] GC(8) Survivor regions: 4->4(4)
[2.782s][info][gc,heap     ] GC(8) Old regions: 54->60
[2.782s][info][gc,heap     ] GC(8) Archive regions: 0->0
[2.782s][info][gc,heap     ] GC(8) Humongous regions: 0->0
[2.782s][info][gc,metaspace] GC(8) Metaspace: 22707K(22976K)->22707K(22976K) NonClass: 19254K(19392K)->19254K(19392K) Class: 3453K(3584K)->3453K(3584K)
[2.782s][info][gc          ] GC(8) Pause Young (Concurrent Start) (G1 Evacuation Pause) 81M->63M(136M) 5.058ms
[2.782s][info][gc          ] GC(9) Concurrent Mark Cycle
[2.782s][info][gc,cpu      ] GC(8) User=0.00s Sys=0.00s Real=0.00s
[2.782s][info][gc,marking  ] GC(9) Concurrent Clear Claimed Marks
[2.782s][info][gc,marking  ] GC(9) Concurrent Clear Claimed Marks 0.089ms
[2.782s][info][gc,marking  ] GC(9) Concurrent Scan Root Regions
[2.787s][info][gc,marking  ] GC(9) Concurrent Scan Root Regions 4.372ms
[2.787s][info][gc,marking  ] GC(9) Concurrent Mark
[2.787s][info][gc,marking  ] GC(9) Concurrent Mark From Roots
[2.787s][info][gc,task     ] GC(9) Using 3 workers of 3 for marking
[2.807s][info][gc,marking  ] GC(9) Concurrent Mark From Roots 19.811ms
[2.807s][info][gc,marking  ] GC(9) Concurrent Preclean
[2.807s][info][gc,marking  ] GC(9) Concurrent Preclean 0.037ms
[2.807s][info][gc,start    ] GC(9) Pause Remark
[2.808s][info][gc          ] GC(9) Pause Remark 68M->68M(136M) 1.452ms
[2.808s][info][gc,cpu      ] GC(9) User=0.00s Sys=0.00s Real=0.00s
[2.808s][info][gc,marking  ] GC(9) Concurrent Mark 21.565ms
[2.808s][info][gc,marking  ] GC(9) Concurrent Rebuild Remembered Sets
[2.824s][info][gc,marking  ] GC(9) Concurrent Rebuild Remembered Sets 15.500ms
[2.824s][info][gc,start    ] GC(9) Pause Cleanup
[2.824s][info][gc          ] GC(9) Pause Cleanup 70M->70M(136M) 0.120ms
[2.824s][info][gc,cpu      ] GC(9) User=0.00s Sys=0.00s Real=0.00s
[2.824s][info][gc,marking  ] GC(9) Concurrent Cleanup for Next Mark
[2.825s][info][gc,marking  ] GC(9) Concurrent Cleanup for Next Mark 0.594ms
[2.825s][info][gc          ] GC(9) Concurrent Mark Cycle 42.760ms
[2.982s][info][gc,start    ] GC(10) Pause Young (Normal) (G1 Evacuation Pause)
[2.982s][info][gc,task     ] GC(10) Using 10 workers of 10 for evacuation
[2.987s][info][gc,phases   ] GC(10)   Pre Evacuate Collection Set: 0.1ms
[2.987s][info][gc,phases   ] GC(10)   Merge Heap Roots: 0.1ms
[2.987s][info][gc,phases   ] GC(10)   Evacuate Collection Set: 4.5ms
[2.987s][info][gc,phases   ] GC(10)   Post Evacuate Collection Set: 0.3ms
[2.987s][info][gc,phases   ] GC(10)   Other: 0.1ms
[2.987s][info][gc,heap     ] GC(10) Eden regions: 35->0(32)
[2.987s][info][gc,heap     ] GC(10) Survivor regions: 4->5(5)
[2.987s][info][gc,heap     ] GC(10) Old regions: 60->65
[2.987s][info][gc,heap     ] GC(10) Archive regions: 0->0
[2.987s][info][gc,heap     ] GC(10) Humongous regions: 0->0
[2.987s][info][gc,metaspace] GC(10) Metaspace: 22770K(23040K)->22770K(23040K) NonClass: 19309K(19456K)->19309K(19456K) Class: 3461K(3584K)->3461K(3584K)
[2.987s][info][gc          ] GC(10) Pause Young (Normal) (G1 Evacuation Pause) 98M->69M(136M) 5.348ms
[2.987s][info][gc,cpu      ] GC(10) User=0.00s Sys=0.00s Real=0.01s
[3.136s][info][gc,start    ] GC(11) Pause Young (Concurrent Start) (G1 Evacuation Pause)
[3.136s][info][gc,task     ] GC(11) Using 10 workers of 10 for evacuation
[3.140s][info][gc,phases   ] GC(11)   Pre Evacuate Collection Set: 0.1ms
[3.140s][info][gc,phases   ] GC(11)   Merge Heap Roots: 0.1ms
[3.140s][info][gc,phases   ] GC(11)   Evacuate Collection Set: 2.6ms
[3.140s][info][gc,phases   ] GC(11)   Post Evacuate Collection Set: 0.3ms
[3.140s][info][gc,phases   ] GC(11)   Other: 0.1ms
[3.140s][info][gc,heap     ] GC(11) Eden regions: 32->0(31)
[3.140s][info][gc,heap     ] GC(11) Survivor regions: 5->4(5)
[3.140s][info][gc,heap     ] GC(11) Old regions: 65->70
[3.140s][info][gc,heap     ] GC(11) Archive regions: 0->0
[3.140s][info][gc,heap     ] GC(11) Humongous regions: 0->0
[3.140s][info][gc,metaspace] GC(11) Metaspace: 22800K(23104K)->22800K(23104K) NonClass: 19337K(19520K)->19337K(19520K) Class: 3462K(3584K)->3462K(3584K)
[3.140s][info][gc          ] GC(11) Pause Young (Concurrent Start) (G1 Evacuation Pause) 101M->73M(136M) 3.366ms
[3.140s][info][gc          ] GC(12) Concurrent Mark Cycle
[3.140s][info][gc,cpu      ] GC(11) User=0.00s Sys=0.00s Real=0.00s
[3.140s][info][gc,marking  ] GC(12) Concurrent Clear Claimed Marks
[3.140s][info][gc,marking  ] GC(12) Concurrent Clear Claimed Marks 0.069ms
[3.140s][info][gc,marking  ] GC(12) Concurrent Scan Root Regions
[3.142s][info][gc,marking  ] GC(12) Concurrent Scan Root Regions 2.291ms
[3.142s][info][gc,marking  ] GC(12) Concurrent Mark
[3.142s][info][gc,marking  ] GC(12) Concurrent Mark From Roots
[3.142s][info][gc,task     ] GC(12) Using 3 workers of 3 for marking
[3.164s][info][gc,marking  ] GC(12) Concurrent Mark From Roots 22.149ms
[3.164s][info][gc,marking  ] GC(12) Concurrent Preclean
[3.164s][info][gc,marking  ] GC(12) Concurrent Preclean 0.030ms
[3.165s][info][gc,start    ] GC(12) Pause Remark
[3.166s][info][gc          ] GC(12) Pause Remark 77M->77M(136M) 1.494ms
[3.166s][info][gc,cpu      ] GC(12) User=0.00s Sys=0.00s Real=0.00s
[3.166s][info][gc,marking  ] GC(12) Concurrent Mark 23.908ms
[3.166s][info][gc,marking  ] GC(12) Concurrent Rebuild Remembered Sets
[3.183s][info][gc,marking  ] GC(12) Concurrent Rebuild Remembered Sets 16.759ms
[3.183s][info][gc,start    ] GC(12) Pause Cleanup
[3.183s][info][gc          ] GC(12) Pause Cleanup 79M->79M(136M) 0.115ms
[3.183s][info][gc,cpu      ] GC(12) User=0.00s Sys=0.00s Real=0.00s
[3.183s][info][gc,marking  ] GC(12) Concurrent Cleanup for Next Mark
[3.184s][info][gc,marking  ] GC(12) Concurrent Cleanup for Next Mark 0.210ms
[3.184s][info][gc          ] GC(12) Concurrent Mark Cycle 43.861ms
[3.304s][info][gc,start    ] GC(13) Pause Young (Prepare Mixed) (G1 Evacuation Pause)
[3.304s][info][gc,task     ] GC(13) Using 10 workers of 10 for evacuation
[3.308s][info][gc,phases   ] GC(13)   Pre Evacuate Collection Set: 0.1ms
[3.308s][info][gc,phases   ] GC(13)   Merge Heap Roots: 0.1ms
[3.308s][info][gc,phases   ] GC(13)   Evacuate Collection Set: 3.2ms
[3.308s][info][gc,phases   ] GC(13)   Post Evacuate Collection Set: 0.3ms
[3.308s][info][gc,phases   ] GC(13)   Other: 0.1ms
[3.308s][info][gc,heap     ] GC(13) Eden regions: 31->0(1)
[3.308s][info][gc,heap     ] GC(13) Survivor regions: 4->5(5)
[3.308s][info][gc,heap     ] GC(13) Old regions: 70->74
[3.308s][info][gc,heap     ] GC(13) Archive regions: 0->0
[3.308s][info][gc,heap     ] GC(13) Humongous regions: 0->0
[3.308s][info][gc,metaspace] GC(13) Metaspace: 22819K(23104K)->22819K(23104K) NonClass: 19355K(19520K)->19355K(19520K) Class: 3463K(3584K)->3463K(3584K)
[3.308s][info][gc          ] GC(13) Pause Young (Prepare Mixed) (G1 Evacuation Pause) 104M->77M(136M) 4.026ms
[3.308s][info][gc,cpu      ] GC(13) User=0.00s Sys=0.00s Real=0.00s
[3.313s][info][gc,start    ] GC(14) Pause Young (Mixed) (G1 Evacuation Pause)
[3.313s][info][gc,task     ] GC(14) Using 10 workers of 10 for evacuation
[3.315s][info][gc,phases   ] GC(14)   Pre Evacuate Collection Set: 0.1ms
[3.315s][info][gc,phases   ] GC(14)   Merge Heap Roots: 0.0ms
[3.315s][info][gc,phases   ] GC(14)   Evacuate Collection Set: 2.0ms
[3.315s][info][gc,phases   ] GC(14)   Post Evacuate Collection Set: 0.2ms
[3.315s][info][gc,phases   ] GC(14)   Other: 0.1ms
[3.315s][info][gc,heap     ] GC(14) Eden regions: 1->0(28)
[3.315s][info][gc,heap     ] GC(14) Survivor regions: 5->1(1)
[3.315s][info][gc,heap     ] GC(14) Old regions: 74->77
[3.315s][info][gc,heap     ] GC(14) Archive regions: 0->0
[3.315s][info][gc,heap     ] GC(14) Humongous regions: 0->0
[3.315s][info][gc,metaspace] GC(14) Metaspace: 22819K(23104K)->22819K(23104K) NonClass: 19355K(19520K)->19355K(19520K) Class: 3463K(3584K)->3463K(3584K)
[3.315s][info][gc          ] GC(14) Pause Young (Mixed) (G1 Evacuation Pause) 78M->77M(136M) 2.580ms
[3.315s][info][gc,cpu      ] GC(14) User=0.00s Sys=0.00s Real=0.00s
[3.447s][info][gc,start    ] GC(15) Pause Young (Concurrent Start) (G1 Evacuation Pause)
[3.447s][info][gc,task     ] GC(15) Using 10 workers of 10 for evacuation
[3.449s][info][gc,phases   ] GC(15)   Pre Evacuate Collection Set: 0.1ms
[3.449s][info][gc,phases   ] GC(15)   Merge Heap Roots: 0.1ms
[3.449s][info][gc,phases   ] GC(15)   Evacuate Collection Set: 1.3ms
[3.449s][info][gc,phases   ] GC(15)   Post Evacuate Collection Set: 0.2ms
[3.449s][info][gc,phases   ] GC(15)   Other: 0.1ms
[3.449s][info][gc,heap     ] GC(15) Eden regions: 28->0(27)
[3.449s][info][gc,heap     ] GC(15) Survivor regions: 1->4(4)
[3.449s][info][gc,heap     ] GC(15) Old regions: 77->77
[3.449s][info][gc,heap     ] GC(15) Archive regions: 0->0
[3.449s][info][gc,heap     ] GC(15) Humongous regions: 0->0
[3.449s][info][gc,metaspace] GC(15) Metaspace: 22829K(23104K)->22829K(23104K) NonClass: 19365K(19520K)->19365K(19520K) Class: 3464K(3584K)->3464K(3584K)
[3.449s][info][gc          ] GC(15) Pause Young (Concurrent Start) (G1 Evacuation Pause) 105M->80M(136M) 2.006ms
[3.449s][info][gc          ] GC(16) Concurrent Mark Cycle
[3.449s][info][gc,cpu      ] GC(15) User=0.00s Sys=0.00s Real=0.00s
[3.449s][info][gc,marking  ] GC(16) Concurrent Clear Claimed Marks
[3.449s][info][gc,marking  ] GC(16) Concurrent Clear Claimed Marks 0.087ms
[3.449s][info][gc,marking  ] GC(16) Concurrent Scan Root Regions
[3.450s][info][gc,marking  ] GC(16) Concurrent Scan Root Regions 1.075ms
[3.450s][info][gc,marking  ] GC(16) Concurrent Mark
[3.450s][info][gc,marking  ] GC(16) Concurrent Mark From Roots
[3.450s][info][gc,task     ] GC(16) Using 3 workers of 3 for marking
[3.475s][info][gc,marking  ] GC(16) Concurrent Mark From Roots 24.993ms
[3.475s][info][gc,marking  ] GC(16) Concurrent Preclean
[3.475s][info][gc,marking  ] GC(16) Concurrent Preclean 0.038ms
[3.475s][info][gc,start    ] GC(16) Pause Remark
[3.477s][info][gc          ] GC(16) Pause Remark 87M->87M(147M) 1.482ms
[3.477s][info][gc,cpu      ] GC(16) User=0.05s Sys=0.02s Real=0.00s
[3.477s][info][gc,marking  ] GC(16) Concurrent Mark 26.733ms
[3.477s][info][gc,marking  ] GC(16) Concurrent Rebuild Remembered Sets
[3.496s][info][gc,marking  ] GC(16) Concurrent Rebuild Remembered Sets 19.450ms
[3.496s][info][gc,start    ] GC(16) Pause Cleanup
[3.496s][info][gc          ] GC(16) Pause Cleanup 95M->95M(147M) 0.116ms
[3.496s][info][gc,cpu      ] GC(16) User=0.00s Sys=0.00s Real=0.00s
[3.497s][info][gc,marking  ] GC(16) Concurrent Cleanup for Next Mark
[3.497s][info][gc,marking  ] GC(16) Concurrent Cleanup for Next Mark 0.162ms
[3.497s][info][gc          ] GC(16) Concurrent Mark Cycle 48.015ms
[3.529s][info][gc,start    ] GC(17) Pause Young (Prepare Mixed) (G1 Evacuation Pause)
[3.529s][info][gc,task     ] GC(17) Using 10 workers of 10 for evacuation
[3.532s][info][gc,phases   ] GC(17)   Pre Evacuate Collection Set: 0.1ms
[3.532s][info][gc,phases   ] GC(17)   Merge Heap Roots: 0.1ms
[3.532s][info][gc,phases   ] GC(17)   Evacuate Collection Set: 2.8ms
[3.532s][info][gc,phases   ] GC(17)   Post Evacuate Collection Set: 0.3ms
[3.532s][info][gc,phases   ] GC(17)   Other: 0.1ms
[3.532s][info][gc,heap     ] GC(17) Eden regions: 27->0(3)
[3.532s][info][gc,heap     ] GC(17) Survivor regions: 4->4(4)
[3.532s][info][gc,heap     ] GC(17) Old regions: 77->82
[3.532s][info][gc,heap     ] GC(17) Archive regions: 0->0
[3.532s][info][gc,heap     ] GC(17) Humongous regions: 0->0
[3.532s][info][gc,metaspace] GC(17) Metaspace: 22831K(23104K)->22831K(23104K) NonClass: 19366K(19520K)->19366K(19520K) Class: 3464K(3584K)->3464K(3584K)
[3.532s][info][gc          ] GC(17) Pause Young (Prepare Mixed) (G1 Evacuation Pause) 107M->85M(147M) 3.473ms
[3.532s][info][gc,cpu      ] GC(17) User=0.00s Sys=0.00s Real=0.00s
[3.540s][info][gc,start    ] GC(18) Pause Young (Mixed) (G1 Evacuation Pause)
[3.540s][info][gc,task     ] GC(18) Using 10 workers of 10 for evacuation
[3.542s][info][gc,phases   ] GC(18)   Pre Evacuate Collection Set: 0.0ms
[3.542s][info][gc,phases   ] GC(18)   Merge Heap Roots: 0.1ms
[3.542s][info][gc,phases   ] GC(18)   Evacuate Collection Set: 1.5ms
[3.542s][info][gc,phases   ] GC(18)   Post Evacuate Collection Set: 0.9ms
[3.542s][info][gc,phases   ] GC(18)   Other: 0.1ms
[3.542s][info][gc,heap     ] GC(18) Eden regions: 3->0(125)
[3.542s][info][gc,heap     ] GC(18) Survivor regions: 4->1(1)
[3.542s][info][gc,heap     ] GC(18) Old regions: 82->84
[3.542s][info][gc,heap     ] GC(18) Archive regions: 0->0
[3.542s][info][gc,heap     ] GC(18) Humongous regions: 0->0
[3.542s][info][gc,metaspace] GC(18) Metaspace: 22833K(23104K)->22833K(23104K) NonClass: 19368K(19520K)->19368K(19520K) Class: 3464K(3584K)->3464K(3584K)
[3.542s][info][gc          ] GC(18) Pause Young (Mixed) (G1 Evacuation Pause) 88M->84M(294M) 2.733ms
[3.542s][info][gc,cpu      ] GC(18) User=0.00s Sys=0.00s Real=0.00s
[4.017s][info][gc,start    ] GC(19) Pause Young (Normal) (G1 Evacuation Pause)
[4.017s][info][gc,task     ] GC(19) Using 10 workers of 10 for evacuation
[4.024s][info][gc,phases   ] GC(19)   Pre Evacuate Collection Set: 0.1ms
[4.024s][info][gc,phases   ] GC(19)   Merge Heap Roots: 0.1ms
[4.024s][info][gc,phases   ] GC(19)   Evacuate Collection Set: 5.6ms
[4.024s][info][gc,phases   ] GC(19)   Post Evacuate Collection Set: 0.3ms
[4.024s][info][gc,phases   ] GC(19)   Other: 0.1ms
[4.024s][info][gc,heap     ] GC(19) Eden regions: 125->0(112)
[4.024s][info][gc,heap     ] GC(19) Survivor regions: 1->15(16)
[4.024s][info][gc,heap     ] GC(19) Old regions: 84->84
[4.024s][info][gc,heap     ] GC(19) Archive regions: 0->0
[4.024s][info][gc,heap     ] GC(19) Humongous regions: 1->1
[4.024s][info][gc,metaspace] GC(19) Metaspace: 22907K(23168K)->22907K(23168K) NonClass: 19435K(19584K)->19435K(19584K) Class: 3472K(3584K)->3472K(3584K)
[4.024s][info][gc          ] GC(19) Pause Young (Normal) (G1 Evacuation Pause) 210M->99M(294M) 6.304ms
[4.024s][info][gc,cpu      ] GC(19) User=0.16s Sys=0.02s Real=0.01s
[4.707s][info][gc,start    ] GC(20) Pause Young (Normal) (G1 Evacuation Pause)
[4.707s][info][gc,task     ] GC(20) Using 10 workers of 10 for evacuation
[4.714s][info][gc,phases   ] GC(20)   Pre Evacuate Collection Set: 0.1ms
[4.714s][info][gc,phases   ] GC(20)   Merge Heap Roots: 0.1ms
[4.714s][info][gc,phases   ] GC(20)   Evacuate Collection Set: 6.0ms
[4.714s][info][gc,phases   ] GC(20)   Post Evacuate Collection Set: 0.5ms
[4.714s][info][gc,phases   ] GC(20)   Other: 0.1ms
[4.714s][info][gc,heap     ] GC(20) Eden regions: 112->0(110)
[4.714s][info][gc,heap     ] GC(20) Survivor regions: 15->11(16)
[4.714s][info][gc,heap     ] GC(20) Old regions: 84->98
[4.714s][info][gc,heap     ] GC(20) Archive regions: 0->0
[4.714s][info][gc,heap     ] GC(20) Humongous regions: 1->1
[4.714s][info][gc,metaspace] GC(20) Metaspace: 24163K(24512K)->24163K(24512K) NonClass: 20585K(20736K)->20585K(20736K) Class: 3577K(3776K)->3577K(3776K)
[4.714s][info][gc          ] GC(20) Pause Young (Normal) (G1 Evacuation Pause) 211M->109M(294M) 6.864ms
[4.714s][info][gc,cpu      ] GC(20) User=0.19s Sys=0.00s Real=0.01s
[5.218s][info][gc,start    ] GC(21) Pause Young (Normal) (G1 Evacuation Pause)
[5.218s][info][gc,task     ] GC(21) Using 10 workers of 10 for evacuation
[5.224s][info][gc,phases   ] GC(21)   Pre Evacuate Collection Set: 0.1ms
[5.224s][info][gc,phases   ] GC(21)   Merge Heap Roots: 0.1ms
[5.224s][info][gc,phases   ] GC(21)   Evacuate Collection Set: 5.2ms
[5.224s][info][gc,phases   ] GC(21)   Post Evacuate Collection Set: 0.4ms
[5.224s][info][gc,phases   ] GC(21)   Other: 0.1ms
[5.224s][info][gc,heap     ] GC(21) Eden regions: 110->0(110)
[5.224s][info][gc,heap     ] GC(21) Survivor regions: 11->9(16)
[5.224s][info][gc,heap     ] GC(21) Old regions: 98->108
[5.224s][info][gc,heap     ] GC(21) Archive regions: 0->0
[5.224s][info][gc,heap     ] GC(21) Humongous regions: 1->1
[5.224s][info][gc,metaspace] GC(21) Metaspace: 24546K(24896K)->24546K(24896K) NonClass: 20947K(21120K)->20947K(21120K) Class: 3598K(3776K)->3598K(3776K)
[5.224s][info][gc          ] GC(21) Pause Young (Normal) (G1 Evacuation Pause) 219M->117M(294M) 6.055ms
[5.224s][info][gc,cpu      ] GC(21) User=0.00s Sys=0.00s Real=0.01s
[5.593s][info][gc,start    ] GC(22) Pause Young (Normal) (G1 Evacuation Pause)
[5.593s][info][gc,task     ] GC(22) Using 10 workers of 10 for evacuation
[5.599s][info][gc,phases   ] GC(22)   Pre Evacuate Collection Set: 0.1ms
[5.599s][info][gc,phases   ] GC(22)   Merge Heap Roots: 0.2ms
[5.599s][info][gc,phases   ] GC(22)   Evacuate Collection Set: 4.8ms
[5.599s][info][gc,phases   ] GC(22)   Post Evacuate Collection Set: 0.9ms
[5.599s][info][gc,phases   ] GC(22)   Other: 0.3ms
[5.599s][info][gc,heap     ] GC(22) Eden regions: 110->0(107)
[5.599s][info][gc,heap     ] GC(22) Survivor regions: 9->9(15)
[5.599s][info][gc,heap     ] GC(22) Old regions: 108->117
[5.599s][info][gc,heap     ] GC(22) Archive regions: 0->0
[5.599s][info][gc,heap     ] GC(22) Humongous regions: 1->1
[5.599s][info][gc,metaspace] GC(22) Metaspace: 24581K(24896K)->24581K(24896K) NonClass: 20983K(21120K)->20983K(21120K) Class: 3598K(3776K)->3598K(3776K)
[5.599s][info][gc          ] GC(22) Pause Young (Normal) (G1 Evacuation Pause) 227M->125M(294M) 6.645ms
[5.599s][info][gc,cpu      ] GC(22) User=0.00s Sys=0.00s Real=0.01s
[6.117s][info][gc,start    ] GC(23) Pause Young (Normal) (G1 Evacuation Pause)
[6.117s][info][gc,task     ] GC(23) Using 10 workers of 10 for evacuation
[6.122s][info][gc,phases   ] GC(23)   Pre Evacuate Collection Set: 0.0ms
[6.122s][info][gc,phases   ] GC(23)   Merge Heap Roots: 0.1ms
[6.122s][info][gc,phases   ] GC(23)   Evacuate Collection Set: 3.8ms
[6.122s][info][gc,phases   ] GC(23)   Post Evacuate Collection Set: 0.5ms
[6.122s][info][gc,phases   ] GC(23)   Other: 0.1ms
[6.122s][info][gc,heap     ] GC(23) Eden regions: 107->0(103)
[6.122s][info][gc,heap     ] GC(23) Survivor regions: 9->8(15)
[6.122s][info][gc,heap     ] GC(23) Old regions: 117->125
[6.122s][info][gc,heap     ] GC(23) Archive regions: 0->0
[6.122s][info][gc,heap     ] GC(23) Humongous regions: 1->1
[6.122s][info][gc,metaspace] GC(23) Metaspace: 25239K(25536K)->25239K(25536K) NonClass: 21554K(21696K)->21554K(21696K) Class: 3685K(3840K)->3685K(3840K)
[6.122s][info][gc          ] GC(23) Pause Young (Normal) (G1 Evacuation Pause) 232M->132M(294M) 4.723ms
[6.122s][info][gc,cpu      ] GC(23) User=0.00s Sys=0.00s Real=0.00s
[6.467s][info][gc,start    ] GC(24) Pause Young (Normal) (G1 Evacuation Pause)
[6.467s][info][gc,task     ] GC(24) Using 10 workers of 10 for evacuation
[6.472s][info][gc,phases   ] GC(24)   Pre Evacuate Collection Set: 0.1ms
[6.472s][info][gc,phases   ] GC(24)   Merge Heap Roots: 0.1ms
[6.472s][info][gc,phases   ] GC(24)   Evacuate Collection Set: 3.8ms
[6.472s][info][gc,phases   ] GC(24)   Post Evacuate Collection Set: 0.3ms
[6.472s][info][gc,phases   ] GC(24)   Other: 0.1ms
[6.472s][info][gc,heap     ] GC(24) Eden regions: 103->0(95)
[6.472s][info][gc,heap     ] GC(24) Survivor regions: 8->10(14)
[6.472s][info][gc,heap     ] GC(24) Old regions: 125->132
[6.472s][info][gc,heap     ] GC(24) Archive regions: 0->0
[6.472s][info][gc,heap     ] GC(24) Humongous regions: 1->1
[6.472s][info][gc,metaspace] GC(24) Metaspace: 25268K(25536K)->25268K(25536K) NonClass: 21583K(21696K)->21583K(21696K) Class: 3685K(3840K)->3685K(3840K)
[6.472s][info][gc          ] GC(24) Pause Young (Normal) (G1 Evacuation Pause) 235M->141M(294M) 4.513ms
[6.472s][info][gc,cpu      ] GC(24) User=0.00s Sys=0.00s Real=0.00s
[6.869s][info][gc,start    ] GC(25) Pause Young (Concurrent Start) (G1 Evacuation Pause)
[6.869s][info][gc,task     ] GC(25) Using 10 workers of 10 for evacuation
[6.874s][info][gc,phases   ] GC(25)   Pre Evacuate Collection Set: 0.1ms
[6.874s][info][gc,phases   ] GC(25)   Merge Heap Roots: 0.1ms
[6.874s][info][gc,phases   ] GC(25)   Evacuate Collection Set: 3.2ms
[6.874s][info][gc,phases   ] GC(25)   Post Evacuate Collection Set: 0.8ms
[6.874s][info][gc,phases   ] GC(25)   Other: 0.2ms
[6.874s][info][gc,heap     ] GC(25) Eden regions: 95->0(92)
[6.874s][info][gc,heap     ] GC(25) Survivor regions: 10->8(14)
[6.874s][info][gc,heap     ] GC(25) Old regions: 132->139
[6.874s][info][gc,heap     ] GC(25) Archive regions: 0->0
[6.874s][info][gc,heap     ] GC(25) Humongous regions: 1->1
[6.874s][info][gc,metaspace] GC(25) Metaspace: 25781K(26112K)->25781K(26112K) NonClass: 22035K(22208K)->22035K(22208K) Class: 3745K(3904K)->3745K(3904K)
[6.874s][info][gc          ] GC(25) Pause Young (Concurrent Start) (G1 Evacuation Pause) 236M->147M(294M) 4.853ms
[6.874s][info][gc,cpu      ] GC(25) User=0.00s Sys=0.00s Real=0.01s
[6.874s][info][gc          ] GC(26) Concurrent Mark Cycle
[6.874s][info][gc,marking  ] GC(26) Concurrent Clear Claimed Marks
[6.874s][info][gc,marking  ] GC(26) Concurrent Clear Claimed Marks 0.049ms
[6.874s][info][gc,marking  ] GC(26) Concurrent Scan Root Regions
[6.878s][info][gc,marking  ] GC(26) Concurrent Scan Root Regions 3.857ms
[6.878s][info][gc,marking  ] GC(26) Concurrent Mark
[6.878s][info][gc,marking  ] GC(26) Concurrent Mark From Roots
[6.878s][info][gc,task     ] GC(26) Using 3 workers of 3 for marking
[6.920s][info][gc,marking  ] GC(26) Concurrent Mark From Roots 41.300ms
[6.920s][info][gc,marking  ] GC(26) Concurrent Preclean
[6.920s][info][gc,marking  ] GC(26) Concurrent Preclean 0.035ms
[6.920s][info][gc,start    ] GC(26) Pause Remark
[6.922s][info][gc          ] GC(26) Pause Remark 154M->154M(294M) 1.944ms
[6.922s][info][gc,cpu      ] GC(26) User=0.00s Sys=0.00s Real=0.00s
[6.922s][info][gc,marking  ] GC(26) Concurrent Mark 43.517ms
[6.922s][info][gc,marking  ] GC(26) Concurrent Rebuild Remembered Sets
[6.962s][info][gc,marking  ] GC(26) Concurrent Rebuild Remembered Sets 40.239ms
[6.962s][info][gc,start    ] GC(26) Pause Cleanup
[6.962s][info][gc          ] GC(26) Pause Cleanup 163M->163M(294M) 0.143ms
[6.962s][info][gc,cpu      ] GC(26) User=0.00s Sys=0.00s Real=0.00s
[6.962s][info][gc,marking  ] GC(26) Concurrent Cleanup for Next Mark
[6.963s][info][gc,marking  ] GC(26) Concurrent Cleanup for Next Mark 0.469ms
[6.963s][info][gc          ] GC(26) Concurrent Mark Cycle 88.762ms
[7.435s][info][gc,start    ] GC(27) Pause Young (Prepare Mixed) (G1 Evacuation Pause)
[7.435s][info][gc,task     ] GC(27) Using 10 workers of 10 for evacuation
[7.443s][info][gc,phases   ] GC(27)   Pre Evacuate Collection Set: 0.1ms
[7.443s][info][gc,phases   ] GC(27)   Merge Heap Roots: 0.1ms
[7.443s][info][gc,phases   ] GC(27)   Evacuate Collection Set: 6.8ms
[7.443s][info][gc,phases   ] GC(27)   Post Evacuate Collection Set: 0.5ms
[7.443s][info][gc,phases   ] GC(27)   Other: 0.1ms
[7.443s][info][gc,heap     ] GC(27) Eden regions: 92->0(1)
[7.443s][info][gc,heap     ] GC(27) Survivor regions: 8->13(13)
[7.443s][info][gc,heap     ] GC(27) Old regions: 139->149
[7.443s][info][gc,heap     ] GC(27) Archive regions: 0->0
[7.443s][info][gc,heap     ] GC(27) Humongous regions: 1->1
[7.443s][info][gc,metaspace] GC(27) Metaspace: 26390K(26688K)->26390K(26688K) NonClass: 22530K(22656K)->22530K(22656K) Class: 3860K(4032K)->3860K(4032K)
[7.443s][info][gc          ] GC(27) Pause Young (Prepare Mixed) (G1 Evacuation Pause) 239M->163M(294M) 7.888ms
[7.443s][info][gc,cpu      ] GC(27) User=0.00s Sys=0.00s Real=0.01s
[7.456s][info][gc,start    ] GC(28) Pause Young (Mixed) (G1 Evacuation Pause)
[7.456s][info][gc,task     ] GC(28) Using 10 workers of 10 for evacuation
[7.461s][info][gc,phases   ] GC(28)   Pre Evacuate Collection Set: 0.1ms
[7.461s][info][gc,phases   ] GC(28)   Merge Heap Roots: 0.1ms
[7.461s][info][gc,phases   ] GC(28)   Evacuate Collection Set: 4.4ms
[7.461s][info][gc,phases   ] GC(28)   Post Evacuate Collection Set: 0.3ms
[7.461s][info][gc,phases   ] GC(28)   Other: 0.1ms
[7.461s][info][gc,heap     ] GC(28) Eden regions: 1->0(70)
[7.461s][info][gc,heap     ] GC(28) Survivor regions: 13->2(2)
[7.461s][info][gc,heap     ] GC(28) Old regions: 149->161
[7.461s][info][gc,heap     ] GC(28) Archive regions: 0->0
[7.461s][info][gc,heap     ] GC(28) Humongous regions: 1->1
[7.461s][info][gc,metaspace] GC(28) Metaspace: 26428K(26752K)->26428K(26752K) NonClass: 22559K(22720K)->22559K(22720K) Class: 3868K(4032K)->3868K(4032K)
[7.461s][info][gc          ] GC(28) Pause Young (Mixed) (G1 Evacuation Pause) 164M->162M(294M) 5.185ms
[7.461s][info][gc,cpu      ] GC(28) User=0.17s Sys=0.00s Real=0.00s
[7.831s][info][gc,start    ] GC(29) Pause Young (Concurrent Start) (G1 Evacuation Pause)
[7.831s][info][gc,task     ] GC(29) Using 10 workers of 10 for evacuation
[7.834s][info][gc,phases   ] GC(29)   Pre Evacuate Collection Set: 0.1ms
[7.834s][info][gc,phases   ] GC(29)   Merge Heap Roots: 0.0ms
[7.834s][info][gc,phases   ] GC(29)   Evacuate Collection Set: 2.0ms
[7.834s][info][gc,phases   ] GC(29)   Post Evacuate Collection Set: 0.3ms
[7.834s][info][gc,phases   ] GC(29)   Other: 0.1ms
[7.834s][info][gc,heap     ] GC(29) Eden regions: 70->0(68)
[7.834s][info][gc,heap     ] GC(29) Survivor regions: 2->7(9)
[7.834s][info][gc,heap     ] GC(29) Old regions: 161->161
[7.834s][info][gc,heap     ] GC(29) Archive regions: 0->0
[7.834s][info][gc,heap     ] GC(29) Humongous regions: 1->1
[7.834s][info][gc,metaspace] GC(29) Metaspace: 26537K(26816K)->26537K(26816K) NonClass: 22664K(22784K)->22664K(22784K) Class: 3872K(4032K)->3872K(4032K)
[7.834s][info][gc          ] GC(29) Pause Young (Concurrent Start) (G1 Evacuation Pause) 232M->168M(294M) 2.654ms
[7.834s][info][gc          ] GC(30) Concurrent Mark Cycle
[7.834s][info][gc,cpu      ] GC(29) User=0.00s Sys=0.00s Real=0.00s
[7.834s][info][gc,marking  ] GC(30) Concurrent Clear Claimed Marks
[7.834s][info][gc,marking  ] GC(30) Concurrent Clear Claimed Marks 0.043ms
[7.834s][info][gc,marking  ] GC(30) Concurrent Scan Root Regions
[7.835s][info][gc,marking  ] GC(30) Concurrent Scan Root Regions 1.355ms
[7.836s][info][gc,marking  ] GC(30) Concurrent Mark
[7.836s][info][gc,marking  ] GC(30) Concurrent Mark From Roots
[7.836s][info][gc,task     ] GC(30) Using 3 workers of 3 for marking
[7.898s][info][gc,marking  ] GC(30) Concurrent Mark From Roots 62.627ms
[7.898s][info][gc,marking  ] GC(30) Concurrent Preclean
[7.898s][info][gc,marking  ] GC(30) Concurrent Preclean 0.091ms
[7.899s][info][gc,start    ] GC(30) Pause Remark
[7.903s][info][gc          ] GC(30) Pause Remark 179M->179M(302M) 4.749ms
[7.903s][info][gc,cpu      ] GC(30) User=0.00s Sys=0.00s Real=0.01s
[7.903s][info][gc,marking  ] GC(30) Concurrent Mark 67.889ms
[7.903s][info][gc,marking  ] GC(30) Concurrent Rebuild Remembered Sets
[7.941s][info][gc,marking  ] GC(30) Concurrent Rebuild Remembered Sets 37.429ms
[7.941s][info][gc,start    ] GC(30) Pause Cleanup
[7.941s][info][gc          ] GC(30) Pause Cleanup 188M->188M(302M) 0.140ms
[7.941s][info][gc,cpu      ] GC(30) User=0.00s Sys=0.00s Real=0.00s
[7.941s][info][gc,marking  ] GC(30) Concurrent Cleanup for Next Mark
[7.942s][info][gc,marking  ] GC(30) Concurrent Cleanup for Next Mark 0.677ms
[7.942s][info][gc          ] GC(30) Concurrent Mark Cycle 107.894ms
[8.106s][info][gc,start    ] GC(31) Pause Young (Prepare Mixed) (G1 Evacuation Pause)
[8.106s][info][gc,task     ] GC(31) Using 10 workers of 10 for evacuation
[8.110s][info][gc,phases   ] GC(31)   Pre Evacuate Collection Set: 0.1ms
[8.110s][info][gc,phases   ] GC(31)   Merge Heap Roots: 0.1ms
[8.110s][info][gc,phases   ] GC(31)   Evacuate Collection Set: 3.5ms
[8.110s][info][gc,phases   ] GC(31)   Post Evacuate Collection Set: 0.3ms
[8.110s][info][gc,phases   ] GC(31)   Other: 0.1ms
[8.110s][info][gc,heap     ] GC(31) Eden regions: 68->0(7)
[8.110s][info][gc,heap     ] GC(31) Survivor regions: 7->8(10)
[8.110s][info][gc,heap     ] GC(31) Old regions: 161->167
[8.110s][info][gc,heap     ] GC(31) Archive regions: 0->0
[8.110s][info][gc,heap     ] GC(31) Humongous regions: 1->1
[8.110s][info][gc,metaspace] GC(31) Metaspace: 26543K(26816K)->26543K(26816K) NonClass: 22671K(22784K)->22671K(22784K) Class: 3872K(4032K)->3872K(4032K)
[8.110s][info][gc          ] GC(31) Pause Young (Prepare Mixed) (G1 Evacuation Pause) 236M->175M(302M) 4.229ms
[8.110s][info][gc,cpu      ] GC(31) User=0.00s Sys=0.00s Real=0.01s
[8.136s][info][gc,start    ] GC(32) Pause Young (Mixed) (G1 Evacuation Pause)
[8.136s][info][gc,task     ] GC(32) Using 10 workers of 10 for evacuation
[8.139s][info][gc,phases   ] GC(32)   Pre Evacuate Collection Set: 0.0ms
[8.139s][info][gc,phases   ] GC(32)   Merge Heap Roots: 0.1ms
[8.139s][info][gc,phases   ] GC(32)   Evacuate Collection Set: 2.1ms
[8.139s][info][gc,phases   ] GC(32)   Post Evacuate Collection Set: 0.3ms
[8.139s][info][gc,phases   ] GC(32)   Other: 0.1ms
[8.139s][info][gc,heap     ] GC(32) Eden regions: 7->0(69)
[8.139s][info][gc,heap     ] GC(32) Survivor regions: 8->2(2)
[8.139s][info][gc,heap     ] GC(32) Old regions: 167->173
[8.139s][info][gc,heap     ] GC(32) Archive regions: 0->0
[8.139s][info][gc,heap     ] GC(32) Humongous regions: 1->1
[8.139s][info][gc,metaspace] GC(32) Metaspace: 26543K(26816K)->26543K(26816K) NonClass: 22671K(22784K)->22671K(22784K) Class: 3872K(4032K)->3872K(4032K)
[8.139s][info][gc          ] GC(32) Pause Young (Mixed) (G1 Evacuation Pause) 182M->174M(302M) 2.902ms
[8.139s][info][gc,cpu      ] GC(32) User=0.00s Sys=0.00s Real=0.00s
[8.361s][info][gc,start    ] GC(33) Pause Young (Normal) (G1 Evacuation Pause)
[8.361s][info][gc,task     ] GC(33) Using 10 workers of 10 for evacuation
[8.373s][info][gc,phases   ] GC(33)   Pre Evacuate Collection Set: 0.1ms
[8.373s][info][gc,phases   ] GC(33)   Merge Heap Roots: 0.1ms
[8.373s][info][gc,phases   ] GC(33)   Evacuate Collection Set: 11.1ms
[8.373s][info][gc,phases   ] GC(33)   Post Evacuate Collection Set: 0.4ms
[8.373s][info][gc,phases   ] GC(33)   Other: 0.1ms
[8.373s][info][gc,heap     ] GC(33) Eden regions: 69->0(24)
[8.373s][info][gc,heap     ] GC(33) Survivor regions: 2->9(9)
[8.373s][info][gc,heap     ] GC(33) Old regions: 173->205
[8.373s][info][gc,heap     ] GC(33) Archive regions: 0->0
[8.373s][info][gc,heap     ] GC(33) Humongous regions: 1->1
[8.373s][info][gc,metaspace] GC(33) Metaspace: 27159K(27456K)->27159K(27456K) NonClass: 23224K(23360K)->23224K(23360K) Class: 3934K(4096K)->3934K(4096K)
[8.373s][info][gc          ] GC(33) Pause Young (Normal) (G1 Evacuation Pause) 243M->214M(302M) 11.912ms
[8.373s][info][gc,cpu      ] GC(33) User=0.16s Sys=0.00s Real=0.01s
[8.424s][info][gc,start    ] GC(34) Pause Young (Normal) (G1 Evacuation Pause)
[8.425s][info][gc,task     ] GC(34) Using 10 workers of 10 for evacuation
[8.436s][info][gc,phases   ] GC(34)   Pre Evacuate Collection Set: 0.1ms
[8.436s][info][gc,phases   ] GC(34)   Merge Heap Roots: 0.3ms
[8.436s][info][gc,phases   ] GC(34)   Evacuate Collection Set: 10.2ms
[8.436s][info][gc,phases   ] GC(34)   Post Evacuate Collection Set: 0.4ms
[8.436s][info][gc,phases   ] GC(34)   Other: 0.1ms
[8.436s][info][gc,heap     ] GC(34) Eden regions: 24->0(13)
[8.436s][info][gc,heap     ] GC(34) Survivor regions: 9->5(5)
[8.436s][info][gc,heap     ] GC(34) Old regions: 205->230
[8.436s][info][gc,heap     ] GC(34) Archive regions: 0->0
[8.436s][info][gc,heap     ] GC(34) Humongous regions: 1->1
[8.436s][info][gc,metaspace] GC(34) Metaspace: 27161K(27456K)->27161K(27456K) NonClass: 23226K(23360K)->23226K(23360K) Class: 3934K(4096K)->3934K(4096K)
[8.436s][info][gc          ] GC(34) Pause Young (Normal) (G1 Evacuation Pause) 238M->235M(302M) 11.210ms
[8.436s][info][gc,cpu      ] GC(34) User=0.11s Sys=0.00s Real=0.01s
[8.447s][info][gc,start    ] GC(35) Pause Young (Normal) (G1 Evacuation Pause)
[8.447s][info][gc,task     ] GC(35) Using 10 workers of 10 for evacuation
[8.456s][info][gc,phases   ] GC(35)   Pre Evacuate Collection Set: 0.0ms
[8.456s][info][gc,phases   ] GC(35)   Merge Heap Roots: 0.2ms
[8.456s][info][gc,phases   ] GC(35)   Evacuate Collection Set: 6.7ms
[8.456s][info][gc,phases   ] GC(35)   Post Evacuate Collection Set: 1.5ms
[8.456s][info][gc,phases   ] GC(35)   Other: 0.1ms
[8.456s][info][gc,heap     ] GC(35) Eden regions: 13->0(94)
[8.456s][info][gc,heap     ] GC(35) Survivor regions: 5->3(3)
[8.456s][info][gc,heap     ] GC(35) Old regions: 230->245
[8.456s][info][gc,heap     ] GC(35) Archive regions: 0->0
[8.456s][info][gc,heap     ] GC(35) Humongous regions: 1->1
[8.456s][info][gc,metaspace] GC(35) Metaspace: 27161K(27456K)->27161K(27456K) NonClass: 23226K(23360K)->23226K(23360K) Class: 3934K(4096K)->3934K(4096K)
[8.456s][info][gc          ] GC(35) Pause Young (Normal) (G1 Evacuation Pause) 248M->249M(543M) 8.693ms
[8.456s][info][gc,cpu      ] GC(35) User=0.00s Sys=0.00s Real=0.01s
[8.534s][info][gc,start    ] GC(36) Pause Young (Normal) (G1 Evacuation Pause)
[8.534s][info][gc,task     ] GC(36) Using 10 workers of 10 for evacuation
[8.561s][info][gc,phases   ] GC(36)   Pre Evacuate Collection Set: 0.1ms
[8.561s][info][gc,phases   ] GC(36)   Merge Heap Roots: 0.1ms
[8.561s][info][gc,phases   ] GC(36)   Evacuate Collection Set: 26.7ms
[8.561s][info][gc,phases   ] GC(36)   Post Evacuate Collection Set: 0.3ms
[8.561s][info][gc,phases   ] GC(36)   Other: 0.1ms
[8.561s][info][gc,heap     ] GC(36) Eden regions: 94->0(49)
[8.561s][info][gc,heap     ] GC(36) Survivor regions: 3->13(13)
[8.561s][info][gc,heap     ] GC(36) Old regions: 245->329
[8.561s][info][gc,heap     ] GC(36) Archive regions: 0->0
[8.561s][info][gc,heap     ] GC(36) Humongous regions: 1->1
[8.561s][info][gc,metaspace] GC(36) Metaspace: 27161K(27456K)->27161K(27456K) NonClass: 23226K(23360K)->23226K(23360K) Class: 3934K(4096K)->3934K(4096K)
[8.561s][info][gc          ] GC(36) Pause Young (Normal) (G1 Evacuation Pause) 343M->342M(543M) 27.440ms
[8.561s][info][gc,cpu      ] GC(36) User=0.28s Sys=0.02s Real=0.03s
[8.588s][info][gc,start    ] GC(37) Pause Young (Normal) (G1 Evacuation Pause)
[8.588s][info][gc,task     ] GC(37) Using 10 workers of 10 for evacuation
[8.607s][info][gc,phases   ] GC(37)   Pre Evacuate Collection Set: 0.1ms
[8.607s][info][gc,phases   ] GC(37)   Merge Heap Roots: 0.1ms
[8.607s][info][gc,phases   ] GC(37)   Evacuate Collection Set: 18.5ms
[8.607s][info][gc,phases   ] GC(37)   Post Evacuate Collection Set: 0.3ms
[8.607s][info][gc,phases   ] GC(37)   Other: 0.1ms
[8.607s][info][gc,heap     ] GC(37) Eden regions: 49->0(29)
[8.607s][info][gc,heap     ] GC(37) Survivor regions: 13->8(8)
[8.607s][info][gc,heap     ] GC(37) Old regions: 329->385
[8.607s][info][gc,heap     ] GC(37) Archive regions: 0->0
[8.607s][info][gc,heap     ] GC(37) Humongous regions: 1->1
[8.607s][info][gc,metaspace] GC(37) Metaspace: 27161K(27456K)->27161K(27456K) NonClass: 23226K(23360K)->23226K(23360K) Class: 3934K(4096K)->3934K(4096K)
[8.607s][info][gc          ] GC(37) Pause Young (Normal) (G1 Evacuation Pause) 391M->393M(543M) 19.174ms
[8.607s][info][gc,cpu      ] GC(37) User=0.14s Sys=0.02s Real=0.02s
[8.622s][info][gc,start    ] GC(38) Pause Young (Concurrent Start) (G1 Evacuation Pause)
[8.622s][info][gc,task     ] GC(38) Using 10 workers of 10 for evacuation
[8.633s][info][gc,phases   ] GC(38)   Pre Evacuate Collection Set: 0.1ms
[8.633s][info][gc,phases   ] GC(38)   Merge Heap Roots: 0.1ms
[8.633s][info][gc,phases   ] GC(38)   Evacuate Collection Set: 10.4ms
[8.633s][info][gc,phases   ] GC(38)   Post Evacuate Collection Set: 0.3ms
[8.633s][info][gc,phases   ] GC(38)   Other: 0.1ms
[8.633s][info][gc,heap     ] GC(38) Eden regions: 29->0(22)
[8.633s][info][gc,heap     ] GC(38) Survivor regions: 8->5(5)
[8.633s][info][gc,heap     ] GC(38) Old regions: 385->420
[8.633s][info][gc,heap     ] GC(38) Archive regions: 0->0
[8.633s][info][gc,heap     ] GC(38) Humongous regions: 1->1
[8.633s][info][gc,metaspace] GC(38) Metaspace: 27161K(27456K)->27161K(27456K) NonClass: 23226K(23360K)->23226K(23360K) Class: 3934K(4096K)->3934K(4096K)
[8.633s][info][gc          ] GC(38) Pause Young (Concurrent Start) (G1 Evacuation Pause) 422M->425M(543M) 11.191ms
[8.633s][info][gc          ] GC(39) Concurrent Mark Cycle
[8.633s][info][gc,cpu      ] GC(38) User=0.02s Sys=0.00s Real=0.01s
[8.633s][info][gc,marking  ] GC(39) Concurrent Clear Claimed Marks
[8.633s][info][gc,marking  ] GC(39) Concurrent Clear Claimed Marks 0.049ms
[8.633s][info][gc,marking  ] GC(39) Concurrent Scan Root Regions
[8.641s][info][gc,marking  ] GC(39) Concurrent Scan Root Regions 7.934ms
[8.641s][info][gc,marking  ] GC(39) Concurrent Mark
[8.641s][info][gc,marking  ] GC(39) Concurrent Mark From Roots
[8.641s][info][gc,task     ] GC(39) Using 3 workers of 3 for marking
[8.650s][info][gc,start    ] GC(40) Pause Young (Normal) (G1 Evacuation Pause)
[8.650s][info][gc,task     ] GC(40) Using 10 workers of 10 for evacuation
[8.661s][info][gc,phases   ] GC(40)   Pre Evacuate Collection Set: 0.1ms
[8.661s][info][gc,phases   ] GC(40)   Merge Heap Roots: 0.1ms
[8.661s][info][gc,phases   ] GC(40)   Evacuate Collection Set: 7.1ms
[8.661s][info][gc,phases   ] GC(40)   Post Evacuate Collection Set: 3.8ms
[8.661s][info][gc,phases   ] GC(40)   Other: 0.1ms
[8.661s][info][gc,heap     ] GC(40) Eden regions: 22->0(184)
[8.661s][info][gc,heap     ] GC(40) Survivor regions: 5->4(4)
[8.661s][info][gc,heap     ] GC(40) Old regions: 420->444
[8.661s][info][gc,heap     ] GC(40) Archive regions: 0->0
[8.661s][info][gc,heap     ] GC(40) Humongous regions: 1->1
[8.661s][info][gc,metaspace] GC(40) Metaspace: 27161K(27456K)->27161K(27456K) NonClass: 23226K(23360K)->23226K(23360K) Class: 3934K(4096K)->3934K(4096K)
[8.661s][info][gc          ] GC(40) Pause Young (Normal) (G1 Evacuation Pause) 447M->448M(1136M) 11.311ms
[8.661s][info][gc,cpu      ] GC(40) User=0.00s Sys=0.00s Real=0.01s
[8.826s][info][gc,marking  ] GC(39) Concurrent Mark From Roots 184.971ms
[8.826s][info][gc,marking  ] GC(39) Concurrent Preclean
[8.826s][info][gc,marking  ] GC(39) Concurrent Preclean 0.042ms
[8.826s][info][gc,start    ] GC(39) Pause Remark
[8.828s][info][gc          ] GC(39) Pause Remark 527M->527M(1136M) 2.123ms
[8.828s][info][gc,cpu      ] GC(39) User=0.00s Sys=0.00s Real=0.00s
[8.829s][info][gc,marking  ] GC(39) Concurrent Mark 187.394ms
[8.829s][info][gc,marking  ] GC(39) Concurrent Rebuild Remembered Sets
[8.950s][info][gc,marking  ] GC(39) Concurrent Rebuild Remembered Sets 121.387ms
[8.950s][info][gc,start    ] GC(39) Pause Cleanup
[8.950s][info][gc          ] GC(39) Pause Cleanup 541M->541M(1136M) 0.272ms
[8.950s][info][gc,cpu      ] GC(39) User=0.00s Sys=0.00s Real=0.00s
[8.950s][info][gc,marking  ] GC(39) Concurrent Cleanup for Next Mark
[8.953s][info][gc,marking  ] GC(39) Concurrent Cleanup for Next Mark 3.039ms
[8.953s][info][gc          ] GC(39) Concurrent Mark Cycle 320.457ms
[9.465s][info][gc,start    ] GC(41) Pause Young (Prepare Mixed) (G1 Evacuation Pause)
[9.465s][info][gc,task     ] GC(41) Using 10 workers of 10 for evacuation
[9.493s][info][gc,phases   ] GC(41)   Pre Evacuate Collection Set: 0.1ms
[9.493s][info][gc,phases   ] GC(41)   Merge Heap Roots: 0.2ms
[9.493s][info][gc,phases   ] GC(41)   Evacuate Collection Set: 26.8ms
[9.493s][info][gc,phases   ] GC(41)   Post Evacuate Collection Set: 0.5ms
[9.493s][info][gc,phases   ] GC(41)   Other: 0.1ms
[9.493s][info][gc,heap     ] GC(41) Eden regions: 184->0(32)
[9.493s][info][gc,heap     ] GC(41) Survivor regions: 4->24(24)
[9.493s][info][gc,heap     ] GC(41) Old regions: 444->517
[9.493s][info][gc,heap     ] GC(41) Archive regions: 0->0
[9.493s][info][gc,heap     ] GC(41) Humongous regions: 1->1
[9.493s][info][gc,metaspace] GC(41) Metaspace: 28792K(29120K)->28792K(29120K) NonClass: 24676K(24832K)->24676K(24832K) Class: 4115K(4288K)->4115K(4288K)
[9.493s][info][gc          ] GC(41) Pause Young (Prepare Mixed) (G1 Evacuation Pause) 632M->541M(1136M) 27.867ms
[9.493s][info][gc,cpu      ] GC(41) User=0.31s Sys=0.00s Real=0.03s
[9.610s][info][gc,start    ] GC(42) Pause Young (Mixed) (G1 Evacuation Pause)
[9.610s][info][gc,task     ] GC(42) Using 10 workers of 10 for evacuation
[9.618s][info][gc,phases   ] GC(42)   Pre Evacuate Collection Set: 0.1ms
[9.618s][info][gc,phases   ] GC(42)   Merge Heap Roots: 0.1ms
[9.618s][info][gc,phases   ] GC(42)   Evacuate Collection Set: 7.4ms
[9.618s][info][gc,phases   ] GC(42)   Post Evacuate Collection Set: 0.4ms
[9.618s][info][gc,phases   ] GC(42)   Other: 0.1ms
[9.618s][info][gc,heap     ] GC(42) Eden regions: 32->0(165)
[9.618s][info][gc,heap     ] GC(42) Survivor regions: 24->6(7)
[9.618s][info][gc,heap     ] GC(42) Old regions: 517->538
[9.618s][info][gc,heap     ] GC(42) Archive regions: 0->0
[9.618s][info][gc,heap     ] GC(42) Humongous regions: 1->1
[9.618s][info][gc,metaspace] GC(42) Metaspace: 28828K(29184K)->28828K(29184K) NonClass: 24713K(24896K)->24713K(24896K) Class: 4115K(4288K)->4115K(4288K)
[9.618s][info][gc          ] GC(42) Pause Young (Mixed) (G1 Evacuation Pause) 573M->544M(1136M) 8.373ms
[9.618s][info][gc,cpu      ] GC(42) User=0.16s Sys=0.00s Real=0.01s
[10.157s][info][gc,start    ] GC(43) Pause Young (Normal) (G1 Evacuation Pause)
[10.157s][info][gc,task     ] GC(43) Using 10 workers of 10 for evacuation
[10.177s][info][gc,phases   ] GC(43)   Pre Evacuate Collection Set: 0.1ms
[10.177s][info][gc,phases   ] GC(43)   Merge Heap Roots: 0.1ms
[10.177s][info][gc,phases   ] GC(43)   Evacuate Collection Set: 19.1ms
[10.177s][info][gc,phases   ] GC(43)   Post Evacuate Collection Set: 0.5ms
[10.177s][info][gc,phases   ] GC(43)   Other: 0.1ms
[10.177s][info][gc,heap     ] GC(43) Eden regions: 165->0(167)
[10.177s][info][gc,heap     ] GC(43) Survivor regions: 6->22(22)
[10.177s][info][gc,heap     ] GC(43) Old regions: 538->553
[10.177s][info][gc,heap     ] GC(43) Archive regions: 0->0
[10.177s][info][gc,heap     ] GC(43) Humongous regions: 1->1
[10.177s][info][gc,metaspace] GC(43) Metaspace: 30627K(30976K)->30627K(30976K) NonClass: 26342K(26496K)->26342K(26496K) Class: 4284K(4480K)->4284K(4480K)
[10.177s][info][gc          ] GC(43) Pause Young (Normal) (G1 Evacuation Pause) 709M->575M(1136M) 20.008ms
[10.177s][info][gc,cpu      ] GC(43) User=0.14s Sys=0.02s Real=0.02s
[10.402s][info][gc,start    ] GC(44) Pause Young (Normal) (G1 Evacuation Pause)
[10.402s][info][gc,task     ] GC(44) Using 10 workers of 10 for evacuation
[10.409s][info][gc,phases   ] GC(44)   Pre Evacuate Collection Set: 0.1ms
[10.409s][info][gc,phases   ] GC(44)   Merge Heap Roots: 0.1ms
[10.409s][info][gc,phases   ] GC(44)   Evacuate Collection Set: 6.2ms
[10.409s][info][gc,phases   ] GC(44)   Post Evacuate Collection Set: 0.6ms
[10.409s][info][gc,phases   ] GC(44)   Other: 0.1ms
[10.409s][info][gc,heap     ] GC(44) Eden regions: 167->0(186)
[10.409s][info][gc,heap     ] GC(44) Survivor regions: 22->4(24)
[10.409s][info][gc,heap     ] GC(44) Old regions: 553->576
[10.409s][info][gc,heap     ] GC(44) Archive regions: 0->0
[10.409s][info][gc,heap     ] GC(44) Humongous regions: 1->1
[10.409s][info][gc,metaspace] GC(44) Metaspace: 30637K(30976K)->30637K(30976K) NonClass: 26352K(26496K)->26352K(26496K) Class: 4284K(4480K)->4284K(4480K)
[10.409s][info][gc          ] GC(44) Pause Young (Normal) (G1 Evacuation Pause) 742M->580M(1136M) 7.173ms
[10.409s][info][gc,cpu      ] GC(44) User=0.00s Sys=0.00s Real=0.01s
[10.637s][info][gc,start    ] GC(45) Pause Young (Normal) (G1 Evacuation Pause)
[10.637s][info][gc,task     ] GC(45) Using 10 workers of 10 for evacuation
[10.638s][info][gc,phases   ] GC(45)   Pre Evacuate Collection Set: 0.1ms
[10.638s][info][gc,phases   ] GC(45)   Merge Heap Roots: 0.1ms
[10.638s][info][gc,phases   ] GC(45)   Evacuate Collection Set: 0.4ms
[10.638s][info][gc,phases   ] GC(45)   Post Evacuate Collection Set: 0.3ms
[10.638s][info][gc,phases   ] GC(45)   Other: 0.1ms
[10.638s][info][gc,heap     ] GC(45) Eden regions: 186->0(241)
[10.638s][info][gc,heap     ] GC(45) Survivor regions: 4->3(24)
[10.638s][info][gc,heap     ] GC(45) Old regions: 576->576
[10.638s][info][gc,heap     ] GC(45) Archive regions: 0->0
[10.638s][info][gc,heap     ] GC(45) Humongous regions: 1->1
[10.638s][info][gc,metaspace] GC(45) Metaspace: 30652K(30976K)->30652K(30976K) NonClass: 26368K(26496K)->26368K(26496K) Class: 4284K(4480K)->4284K(4480K)
[10.638s][info][gc          ] GC(45) Pause Young (Normal) (G1 Evacuation Pause) 766M->579M(1136M) 1.073ms
[10.638s][info][gc,cpu      ] GC(45) User=0.00s Sys=0.00s Real=0.00s
[10.949s][info][gc,start    ] GC(46) Pause Young (Normal) (G1 Evacuation Pause)
[10.949s][info][gc,task     ] GC(46) Using 10 workers of 10 for evacuation
[10.951s][info][gc,phases   ] GC(46)   Pre Evacuate Collection Set: 0.1ms
[10.951s][info][gc,phases   ] GC(46)   Merge Heap Roots: 0.1ms
[10.951s][info][gc,phases   ] GC(46)   Evacuate Collection Set: 1.0ms
[10.951s][info][gc,phases   ] GC(46)   Post Evacuate Collection Set: 0.3ms
[10.951s][info][gc,phases   ] GC(46)   Other: 0.1ms
[10.951s][info][gc,heap     ] GC(46) Eden regions: 241->0(286)
[10.951s][info][gc,heap     ] GC(46) Survivor regions: 3->5(31)
[10.951s][info][gc,heap     ] GC(46) Old regions: 576->576
[10.951s][info][gc,heap     ] GC(46) Archive regions: 0->0
[10.951s][info][gc,heap     ] GC(46) Humongous regions: 1->1
[10.951s][info][gc,metaspace] GC(46) Metaspace: 30673K(31040K)->30673K(31040K) NonClass: 26388K(26560K)->26388K(26560K) Class: 4284K(4480K)->4284K(4480K)
[10.951s][info][gc          ] GC(46) Pause Young (Normal) (G1 Evacuation Pause) 820M->580M(1136M) 1.654ms
[10.951s][info][gc,cpu      ] GC(46) User=0.00s Sys=0.00s Real=0.00s
[11.292s][info][gc,start    ] GC(47) Pause Young (Normal) (G1 Evacuation Pause)
[11.293s][info][gc,task     ] GC(47) Using 10 workers of 10 for evacuation
[11.295s][info][gc,phases   ] GC(47)   Pre Evacuate Collection Set: 0.1ms
[11.295s][info][gc,phases   ] GC(47)   Merge Heap Roots: 0.1ms
[11.295s][info][gc,phases   ] GC(47)   Evacuate Collection Set: 1.5ms
[11.295s][info][gc,phases   ] GC(47)   Post Evacuate Collection Set: 0.3ms
[11.295s][info][gc,phases   ] GC(47)   Other: 0.1ms
[11.295s][info][gc,heap     ] GC(47) Eden regions: 286->0(313)
[11.295s][info][gc,heap     ] GC(47) Survivor regions: 5->6(37)
[11.295s][info][gc,heap     ] GC(47) Old regions: 576->576
[11.295s][info][gc,heap     ] GC(47) Archive regions: 0->0
[11.295s][info][gc,heap     ] GC(47) Humongous regions: 1->1
[11.295s][info][gc,metaspace] GC(47) Metaspace: 30700K(31040K)->30700K(31040K) NonClass: 26415K(26560K)->26415K(26560K) Class: 4284K(4480K)->4284K(4480K)
[11.295s][info][gc          ] GC(47) Pause Young (Normal) (G1 Evacuation Pause) 866M->582M(1136M) 2.173ms
[11.295s][info][gc,cpu      ] GC(47) User=0.00s Sys=0.00s Real=0.00s
[11.705s][info][gc,start    ] GC(48) Pause Young (Normal) (G1 Evacuation Pause)
[11.705s][info][gc,task     ] GC(48) Using 10 workers of 10 for evacuation
[11.707s][info][gc,phases   ] GC(48)   Pre Evacuate Collection Set: 0.1ms
[11.707s][info][gc,phases   ] GC(48)   Merge Heap Roots: 0.1ms
[11.707s][info][gc,phases   ] GC(48)   Evacuate Collection Set: 1.6ms
[11.707s][info][gc,phases   ] GC(48)   Post Evacuate Collection Set: 0.3ms
[11.707s][info][gc,phases   ] GC(48)   Other: 0.1ms
[11.708s][info][gc,heap     ] GC(48) Eden regions: 313->0(339)
[11.708s][info][gc,heap     ] GC(48) Survivor regions: 6->8(40)
[11.708s][info][gc,heap     ] GC(48) Old regions: 576->576
[11.708s][info][gc,heap     ] GC(48) Archive regions: 0->0
[11.708s][info][gc,heap     ] GC(48) Humongous regions: 1->1
[11.708s][info][gc,metaspace] GC(48) Metaspace: 30861K(31168K)->30861K(31168K) NonClass: 26561K(26688K)->26561K(26688K) Class: 4300K(4480K)->4300K(4480K)
[11.708s][info][gc          ] GC(48) Pause Young (Normal) (G1 Evacuation Pause) 895M->584M(1136M) 2.277ms
[11.708s][info][gc,cpu      ] GC(48) User=0.00s Sys=0.00s Real=0.00s
[12.131s][info][gc,start    ] GC(49) Pause Young (Concurrent Start) (G1 Evacuation Pause)
[12.131s][info][gc,task     ] GC(49) Using 10 workers of 10 for evacuation
[12.134s][info][gc,phases   ] GC(49)   Pre Evacuate Collection Set: 0.1ms
[12.134s][info][gc,phases   ] GC(49)   Merge Heap Roots: 0.1ms
[12.134s][info][gc,phases   ] GC(49)   Evacuate Collection Set: 2.0ms
[12.134s][info][gc,phases   ] GC(49)   Post Evacuate Collection Set: 0.3ms
[12.134s][info][gc,phases   ] GC(49)   Other: 0.1ms
[12.134s][info][gc,heap     ] GC(49) Eden regions: 339->0(356)
[12.134s][info][gc,heap     ] GC(49) Survivor regions: 8->10(44)
[12.134s][info][gc,heap     ] GC(49) Old regions: 576->576
[12.134s][info][gc,heap     ] GC(49) Archive regions: 0->0
[12.134s][info][gc,heap     ] GC(49) Humongous regions: 1->1
[12.134s][info][gc,metaspace] GC(49) Metaspace: 30878K(31232K)->30878K(31232K) NonClass: 26578K(26752K)->26578K(26752K) Class: 4300K(4480K)->4300K(4480K)
[12.134s][info][gc          ] GC(49) Pause Young (Concurrent Start) (G1 Evacuation Pause) 923M->585M(1136M) 2.775ms
[12.134s][info][gc          ] GC(50) Concurrent Mark Cycle
[12.134s][info][gc,cpu      ] GC(49) User=0.02s Sys=0.14s Real=0.00s
[12.134s][info][gc,marking  ] GC(50) Concurrent Clear Claimed Marks
[12.134s][info][gc,marking  ] GC(50) Concurrent Clear Claimed Marks 0.067ms
[12.134s][info][gc,marking  ] GC(50) Concurrent Scan Root Regions
[12.134s][info][gc,marking  ] GC(50) Concurrent Scan Root Regions 0.305ms
[12.134s][info][gc,marking  ] GC(50) Concurrent Mark
[12.134s][info][gc,marking  ] GC(50) Concurrent Mark From Roots
[12.134s][info][gc,task     ] GC(50) Using 3 workers of 3 for marking
[12.421s][info][gc,marking  ] GC(50) Concurrent Mark From Roots 286.751ms
[12.421s][info][gc,marking  ] GC(50) Concurrent Preclean
[12.421s][info][gc,marking  ] GC(50) Concurrent Preclean 0.053ms
[12.421s][info][gc,start    ] GC(50) Pause Remark
[12.424s][info][gc          ] GC(50) Pause Remark 700M->700M(1170M) 2.598ms
[12.424s][info][gc,cpu      ] GC(50) User=0.00s Sys=0.00s Real=0.00s
[12.424s][info][gc,marking  ] GC(50) Concurrent Mark 289.668ms
[12.424s][info][gc,marking  ] GC(50) Concurrent Rebuild Remembered Sets
[12.597s][info][gc,marking  ] GC(50) Concurrent Rebuild Remembered Sets 172.955ms
[12.597s][info][gc,start    ] GC(50) Pause Cleanup
[12.597s][info][gc          ] GC(50) Pause Cleanup 703M->703M(1170M) 0.346ms
[12.598s][info][gc,cpu      ] GC(50) User=0.00s Sys=0.00s Real=0.00s
[12.598s][info][gc,marking  ] GC(50) Concurrent Cleanup for Next Mark
[12.600s][info][gc,marking  ] GC(50) Concurrent Cleanup for Next Mark 2.726ms
[12.600s][info][gc          ] GC(50) Concurrent Mark Cycle 466.508ms
