[0.007s][info][gc,init] CardTable entry size: 512
[0.008s][info][gc     ] Using G1
[0.010s][info][gc,init] Version: 18.0.2.1+1-1 (release)
[0.010s][info][gc,init] CPUs: 12 total, 12 available
[0.010s][info][gc,init] Memory: 16332M
[0.010s][info][gc,init] Large Page Support: Disabled
[0.010s][info][gc,init] NUMA Support: Disabled
[0.010s][info][gc,init] Compressed Oops: Enabled (32-bit)
[0.010s][info][gc,init] Heap Region Size: 1M
[0.010s][info][gc,init] Heap Min Capacity: 8M
[0.010s][info][gc,init] Heap Initial Capacity: 256M
[0.010s][info][gc,init] Heap Max Capacity: 2024M
[0.010s][info][gc,init] Pre-touch: Disabled
[0.010s][info][gc,init] Parallel Workers: 10
[0.010s][info][gc,init] Concurrent Workers: 3
[0.010s][info][gc,init] Concurrent Refinement Workers: 10
[0.011s][info][gc,init] Periodic GC: Disabled
[0.012s][info][gc,metaspace] CDS archive(s) mapped at: [0x0000000800000000-0x0000000800ba0000-0x0000000800ba0000), size 12189696, SharedBaseAddress: 0x0000000800000000, ArchiveRelocationMode: 0.
[0.012s][info][gc,metaspace] Compressed class space mapped at: 0x0000000800c00000-0x0000000840c00000, reserved size: 1073741824
[0.012s][info][gc,metaspace] Narrow klass base: 0x0000000800000000, Narrow klass shift: 0, Narrow klass range: 0x100000000
[0.654s][info][gc,start    ] GC(0) Pause Young (Normal) (G1 Evacuation Pause)
[0.654s][info][gc,task     ] GC(0) Using 6 workers of 10 for evacuation
[0.658s][info][gc,phases   ] GC(0)   Pre Evacuate Collection Set: 0.1ms
[0.658s][info][gc,phases   ] GC(0)   Merge Heap Roots: 0.1ms
[0.658s][info][gc,phases   ] GC(0)   Evacuate Collection Set: 3.5ms
[0.658s][info][gc,phases   ] GC(0)   Post Evacuate Collection Set: 0.7ms
[0.658s][info][gc,phases   ] GC(0)   Other: 0.3ms
[0.658s][info][gc,heap     ] GC(0) Eden regions: 23->0(26)
[0.658s][info][gc,heap     ] GC(0) Survivor regions: 0->3(3)
[0.658s][info][gc,heap     ] GC(0) Old regions: 0->4
[0.658s][info][gc,heap     ] GC(0) Archive regions: 0->0
[0.658s][info][gc,heap     ] GC(0) Humongous regions: 0->0
[0.658s][info][gc,metaspace] GC(0) Metaspace: 9349K(9600K)->9349K(9600K) NonClass: 8511K(8640K)->8511K(8640K) Class: 837K(960K)->837K(960K)
[0.658s][info][gc          ] GC(0) Pause Young (Normal) (G1 Evacuation Pause) 23M->6M(256M) 4.883ms
[0.658s][info][gc,cpu      ] GC(0) User=0.00s Sys=0.00s Real=0.00s
[0.974s][info][gc,start    ] GC(1) Pause Young (Normal) (G1 Evacuation Pause)
[0.974s][info][gc,task     ] GC(1) Using 6 workers of 10 for evacuation
[0.978s][info][gc,phases   ] GC(1)   Pre Evacuate Collection Set: 0.0ms
[0.978s][info][gc,phases   ] GC(1)   Merge Heap Roots: 0.1ms
[0.978s][info][gc,phases   ] GC(1)   Evacuate Collection Set: 3.6ms
[0.978s][info][gc,phases   ] GC(1)   Post Evacuate Collection Set: 0.4ms
[0.978s][info][gc,phases   ] GC(1)   Other: 0.1ms
[0.978s][info][gc,heap     ] GC(1) Eden regions: 24->0(149)
[0.978s][info][gc,heap     ] GC(1) Survivor regions: 3->4(4)
[0.978s][info][gc,heap     ] GC(1) Old regions: 4->9
[0.978s][info][gc,heap     ] GC(1) Archive regions: 0->0
[0.978s][info][gc,heap     ] GC(1) Humongous regions: 0->0
[0.978s][info][gc,metaspace] GC(1) Metaspace: 16147K(16448K)->16147K(16448K) NonClass: 13542K(13696K)->13542K(13696K) Class: 2605K(2752K)->2605K(2752K)
[0.978s][info][gc          ] GC(1) Pause Young (Normal) (G1 Evacuation Pause) 30M->12M(256M) 4.352ms
[0.978s][info][gc,cpu      ] GC(1) User=0.00s Sys=0.00s Real=0.00s
[1.274s][info][gc,start    ] GC(2) Pause Young (Concurrent Start) (Metadata GC Threshold)
[1.274s][info][gc,task     ] GC(2) Using 10 workers of 10 for evacuation
[1.280s][info][gc,phases   ] GC(2)   Pre Evacuate Collection Set: 0.1ms
[1.280s][info][gc,phases   ] GC(2)   Merge Heap Roots: 0.0ms
[1.280s][info][gc,phases   ] GC(2)   Evacuate Collection Set: 5.1ms
[1.280s][info][gc,phases   ] GC(2)   Post Evacuate Collection Set: 0.4ms
[1.280s][info][gc,phases   ] GC(2)   Other: 0.1ms
[1.280s][info][gc,heap     ] GC(2) Eden regions: 34->0(135)
[1.280s][info][gc,heap     ] GC(2) Survivor regions: 4->18(20)
[1.280s][info][gc,heap     ] GC(2) Old regions: 9->9
[1.280s][info][gc,heap     ] GC(2) Archive regions: 0->0
[1.280s][info][gc,heap     ] GC(2) Humongous regions: 0->0
[1.280s][info][gc,metaspace] GC(2) Metaspace: 21268K(21504K)->21268K(21504K) NonClass: 18013K(18112K)->18013K(18112K) Class: 3255K(3392K)->3255K(3392K)
[1.280s][info][gc          ] GC(2) Pause Young (Concurrent Start) (Metadata GC Threshold) 46M->26M(256M) 6.058ms
[1.280s][info][gc          ] GC(3) Concurrent Mark Cycle
[1.280s][info][gc,cpu      ] GC(2) User=0.08s Sys=0.09s Real=0.01s
[1.280s][info][gc,marking  ] GC(3) Concurrent Clear Claimed Marks
[1.280s][info][gc,marking  ] GC(3) Concurrent Clear Claimed Marks 0.041ms
[1.280s][info][gc,marking  ] GC(3) Concurrent Scan Root Regions
[1.283s][info][gc,marking  ] GC(3) Concurrent Scan Root Regions 2.457ms
[1.283s][info][gc,marking  ] GC(3) Concurrent Mark
[1.283s][info][gc,marking  ] GC(3) Concurrent Mark From Roots
[1.283s][info][gc,task     ] GC(3) Using 3 workers of 3 for marking
[1.286s][info][gc,marking  ] GC(3) Concurrent Mark From Roots 2.718ms
[1.286s][info][gc,marking  ] GC(3) Concurrent Preclean
[1.286s][info][gc,marking  ] GC(3) Concurrent Preclean 0.021ms
[1.286s][info][gc,start    ] GC(3) Pause Remark
[1.287s][info][gc          ] GC(3) Pause Remark 26M->26M(94M) 1.004ms
[1.287s][info][gc,cpu      ] GC(3) User=0.00s Sys=0.00s Real=0.00s
[1.287s][info][gc,marking  ] GC(3) Concurrent Mark 4.062ms
[1.287s][info][gc,marking  ] GC(3) Concurrent Rebuild Remembered Sets
[1.288s][info][gc,marking  ] GC(3) Concurrent Rebuild Remembered Sets 1.480ms
[1.289s][info][gc,start    ] GC(3) Pause Cleanup
[1.289s][info][gc          ] GC(3) Pause Cleanup 26M->26M(94M) 0.084ms
[1.289s][info][gc,cpu      ] GC(3) User=0.00s Sys=0.00s Real=0.00s
[1.289s][info][gc,marking  ] GC(3) Concurrent Cleanup for Next Mark
[1.289s][info][gc,marking  ] GC(3) Concurrent Cleanup for Next Mark 0.432ms
[1.289s][info][gc          ] GC(3) Concurrent Mark Cycle 9.052ms
[1.955s][info][gc,start    ] GC(4) Pause Young (Prepare Mixed) (G1 Evacuation Pause)
[1.955s][info][gc,task     ] GC(4) Using 10 workers of 10 for evacuation
[1.964s][info][gc,phases   ] GC(4)   Pre Evacuate Collection Set: 0.0ms
[1.964s][info][gc,phases   ] GC(4)   Merge Heap Roots: 0.1ms
[1.964s][info][gc,phases   ] GC(4)   Evacuate Collection Set: 8.5ms
[1.964s][info][gc,phases   ] GC(4)   Post Evacuate Collection Set: 0.4ms
[1.964s][info][gc,phases   ] GC(4)   Other: 0.1ms
[1.964s][info][gc,heap     ] GC(4) Eden regions: 67->0(1)
[1.964s][info][gc,heap     ] GC(4) Survivor regions: 18->13(20)
[1.964s][info][gc,heap     ] GC(4) Old regions: 9->26
[1.964s][info][gc,heap     ] GC(4) Archive regions: 0->0
[1.964s][info][gc,heap     ] GC(4) Humongous regions: 0->0
[1.964s][info][gc,metaspace] GC(4) Metaspace: 22542K(22784K)->22542K(22784K) NonClass: 19108K(19264K)->19108K(19264K) Class: 3434K(3520K)->3434K(3520K)
[1.964s][info][gc          ] GC(4) Pause Young (Prepare Mixed) (G1 Evacuation Pause) 93M->37M(124M) 9.350ms
[1.964s][info][gc,cpu      ] GC(4) User=0.00s Sys=0.00s Real=0.01s
[1.971s][info][gc,start    ] GC(5) Pause Young (Mixed) (G1 Evacuation Pause)
[1.971s][info][gc,task     ] GC(5) Using 10 workers of 10 for evacuation
[1.974s][info][gc,phases   ] GC(5)   Pre Evacuate Collection Set: 0.1ms
[1.974s][info][gc,phases   ] GC(5)   Merge Heap Roots: 0.0ms
[1.974s][info][gc,phases   ] GC(5)   Evacuate Collection Set: 2.3ms
[1.974s][info][gc,phases   ] GC(5)   Post Evacuate Collection Set: 0.2ms
[1.974s][info][gc,phases   ] GC(5)   Other: 0.1ms
[1.974s][info][gc,heap     ] GC(5) Eden regions: 1->0(40)
[1.974s][info][gc,heap     ] GC(5) Survivor regions: 13->2(2)
[1.974s][info][gc,heap     ] GC(5) Old regions: 26->37
[1.974s][info][gc,heap     ] GC(5) Archive regions: 0->0
[1.974s][info][gc,heap     ] GC(5) Humongous regions: 0->0
[1.974s][info][gc,metaspace] GC(5) Metaspace: 22544K(22784K)->22544K(22784K) NonClass: 19109K(19264K)->19109K(19264K) Class: 3434K(3520K)->3434K(3520K)
[1.974s][info][gc          ] GC(5) Pause Young (Mixed) (G1 Evacuation Pause) 38M->38M(124M) 2.892ms
[1.974s][info][gc,cpu      ] GC(5) User=0.00s Sys=0.00s Real=0.00s
[2.271s][info][gc,start    ] GC(6) Pause Young (Normal) (G1 Evacuation Pause)
[2.271s][info][gc,task     ] GC(6) Using 10 workers of 10 for evacuation
[2.275s][info][gc,phases   ] GC(6)   Pre Evacuate Collection Set: 0.1ms
[2.276s][info][gc,phases   ] GC(6)   Merge Heap Roots: 0.1ms
[2.276s][info][gc,phases   ] GC(6)   Evacuate Collection Set: 3.6ms
[2.276s][info][gc,phases   ] GC(6)   Post Evacuate Collection Set: 0.3ms
[2.276s][info][gc,phases   ] GC(6)   Other: 0.1ms
[2.276s][info][gc,heap     ] GC(6) Eden regions: 40->0(35)
[2.276s][info][gc,heap     ] GC(6) Survivor regions: 2->6(6)
[2.276s][info][gc,heap     ] GC(6) Old regions: 37->42
[2.276s][info][gc,heap     ] GC(6) Archive regions: 0->0
[2.276s][info][gc,heap     ] GC(6) Humongous regions: 0->0
[2.276s][info][gc,metaspace] GC(6) Metaspace: 22585K(22784K)->22585K(22784K) NonClass: 19150K(19264K)->19150K(19264K) Class: 3435K(3520K)->3435K(3520K)
[2.276s][info][gc          ] GC(6) Pause Young (Normal) (G1 Evacuation Pause) 78M->47M(124M) 4.432ms
[2.276s][info][gc,cpu      ] GC(6) User=0.00s Sys=0.00s Real=0.00s
[2.377s][info][gc,start    ] GC(7) Pause Young (Normal) (G1 Evacuation Pause)
[2.377s][info][gc,task     ] GC(7) Using 10 workers of 10 for evacuation
[2.383s][info][gc,phases   ] GC(7)   Pre Evacuate Collection Set: 0.1ms
[2.383s][info][gc,phases   ] GC(7)   Merge Heap Roots: 0.1ms
[2.383s][info][gc,phases   ] GC(7)   Evacuate Collection Set: 5.2ms
[2.383s][info][gc,phases   ] GC(7)   Post Evacuate Collection Set: 1.0ms
[2.383s][info][gc,phases   ] GC(7)   Other: 0.1ms
[2.383s][info][gc,heap     ] GC(7) Eden regions: 35->0(94)
[2.383s][info][gc,heap     ] GC(7) Survivor regions: 6->6(6)
[2.383s][info][gc,heap     ] GC(7) Old regions: 42->51
[2.383s][info][gc,heap     ] GC(7) Archive regions: 0->0
[2.383s][info][gc,heap     ] GC(7) Humongous regions: 0->0
[2.383s][info][gc,metaspace] GC(7) Metaspace: 22614K(22912K)->22614K(22912K) NonClass: 19174K(19328K)->19174K(19328K) Class: 3439K(3584K)->3439K(3584K)
[2.383s][info][gc          ] GC(7) Pause Young (Normal) (G1 Evacuation Pause) 82M->56M(235M) 6.726ms
[2.383s][info][gc,cpu      ] GC(7) User=0.00s Sys=0.00s Real=0.01s
[2.894s][info][gc,start    ] GC(8) Pause Young (Normal) (G1 Evacuation Pause)
[2.894s][info][gc,task     ] GC(8) Using 10 workers of 10 for evacuation
[2.902s][info][gc,phases   ] GC(8)   Pre Evacuate Collection Set: 0.1ms
[2.902s][info][gc,phases   ] GC(8)   Merge Heap Roots: 0.1ms
[2.902s][info][gc,phases   ] GC(8)   Evacuate Collection Set: 6.8ms
[2.902s][info][gc,phases   ] GC(8)   Post Evacuate Collection Set: 0.4ms
[2.902s][info][gc,phases   ] GC(8)   Other: 0.1ms
[2.902s][info][gc,heap     ] GC(8) Eden regions: 94->0(87)
[2.902s][info][gc,heap     ] GC(8) Survivor regions: 6->13(13)
[2.902s][info][gc,heap     ] GC(8) Old regions: 51->58
[2.902s][info][gc,heap     ] GC(8) Archive regions: 0->0
[2.902s][info][gc,heap     ] GC(8) Humongous regions: 0->0
[2.902s][info][gc,metaspace] GC(8) Metaspace: 22816K(23104K)->22816K(23104K) NonClass: 19357K(19520K)->19357K(19520K) Class: 3458K(3584K)->3458K(3584K)
[2.902s][info][gc          ] GC(8) Pause Young (Normal) (G1 Evacuation Pause) 150M->70M(235M) 7.773ms
[2.902s][info][gc,cpu      ] GC(8) User=0.00s Sys=0.00s Real=0.01s
[3.198s][info][gc,start    ] GC(9) Pause Young (Normal) (G1 Evacuation Pause)
[3.199s][info][gc,task     ] GC(9) Using 10 workers of 10 for evacuation
[3.207s][info][gc,phases   ] GC(9)   Pre Evacuate Collection Set: 0.1ms
[3.207s][info][gc,phases   ] GC(9)   Merge Heap Roots: 0.2ms
[3.207s][info][gc,phases   ] GC(9)   Evacuate Collection Set: 6.8ms
[3.207s][info][gc,phases   ] GC(9)   Post Evacuate Collection Set: 0.7ms
[3.207s][info][gc,phases   ] GC(9)   Other: 0.2ms
[3.207s][info][gc,heap     ] GC(9) Eden regions: 87->0(85)
[3.207s][info][gc,heap     ] GC(9) Survivor regions: 13->11(13)
[3.207s][info][gc,heap     ] GC(9) Old regions: 58->71
[3.207s][info][gc,heap     ] GC(9) Archive regions: 0->0
[3.207s][info][gc,heap     ] GC(9) Humongous regions: 0->0
[3.207s][info][gc,metaspace] GC(9) Metaspace: 22848K(23104K)->22848K(23104K) NonClass: 19387K(19520K)->19387K(19520K) Class: 3460K(3584K)->3460K(3584K)
[3.207s][info][gc          ] GC(9) Pause Young (Normal) (G1 Evacuation Pause) 157M->81M(235M) 8.641ms
[3.207s][info][gc,cpu      ] GC(9) User=0.17s Sys=0.00s Real=0.01s
[3.463s][info][gc,start    ] GC(10) Pause Young (Normal) (G1 Evacuation Pause)
[3.463s][info][gc,task     ] GC(10) Using 10 workers of 10 for evacuation
[3.469s][info][gc,phases   ] GC(10)   Pre Evacuate Collection Set: 0.1ms
[3.470s][info][gc,phases   ] GC(10)   Merge Heap Roots: 0.1ms
[3.470s][info][gc,phases   ] GC(10)   Evacuate Collection Set: 5.6ms
[3.470s][info][gc,phases   ] GC(10)   Post Evacuate Collection Set: 0.3ms
[3.470s][info][gc,phases   ] GC(10)   Other: 0.1ms
[3.470s][info][gc,heap     ] GC(10) Eden regions: 85->0(79)
[3.470s][info][gc,heap     ] GC(10) Survivor regions: 11->12(12)
[3.470s][info][gc,heap     ] GC(10) Old regions: 71->82
[3.470s][info][gc,heap     ] GC(10) Archive regions: 0->0
[3.470s][info][gc,heap     ] GC(10) Humongous regions: 1->1
[3.470s][info][gc,metaspace] GC(10) Metaspace: 22884K(23104K)->22884K(23104K) NonClass: 19418K(19520K)->19418K(19520K) Class: 3465K(3584K)->3465K(3584K)
[3.470s][info][gc          ] GC(10) Pause Young (Normal) (G1 Evacuation Pause) 167M->93M(235M) 6.387ms
[3.470s][info][gc,cpu      ] GC(10) User=0.17s Sys=0.00s Real=0.01s
[3.770s][info][gc,start    ] GC(11) Pause Young (Normal) (G1 Evacuation Pause)
[3.770s][info][gc,task     ] GC(11) Using 10 workers of 10 for evacuation
[3.774s][info][gc,phases   ] GC(11)   Pre Evacuate Collection Set: 0.1ms
[3.774s][info][gc,phases   ] GC(11)   Merge Heap Roots: 0.1ms
[3.774s][info][gc,phases   ] GC(11)   Evacuate Collection Set: 4.2ms
[3.774s][info][gc,phases   ] GC(11)   Post Evacuate Collection Set: 0.4ms
[3.774s][info][gc,phases   ] GC(11)   Other: 0.1ms
[3.774s][info][gc,heap     ] GC(11) Eden regions: 79->0(76)
[3.775s][info][gc,heap     ] GC(11) Survivor regions: 12->10(12)
[3.775s][info][gc,heap     ] GC(11) Old regions: 82->92
[3.775s][info][gc,heap     ] GC(11) Archive regions: 0->0
[3.775s][info][gc,heap     ] GC(11) Humongous regions: 1->1
[3.775s][info][gc,metaspace] GC(11) Metaspace: 22938K(23232K)->22938K(23232K) NonClass: 19472K(19648K)->19472K(19648K) Class: 3466K(3584K)->3466K(3584K)
[3.775s][info][gc          ] GC(11) Pause Young (Normal) (G1 Evacuation Pause) 172M->102M(235M) 5.087ms
[3.775s][info][gc,cpu      ] GC(11) User=0.00s Sys=0.00s Real=0.01s
[4.256s][info][gc,start    ] GC(12) Pause Young (Normal) (G1 Evacuation Pause)
[4.256s][info][gc,task     ] GC(12) Using 10 workers of 10 for evacuation
[4.260s][info][gc,phases   ] GC(12)   Pre Evacuate Collection Set: 0.1ms
[4.260s][info][gc,phases   ] GC(12)   Merge Heap Roots: 0.1ms
[4.260s][info][gc,phases   ] GC(12)   Evacuate Collection Set: 3.8ms
[4.260s][info][gc,phases   ] GC(12)   Post Evacuate Collection Set: 0.4ms
[4.260s][info][gc,phases   ] GC(12)   Other: 0.1ms
[4.260s][info][gc,heap     ] GC(12) Eden regions: 76->0(73)
[4.260s][info][gc,heap     ] GC(12) Survivor regions: 10->7(11)
[4.260s][info][gc,heap     ] GC(12) Old regions: 92->102
[4.260s][info][gc,heap     ] GC(12) Archive regions: 0->0
[4.260s][info][gc,heap     ] GC(12) Humongous regions: 1->1
[4.260s][info][gc,metaspace] GC(12) Metaspace: 24144K(24512K)->24144K(24512K) NonClass: 20569K(20736K)->20569K(20736K) Class: 3574K(3776K)->3574K(3776K)
[4.260s][info][gc          ] GC(12) Pause Young (Normal) (G1 Evacuation Pause) 178M->109M(235M) 4.724ms
[4.260s][info][gc,cpu      ] GC(12) User=0.00s Sys=0.00s Real=0.01s
[4.629s][info][gc,start    ] GC(13) Pause Young (Normal) (G1 Evacuation Pause)
[4.629s][info][gc,task     ] GC(13) Using 10 workers of 10 for evacuation
[4.633s][info][gc,phases   ] GC(13)   Pre Evacuate Collection Set: 0.1ms
[4.633s][info][gc,phases   ] GC(13)   Merge Heap Roots: 0.1ms
[4.633s][info][gc,phases   ] GC(13)   Evacuate Collection Set: 3.5ms
[4.633s][info][gc,phases   ] GC(13)   Post Evacuate Collection Set: 0.5ms
[4.633s][info][gc,phases   ] GC(13)   Other: 0.1ms
[4.633s][info][gc,heap     ] GC(13) Eden regions: 73->0(71)
[4.633s][info][gc,heap     ] GC(13) Survivor regions: 7->7(10)
[4.633s][info][gc,heap     ] GC(13) Old regions: 102->108
[4.633s][info][gc,heap     ] GC(13) Archive regions: 0->0
[4.633s][info][gc,heap     ] GC(13) Humongous regions: 1->1
[4.633s][info][gc,metaspace] GC(13) Metaspace: 24451K(24768K)->24451K(24768K) NonClass: 20857K(20992K)->20857K(20992K) Class: 3594K(3776K)->3594K(3776K)
[4.633s][info][gc          ] GC(13) Pause Young (Normal) (G1 Evacuation Pause) 182M->114M(235M) 4.486ms
[4.633s][info][gc,cpu      ] GC(13) User=0.00s Sys=0.00s Real=0.00s
[4.904s][info][gc,start    ] GC(14) Pause Young (Concurrent Start) (G1 Evacuation Pause)
[4.904s][info][gc,task     ] GC(14) Using 10 workers of 10 for evacuation
[4.907s][info][gc,phases   ] GC(14)   Pre Evacuate Collection Set: 0.1ms
[4.907s][info][gc,phases   ] GC(14)   Merge Heap Roots: 0.1ms
[4.907s][info][gc,phases   ] GC(14)   Evacuate Collection Set: 3.1ms
[4.907s][info][gc,phases   ] GC(14)   Post Evacuate Collection Set: 0.3ms
[4.907s][info][gc,phases   ] GC(14)   Other: 0.1ms
[4.907s][info][gc,heap     ] GC(14) Eden regions: 71->0(69)
[4.907s][info][gc,heap     ] GC(14) Survivor regions: 7->6(10)
[4.907s][info][gc,heap     ] GC(14) Old regions: 108->114
[4.907s][info][gc,heap     ] GC(14) Archive regions: 0->0
[4.908s][info][gc,heap     ] GC(14) Humongous regions: 1->1
[4.908s][info][gc,metaspace] GC(14) Metaspace: 24570K(24896K)->24570K(24896K) NonClass: 20974K(21120K)->20974K(21120K) Class: 3596K(3776K)->3596K(3776K)
[4.908s][info][gc          ] GC(14) Pause Young (Concurrent Start) (G1 Evacuation Pause) 185M->120M(235M) 3.845ms
[4.908s][info][gc          ] GC(15) Concurrent Mark Cycle
[4.908s][info][gc,cpu      ] GC(14) User=0.00s Sys=0.00s Real=0.00s
[4.908s][info][gc,marking  ] GC(15) Concurrent Clear Claimed Marks
[4.908s][info][gc,marking  ] GC(15) Concurrent Clear Claimed Marks 0.048ms
[4.908s][info][gc,marking  ] GC(15) Concurrent Scan Root Regions
[4.910s][info][gc,marking  ] GC(15) Concurrent Scan Root Regions 2.393ms
[4.910s][info][gc,marking  ] GC(15) Concurrent Mark
[4.910s][info][gc,marking  ] GC(15) Concurrent Mark From Roots
[4.910s][info][gc,task     ] GC(15) Using 3 workers of 3 for marking
[4.949s][info][gc,marking  ] GC(15) Concurrent Mark From Roots 38.713ms
[4.949s][info][gc,marking  ] GC(15) Concurrent Preclean
[4.949s][info][gc,marking  ] GC(15) Concurrent Preclean 0.041ms
[4.949s][info][gc,start    ] GC(15) Pause Remark
[4.951s][info][gc          ] GC(15) Pause Remark 129M->129M(235M) 2.318ms
[4.951s][info][gc,cpu      ] GC(15) User=0.09s Sys=0.00s Real=0.00s
[4.951s][info][gc,marking  ] GC(15) Concurrent Mark 41.290ms
[4.951s][info][gc,marking  ] GC(15) Concurrent Rebuild Remembered Sets
[4.986s][info][gc,marking  ] GC(15) Concurrent Rebuild Remembered Sets 34.378ms
[4.986s][info][gc,start    ] GC(15) Pause Cleanup
[4.987s][info][gc          ] GC(15) Pause Cleanup 137M->137M(235M) 0.421ms
[4.987s][info][gc,cpu      ] GC(15) User=0.00s Sys=0.00s Real=0.00s
[4.987s][info][gc,marking  ] GC(15) Concurrent Cleanup for Next Mark
[4.988s][info][gc,marking  ] GC(15) Concurrent Cleanup for Next Mark 1.199ms
[4.988s][info][gc          ] GC(15) Concurrent Mark Cycle 80.493ms
[5.185s][info][gc,start    ] GC(16) Pause Young (Prepare Mixed) (G1 Evacuation Pause)
[5.185s][info][gc,task     ] GC(16) Using 10 workers of 10 for evacuation
[5.188s][info][gc,phases   ] GC(16)   Pre Evacuate Collection Set: 0.1ms
[5.188s][info][gc,phases   ] GC(16)   Merge Heap Roots: 0.1ms
[5.188s][info][gc,phases   ] GC(16)   Evacuate Collection Set: 2.7ms
[5.188s][info][gc,phases   ] GC(16)   Post Evacuate Collection Set: 0.4ms
[5.188s][info][gc,phases   ] GC(16)   Other: 0.1ms
[5.188s][info][gc,heap     ] GC(16) Eden regions: 69->0(1)
[5.188s][info][gc,heap     ] GC(16) Survivor regions: 6->10(10)
[5.188s][info][gc,heap     ] GC(16) Old regions: 114->114
[5.188s][info][gc,heap     ] GC(16) Archive regions: 0->0
[5.188s][info][gc,heap     ] GC(16) Humongous regions: 1->1
[5.188s][info][gc,metaspace] GC(16) Metaspace: 24590K(24896K)->24590K(24896K) NonClass: 20993K(21120K)->20993K(21120K) Class: 3596K(3776K)->3596K(3776K)
[5.188s][info][gc          ] GC(16) Pause Young (Prepare Mixed) (G1 Evacuation Pause) 189M->124M(235M) 3.502ms
[5.188s][info][gc,cpu      ] GC(16) User=0.00s Sys=0.00s Real=0.00s
[5.192s][info][gc,start    ] GC(17) Pause Young (Mixed) (G1 Evacuation Pause)
[5.192s][info][gc,task     ] GC(17) Using 10 workers of 10 for evacuation
[5.196s][info][gc,phases   ] GC(17)   Pre Evacuate Collection Set: 0.1ms
[5.196s][info][gc,phases   ] GC(17)   Merge Heap Roots: 0.1ms
[5.196s][info][gc,phases   ] GC(17)   Evacuate Collection Set: 3.1ms
[5.196s][info][gc,phases   ] GC(17)   Post Evacuate Collection Set: 0.6ms
[5.196s][info][gc,phases   ] GC(17)   Other: 0.1ms
[5.196s][info][gc,heap     ] GC(17) Eden regions: 1->0(68)
[5.196s][info][gc,heap     ] GC(17) Survivor regions: 10->2(2)
[5.196s][info][gc,heap     ] GC(17) Old regions: 114->121
[5.196s][info][gc,heap     ] GC(17) Archive regions: 0->0
[5.196s][info][gc,heap     ] GC(17) Humongous regions: 1->1
[5.196s][info][gc,metaspace] GC(17) Metaspace: 24590K(24896K)->24590K(24896K) NonClass: 20993K(21120K)->20993K(21120K) Class: 3596K(3776K)->3596K(3776K)
[5.197s][info][gc          ] GC(17) Pause Young (Mixed) (G1 Evacuation Pause) 125M->123M(235M) 4.253ms
[5.197s][info][gc,cpu      ] GC(17) User=0.00s Sys=0.00s Real=0.00s
[5.494s][info][gc,start    ] GC(18) Pause Young (Concurrent Start) (G1 Evacuation Pause)
[5.494s][info][gc,task     ] GC(18) Using 10 workers of 10 for evacuation
[5.498s][info][gc,phases   ] GC(18)   Pre Evacuate Collection Set: 0.1ms
[5.498s][info][gc,phases   ] GC(18)   Merge Heap Roots: 0.0ms
[5.498s][info][gc,phases   ] GC(18)   Evacuate Collection Set: 1.8ms
[5.498s][info][gc,phases   ] GC(18)   Post Evacuate Collection Set: 2.6ms
[5.498s][info][gc,phases   ] GC(18)   Other: 0.1ms
[5.498s][info][gc,heap     ] GC(18) Eden regions: 68->0(259)
[5.498s][info][gc,heap     ] GC(18) Survivor regions: 2->6(9)
[5.498s][info][gc,heap     ] GC(18) Old regions: 121->121
[5.499s][info][gc,heap     ] GC(18) Archive regions: 0->0
[5.499s][info][gc,heap     ] GC(18) Humongous regions: 1->1
[5.499s][info][gc,metaspace] GC(18) Metaspace: 24997K(25344K)->24997K(25344K) NonClass: 21357K(21504K)->21357K(21504K) Class: 3639K(3840K)->3639K(3840K)
[5.499s][info][gc          ] GC(18) Pause Young (Concurrent Start) (G1 Evacuation Pause) 191M->127M(488M) 5.032ms
[5.499s][info][gc          ] GC(19) Concurrent Mark Cycle
[5.499s][info][gc,cpu      ] GC(18) User=0.16s Sys=0.00s Real=0.01s
[5.499s][info][gc,marking  ] GC(19) Concurrent Clear Claimed Marks
[5.499s][info][gc,marking  ] GC(19) Concurrent Clear Claimed Marks 0.097ms
[5.499s][info][gc,marking  ] GC(19) Concurrent Scan Root Regions
[5.503s][info][gc,marking  ] GC(19) Concurrent Scan Root Regions 3.763ms
[5.503s][info][gc,marking  ] GC(19) Concurrent Mark
[5.503s][info][gc,marking  ] GC(19) Concurrent Mark From Roots
[5.503s][info][gc,task     ] GC(19) Using 3 workers of 3 for marking
[5.547s][info][gc,marking  ] GC(19) Concurrent Mark From Roots 44.530ms
[5.547s][info][gc,marking  ] GC(19) Concurrent Preclean
[5.548s][info][gc,marking  ] GC(19) Concurrent Preclean 0.061ms
[5.548s][info][gc,start    ] GC(19) Pause Remark
[5.549s][info][gc          ] GC(19) Pause Remark 134M->134M(454M) 1.491ms
[5.549s][info][gc,cpu      ] GC(19) User=0.00s Sys=0.00s Real=0.00s
[5.549s][info][gc,marking  ] GC(19) Concurrent Mark 46.339ms
[5.549s][info][gc,marking  ] GC(19) Concurrent Rebuild Remembered Sets
[5.587s][info][gc,marking  ] GC(19) Concurrent Rebuild Remembered Sets 37.984ms
[5.587s][info][gc,start    ] GC(19) Pause Cleanup
[5.588s][info][gc          ] GC(19) Pause Cleanup 142M->142M(454M) 0.149ms
[5.588s][info][gc,cpu      ] GC(19) User=0.00s Sys=0.00s Real=0.00s
[5.588s][info][gc,marking  ] GC(19) Concurrent Cleanup for Next Mark
[5.589s][info][gc,marking  ] GC(19) Concurrent Cleanup for Next Mark 1.675ms
[5.589s][info][gc          ] GC(19) Concurrent Mark Cycle 90.620ms
[6.644s][info][gc,start    ] GC(20) Pause Young (Prepare Mixed) (G1 Evacuation Pause)
[6.644s][info][gc,task     ] GC(20) Using 10 workers of 10 for evacuation
[6.651s][info][gc,phases   ] GC(20)   Pre Evacuate Collection Set: 0.1ms
[6.651s][info][gc,phases   ] GC(20)   Merge Heap Roots: 0.1ms
[6.651s][info][gc,phases   ] GC(20)   Evacuate Collection Set: 6.4ms
[6.651s][info][gc,phases   ] GC(20)   Post Evacuate Collection Set: 0.6ms
[6.651s][info][gc,phases   ] GC(20)   Other: 0.1ms
[6.651s][info][gc,heap     ] GC(20) Eden regions: 259->0(1)
[6.651s][info][gc,heap     ] GC(20) Survivor regions: 6->22(34)
[6.651s][info][gc,heap     ] GC(20) Old regions: 121->121
[6.651s][info][gc,heap     ] GC(20) Archive regions: 0->0
[6.651s][info][gc,heap     ] GC(20) Humongous regions: 1->1
[6.651s][info][gc,metaspace] GC(20) Metaspace: 25800K(26112K)->25800K(26112K) NonClass: 22050K(22208K)->22050K(22208K) Class: 3750K(3904K)->3750K(3904K)
[6.651s][info][gc          ] GC(20) Pause Young (Prepare Mixed) (G1 Evacuation Pause) 386M->143M(454M) 7.484ms
[6.651s][info][gc,cpu      ] GC(20) User=0.00s Sys=0.00s Real=0.01s
[6.658s][info][gc,start    ] GC(21) Pause Young (Mixed) (G1 Evacuation Pause)
[6.658s][info][gc,task     ] GC(21) Using 10 workers of 10 for evacuation
[6.663s][info][gc,phases   ] GC(21)   Pre Evacuate Collection Set: 0.1ms
[6.663s][info][gc,phases   ] GC(21)   Merge Heap Roots: 0.1ms
[6.663s][info][gc,phases   ] GC(21)   Evacuate Collection Set: 3.9ms
[6.663s][info][gc,phases   ] GC(21)   Post Evacuate Collection Set: 0.3ms
[6.663s][info][gc,phases   ] GC(21)   Other: 0.1ms
[6.663s][info][gc,heap     ] GC(21) Eden regions: 1->0(207)
[6.663s][info][gc,heap     ] GC(21) Survivor regions: 22->3(3)
[6.663s][info][gc,heap     ] GC(21) Old regions: 121->140
[6.663s][info][gc,heap     ] GC(21) Archive regions: 0->0
[6.663s][info][gc,heap     ] GC(21) Humongous regions: 1->1
[6.663s][info][gc,metaspace] GC(21) Metaspace: 25810K(26112K)->25810K(26112K) NonClass: 22055K(22208K)->22055K(22208K) Class: 3754K(3904K)->3754K(3904K)
[6.663s][info][gc          ] GC(21) Pause Young (Mixed) (G1 Evacuation Pause) 144M->143M(454M) 4.626ms
[6.663s][info][gc,cpu      ] GC(21) User=0.00s Sys=0.00s Real=0.01s
[7.758s][info][gc,start    ] GC(22) Pause Young (Normal) (G1 Evacuation Pause)
[7.758s][info][gc,task     ] GC(22) Using 10 workers of 10 for evacuation
[7.768s][info][gc,phases   ] GC(22)   Pre Evacuate Collection Set: 0.1ms
[7.768s][info][gc,phases   ] GC(22)   Merge Heap Roots: 0.1ms
[7.768s][info][gc,phases   ] GC(22)   Evacuate Collection Set: 8.5ms
[7.768s][info][gc,phases   ] GC(22)   Post Evacuate Collection Set: 0.7ms
[7.768s][info][gc,phases   ] GC(22)   Other: 0.1ms
[7.768s][info][gc,heap     ] GC(22) Eden regions: 207->0(178)
[7.768s][info][gc,heap     ] GC(22) Survivor regions: 3->27(27)
[7.768s][info][gc,heap     ] GC(22) Old regions: 140->142
[7.768s][info][gc,heap     ] GC(22) Archive regions: 0->0
[7.768s][info][gc,heap     ] GC(22) Humongous regions: 1->1
[7.768s][info][gc,metaspace] GC(22) Metaspace: 26562K(26880K)->26562K(26880K) NonClass: 22692K(22848K)->22692K(22848K) Class: 3869K(4032K)->3869K(4032K)
[7.768s][info][gc          ] GC(22) Pause Young (Normal) (G1 Evacuation Pause) 350M->169M(454M) 9.673ms
[7.768s][info][gc,cpu      ] GC(22) User=0.16s Sys=0.00s Real=0.01s
[8.168s][info][gc,start    ] GC(23) Pause Young (Normal) (G1 Evacuation Pause)
[8.168s][info][gc,task     ] GC(23) Using 10 workers of 10 for evacuation
[8.208s][info][gc,phases   ] GC(23)   Pre Evacuate Collection Set: 0.1ms
[8.208s][info][gc,phases   ] GC(23)   Merge Heap Roots: 0.1ms
[8.208s][info][gc,phases   ] GC(23)   Evacuate Collection Set: 38.4ms
[8.208s][info][gc,phases   ] GC(23)   Post Evacuate Collection Set: 0.9ms
[8.208s][info][gc,phases   ] GC(23)   Other: 0.1ms
[8.208s][info][gc,heap     ] GC(23) Eden regions: 178->0(74)
[8.208s][info][gc,heap     ] GC(23) Survivor regions: 27->26(26)
[8.208s][info][gc,heap     ] GC(23) Old regions: 142->251
[8.208s][info][gc,heap     ] GC(23) Archive regions: 0->0
[8.208s][info][gc,heap     ] GC(23) Humongous regions: 1->1
[8.208s][info][gc,metaspace] GC(23) Metaspace: 27182K(27456K)->27182K(27456K) NonClass: 23249K(23360K)->23249K(23360K) Class: 3932K(4096K)->3932K(4096K)
[8.208s][info][gc          ] GC(23) Pause Young (Normal) (G1 Evacuation Pause) 347M->277M(483M) 39.816ms
[8.208s][info][gc,cpu      ] GC(23) User=0.31s Sys=0.00s Real=0.04s
[8.249s][info][gc,start    ] GC(24) Pause Young (Concurrent Start) (G1 Evacuation Pause)
[8.249s][info][gc,task     ] GC(24) Using 10 workers of 10 for evacuation
[8.281s][info][gc,phases   ] GC(24)   Pre Evacuate Collection Set: 0.1ms
[8.282s][info][gc,phases   ] GC(24)   Merge Heap Roots: 0.6ms
[8.282s][info][gc,phases   ] GC(24)   Evacuate Collection Set: 31.5ms
[8.282s][info][gc,phases   ] GC(24)   Post Evacuate Collection Set: 0.3ms
[8.282s][info][gc,phases   ] GC(24)   Other: 0.1ms
[8.282s][info][gc,heap     ] GC(24) Eden regions: 74->0(29)
[8.282s][info][gc,heap     ] GC(24) Survivor regions: 26->13(13)
[8.282s][info][gc,heap     ] GC(24) Old regions: 251->339
[8.282s][info][gc,heap     ] GC(24) Archive regions: 0->0
[8.282s][info][gc,heap     ] GC(24) Humongous regions: 1->1
[8.282s][info][gc,metaspace] GC(24) Metaspace: 27182K(27456K)->27182K(27456K) NonClass: 23249K(23360K)->23249K(23360K) Class: 3932K(4096K)->3932K(4096K)
[8.282s][info][gc          ] GC(24) Pause Young (Concurrent Start) (G1 Evacuation Pause) 351M->352M(483M) 32.842ms
[8.282s][info][gc          ] GC(25) Concurrent Mark Cycle
[8.282s][info][gc,cpu      ] GC(24) User=0.31s Sys=0.00s Real=0.03s
[8.282s][info][gc,marking  ] GC(25) Concurrent Clear Claimed Marks
[8.282s][info][gc,marking  ] GC(25) Concurrent Clear Claimed Marks 0.053ms
[8.282s][info][gc,marking  ] GC(25) Concurrent Scan Root Regions
[8.297s][info][gc,marking  ] GC(25) Concurrent Scan Root Regions 15.277ms
[8.297s][info][gc,marking  ] GC(25) Concurrent Mark
[8.297s][info][gc,marking  ] GC(25) Concurrent Mark From Roots
[8.297s][info][gc,task     ] GC(25) Using 3 workers of 3 for marking
[8.301s][info][gc,start    ] GC(26) Pause Young (Normal) (G1 Evacuation Pause)
[8.301s][info][gc,task     ] GC(26) Using 10 workers of 10 for evacuation
[8.312s][info][gc,phases   ] GC(26)   Pre Evacuate Collection Set: 0.1ms
[8.312s][info][gc,phases   ] GC(26)   Merge Heap Roots: 0.1ms
[8.312s][info][gc,phases   ] GC(26)   Evacuate Collection Set: 10.2ms
[8.312s][info][gc,phases   ] GC(26)   Post Evacuate Collection Set: 0.3ms
[8.312s][info][gc,phases   ] GC(26)   Other: 0.1ms
[8.312s][info][gc,heap     ] GC(26) Eden regions: 29->0(18)
[8.312s][info][gc,heap     ] GC(26) Survivor regions: 13->6(6)
[8.312s][info][gc,heap     ] GC(26) Old regions: 339->377
[8.312s][info][gc,heap     ] GC(26) Archive regions: 0->0
[8.312s][info][gc,heap     ] GC(26) Humongous regions: 1->1
[8.312s][info][gc,metaspace] GC(26) Metaspace: 27182K(27456K)->27182K(27456K) NonClass: 23249K(23360K)->23249K(23360K) Class: 3932K(4096K)->3932K(4096K)
[8.312s][info][gc          ] GC(26) Pause Young (Normal) (G1 Evacuation Pause) 381M->383M(483M) 10.912ms
[8.312s][info][gc,cpu      ] GC(26) User=0.16s Sys=0.00s Real=0.01s
[8.326s][info][gc,start    ] GC(27) Pause Young (Normal) (G1 Evacuation Pause)
[8.326s][info][gc,task     ] GC(27) Using 10 workers of 10 for evacuation
[8.336s][info][gc,phases   ] GC(27)   Pre Evacuate Collection Set: 0.1ms
[8.336s][info][gc,phases   ] GC(27)   Merge Heap Roots: 0.1ms
[8.336s][info][gc,phases   ] GC(27)   Evacuate Collection Set: 6.1ms
[8.336s][info][gc,phases   ] GC(27)   Post Evacuate Collection Set: 4.2ms
[8.336s][info][gc,phases   ] GC(27)   Other: 0.1ms
[8.337s][info][gc,heap     ] GC(27) Eden regions: 18->0(234)
[8.337s][info][gc,heap     ] GC(27) Survivor regions: 6->3(3)
[8.337s][info][gc,heap     ] GC(27) Old regions: 377->401
[8.337s][info][gc,heap     ] GC(27) Archive regions: 0->0
[8.337s][info][gc,heap     ] GC(27) Humongous regions: 1->1
[8.337s][info][gc,metaspace] GC(27) Metaspace: 27182K(27456K)->27182K(27456K) NonClass: 23249K(23360K)->23249K(23360K) Class: 3932K(4096K)->3932K(4096K)
[8.337s][info][gc          ] GC(27) Pause Young (Normal) (G1 Evacuation Pause) 401M->404M(1100M) 10.809ms
[8.337s][info][gc,cpu      ] GC(27) User=0.00s Sys=0.00s Real=0.01s
[8.428s][info][gc,marking  ] GC(25) Concurrent Mark From Roots 131.058ms
[8.428s][info][gc,marking  ] GC(25) Concurrent Preclean
[8.428s][info][gc,marking  ] GC(25) Concurrent Preclean 0.047ms
[8.428s][info][gc,start    ] GC(25) Pause Remark
[8.430s][info][gc          ] GC(25) Pause Remark 502M->502M(1100M) 2.098ms
[8.431s][info][gc,cpu      ] GC(25) User=0.00s Sys=0.00s Real=0.00s
[8.431s][info][gc,marking  ] GC(25) Concurrent Mark 133.532ms
[8.431s][info][gc,marking  ] GC(25) Concurrent Rebuild Remembered Sets
[8.522s][info][gc,marking  ] GC(25) Concurrent Rebuild Remembered Sets 91.725ms
[8.523s][info][gc,start    ] GC(25) Pause Cleanup
[8.523s][info][gc          ] GC(25) Pause Cleanup 518M->518M(1100M) 0.273ms
[8.523s][info][gc,cpu      ] GC(25) User=0.00s Sys=0.00s Real=0.00s
[8.523s][info][gc,marking  ] GC(25) Concurrent Cleanup for Next Mark
[8.525s][info][gc,marking  ] GC(25) Concurrent Cleanup for Next Mark 2.416ms
[8.525s][info][gc          ] GC(25) Concurrent Mark Cycle 243.703ms
[9.236s][info][gc,start    ] GC(28) Pause Young (Prepare Mixed) (G1 Evacuation Pause)
[9.236s][info][gc,task     ] GC(28) Using 10 workers of 10 for evacuation
[9.275s][info][gc,phases   ] GC(28)   Pre Evacuate Collection Set: 0.1ms
[9.275s][info][gc,phases   ] GC(28)   Merge Heap Roots: 0.2ms
[9.275s][info][gc,phases   ] GC(28)   Evacuate Collection Set: 37.4ms
[9.275s][info][gc,phases   ] GC(28)   Post Evacuate Collection Set: 0.7ms
[9.275s][info][gc,phases   ] GC(28)   Other: 0.1ms
[9.275s][info][gc,heap     ] GC(28) Eden regions: 234->0(25)
[9.275s][info][gc,heap     ] GC(28) Survivor regions: 3->30(30)
[9.275s][info][gc,heap     ] GC(28) Old regions: 401->500
[9.275s][info][gc,heap     ] GC(28) Archive regions: 0->0
[9.275s][info][gc,heap     ] GC(28) Humongous regions: 1->1
[9.275s][info][gc,metaspace] GC(28) Metaspace: 28845K(29184K)->28845K(29184K) NonClass: 24730K(24896K)->24730K(24896K) Class: 4115K(4288K)->4115K(4288K)
[9.275s][info][gc          ] GC(28) Pause Young (Prepare Mixed) (G1 Evacuation Pause) 638M->530M(1100M) 38.708ms
[9.275s][info][gc,cpu      ] GC(28) User=0.30s Sys=0.05s Real=0.04s
[9.376s][info][gc,start    ] GC(29) Pause Young (Mixed) (G1 Evacuation Pause)
[9.377s][info][gc,task     ] GC(29) Using 10 workers of 10 for evacuation
[9.387s][info][gc,phases   ] GC(29)   Pre Evacuate Collection Set: 0.1ms
[9.387s][info][gc,phases   ] GC(29)   Merge Heap Roots: 0.2ms
[9.387s][info][gc,phases   ] GC(29)   Evacuate Collection Set: 10.0ms
[9.387s][info][gc,phases   ] GC(29)   Post Evacuate Collection Set: 0.5ms
[9.387s][info][gc,phases   ] GC(29)   Other: 0.1ms
[9.387s][info][gc,heap     ] GC(29) Eden regions: 25->0(182)
[9.387s][info][gc,heap     ] GC(29) Survivor regions: 30->7(7)
[9.387s][info][gc,heap     ] GC(29) Old regions: 500->531
[9.387s][info][gc,heap     ] GC(29) Archive regions: 0->0
[9.387s][info][gc,heap     ] GC(29) Humongous regions: 1->1
[9.387s][info][gc,metaspace] GC(29) Metaspace: 28873K(29184K)->28873K(29184K) NonClass: 24758K(24896K)->24758K(24896K) Class: 4115K(4288K)->4115K(4288K)
[9.388s][info][gc          ] GC(29) Pause Young (Mixed) (G1 Evacuation Pause) 555M->538M(1100M) 11.060ms
[9.388s][info][gc,cpu      ] GC(29) User=0.02s Sys=0.00s Real=0.01s
[9.912s][info][gc,start    ] GC(30) Pause Young (Concurrent Start) (G1 Evacuation Pause)
[9.912s][info][gc,task     ] GC(30) Using 10 workers of 10 for evacuation
[9.922s][info][gc,phases   ] GC(30)   Pre Evacuate Collection Set: 0.2ms
[9.922s][info][gc,phases   ] GC(30)   Merge Heap Roots: 0.1ms
[9.922s][info][gc,phases   ] GC(30)   Evacuate Collection Set: 8.4ms
[9.922s][info][gc,phases   ] GC(30)   Post Evacuate Collection Set: 0.4ms
[9.922s][info][gc,phases   ] GC(30)   Other: 0.1ms
[9.922s][info][gc,heap     ] GC(30) Eden regions: 182->0(188)
[9.922s][info][gc,heap     ] GC(30) Survivor regions: 7->24(24)
[9.922s][info][gc,heap     ] GC(30) Old regions: 531->542
[9.922s][info][gc,heap     ] GC(30) Archive regions: 0->0
[9.922s][info][gc,heap     ] GC(30) Humongous regions: 1->1
[9.922s][info][gc,metaspace] GC(30) Metaspace: 30650K(31040K)->30650K(31040K) NonClass: 26366K(26560K)->26366K(26560K) Class: 4283K(4480K)->4283K(4480K)
[9.922s][info][gc          ] GC(30) Pause Young (Concurrent Start) (G1 Evacuation Pause) 720M->566M(1100M) 9.406ms
[9.922s][info][gc          ] GC(31) Concurrent Mark Cycle
[9.922s][info][gc,cpu      ] GC(30) User=0.16s Sys=0.00s Real=0.01s
[9.922s][info][gc,marking  ] GC(31) Concurrent Clear Claimed Marks
[9.922s][info][gc,marking  ] GC(31) Concurrent Clear Claimed Marks 0.059ms
[9.922s][info][gc,marking  ] GC(31) Concurrent Scan Root Regions
[9.927s][info][gc,marking  ] GC(31) Concurrent Scan Root Regions 5.240ms
[9.927s][info][gc,marking  ] GC(31) Concurrent Mark
[9.927s][info][gc,marking  ] GC(31) Concurrent Mark From Roots
[9.927s][info][gc,task     ] GC(31) Using 3 workers of 3 for marking
[10.165s][info][gc,marking  ] GC(31) Concurrent Mark From Roots 237.621ms
[10.165s][info][gc,marking  ] GC(31) Concurrent Preclean
[10.165s][info][gc,marking  ] GC(31) Concurrent Preclean 0.057ms
[10.165s][info][gc,start    ] GC(31) Pause Remark
[10.168s][info][gc          ] GC(31) Pause Remark 742M->742M(1239M) 2.953ms
[10.168s][info][gc,cpu      ] GC(31) User=0.00s Sys=0.02s Real=0.00s
[10.168s][info][gc,marking  ] GC(31) Concurrent Mark 240.861ms
[10.168s][info][gc,marking  ] GC(31) Concurrent Rebuild Remembered Sets
[10.189s][info][gc,start    ] GC(32) Pause Young (Normal) (G1 Evacuation Pause)
[10.189s][info][gc,task     ] GC(32) Using 10 workers of 10 for evacuation
[10.197s][info][gc,phases   ] GC(32)   Pre Evacuate Collection Set: 0.1ms
[10.197s][info][gc,phases   ] GC(32)   Merge Heap Roots: 0.1ms
[10.197s][info][gc,phases   ] GC(32)   Evacuate Collection Set: 7.0ms
[10.197s][info][gc,phases   ] GC(32)   Post Evacuate Collection Set: 0.5ms
[10.197s][info][gc,phases   ] GC(32)   Other: 0.1ms
[10.197s][info][gc,heap     ] GC(32) Eden regions: 188->0(259)
[10.197s][info][gc,heap     ] GC(32) Survivor regions: 24->5(27)
[10.197s][info][gc,heap     ] GC(32) Old regions: 542->568
[10.197s][info][gc,heap     ] GC(32) Archive regions: 0->0
[10.197s][info][gc,heap     ] GC(32) Humongous regions: 1->1
[10.197s][info][gc,metaspace] GC(32) Metaspace: 30660K(31040K)->30660K(31040K) NonClass: 26376K(26560K)->26376K(26560K) Class: 4283K(4480K)->4283K(4480K)
[10.197s][info][gc          ] GC(32) Pause Young (Normal) (G1 Evacuation Pause) 754M->573M(1239M) 7.985ms
[10.197s][info][gc,cpu      ] GC(32) User=0.00s Sys=0.00s Real=0.01s
[10.295s][info][gc,marking  ] GC(31) Concurrent Rebuild Remembered Sets 127.354ms
[10.296s][info][gc,start    ] GC(31) Pause Cleanup
[10.296s][info][gc          ] GC(31) Pause Cleanup 629M->629M(1239M) 0.286ms
[10.296s][info][gc,cpu      ] GC(31) User=0.00s Sys=0.00s Real=0.00s
[10.296s][info][gc,marking  ] GC(31) Concurrent Cleanup for Next Mark
[10.299s][info][gc,marking  ] GC(31) Concurrent Cleanup for Next Mark 3.401ms
[10.299s][info][gc          ] GC(31) Concurrent Mark Cycle 377.614ms
[10.564s][info][gc,start    ] GC(33) Pause Young (Prepare Mixed) (G1 Evacuation Pause)
[10.564s][info][gc,task     ] GC(33) Using 10 workers of 10 for evacuation
[10.566s][info][gc,phases   ] GC(33)   Pre Evacuate Collection Set: 0.1ms
[10.566s][info][gc,phases   ] GC(33)   Merge Heap Roots: 0.1ms
[10.566s][info][gc,phases   ] GC(33)   Evacuate Collection Set: 0.7ms
[10.566s][info][gc,phases   ] GC(33)   Post Evacuate Collection Set: 0.3ms
[10.566s][info][gc,phases   ] GC(33)   Other: 0.1ms
[10.566s][info][gc,heap     ] GC(33) Eden regions: 259->0(57)
[10.566s][info][gc,heap     ] GC(33) Survivor regions: 5->4(33)
[10.566s][info][gc,heap     ] GC(33) Old regions: 568->568
[10.566s][info][gc,heap     ] GC(33) Archive regions: 0->0
[10.566s][info][gc,heap     ] GC(33) Humongous regions: 1->1
[10.566s][info][gc,metaspace] GC(33) Metaspace: 30668K(31040K)->30668K(31040K) NonClass: 26384K(26560K)->26384K(26560K) Class: 4283K(4480K)->4283K(4480K)
[10.566s][info][gc          ] GC(33) Pause Young (Prepare Mixed) (G1 Evacuation Pause) 832M->571M(1239M) 1.369ms
[10.566s][info][gc,cpu      ] GC(33) User=0.00s Sys=0.00s Real=0.00s
[10.643s][info][gc,start    ] GC(34) Pause Young (Mixed) (G1 Evacuation Pause)
[10.643s][info][gc,task     ] GC(34) Using 10 workers of 10 for evacuation
[10.644s][info][gc,phases   ] GC(34)   Pre Evacuate Collection Set: 0.1ms
[10.644s][info][gc,phases   ] GC(34)   Merge Heap Roots: 0.1ms
[10.644s][info][gc,phases   ] GC(34)   Evacuate Collection Set: 0.7ms
[10.644s][info][gc,phases   ] GC(34)   Post Evacuate Collection Set: 0.3ms
[10.644s][info][gc,phases   ] GC(34)   Other: 0.1ms
[10.644s][info][gc,heap     ] GC(34) Eden regions: 57->0(295)
[10.644s][info][gc,heap     ] GC(34) Survivor regions: 4->4(8)
[10.644s][info][gc,heap     ] GC(34) Old regions: 568->564
[10.644s][info][gc,heap     ] GC(34) Archive regions: 0->0
[10.644s][info][gc,heap     ] GC(34) Humongous regions: 1->1
[10.644s][info][gc,metaspace] GC(34) Metaspace: 30670K(31040K)->30670K(31040K) NonClass: 26386K(26560K)->26386K(26560K) Class: 4283K(4480K)->4283K(4480K)
[10.644s][info][gc          ] GC(34) Pause Young (Mixed) (G1 Evacuation Pause) 628M->567M(1239M) 1.349ms
[10.644s][info][gc,cpu      ] GC(34) User=0.00s Sys=0.00s Real=0.00s
[10.994s][info][gc,start    ] GC(35) Pause Young (Normal) (G1 Evacuation Pause)
[10.994s][info][gc,task     ] GC(35) Using 10 workers of 10 for evacuation
[10.995s][info][gc,phases   ] GC(35)   Pre Evacuate Collection Set: 0.1ms
[10.995s][info][gc,phases   ] GC(35)   Merge Heap Roots: 0.1ms
[10.995s][info][gc,phases   ] GC(35)   Evacuate Collection Set: 0.5ms
[10.995s][info][gc,phases   ] GC(35)   Post Evacuate Collection Set: 0.3ms
[10.995s][info][gc,phases   ] GC(35)   Other: 0.1ms
[10.995s][info][gc,heap     ] GC(35) Eden regions: 295->0(375)
[10.995s][info][gc,heap     ] GC(35) Survivor regions: 4->6(38)
[10.995s][info][gc,heap     ] GC(35) Old regions: 564->564
[10.995s][info][gc,heap     ] GC(35) Archive regions: 0->0
[10.995s][info][gc,heap     ] GC(35) Humongous regions: 1->1
[10.995s][info][gc,metaspace] GC(35) Metaspace: 30697K(31104K)->30697K(31104K) NonClass: 26413K(26624K)->26413K(26624K) Class: 4283K(4480K)->4283K(4480K)
[10.995s][info][gc          ] GC(35) Pause Young (Normal) (G1 Evacuation Pause) 862M->569M(1239M) 1.210ms
[10.995s][info][gc,cpu      ] GC(35) User=0.00s Sys=0.00s Real=0.00s
[11.463s][info][gc,start    ] GC(36) Pause Young (Normal) (G1 Evacuation Pause)
[11.463s][info][gc,task     ] GC(36) Using 10 workers of 10 for evacuation
[11.464s][info][gc,phases   ] GC(36)   Pre Evacuate Collection Set: 0.1ms
[11.464s][info][gc,phases   ] GC(36)   Merge Heap Roots: 0.1ms
[11.464s][info][gc,phases   ] GC(36)   Evacuate Collection Set: 0.8ms
[11.464s][info][gc,phases   ] GC(36)   Post Evacuate Collection Set: 0.4ms
[11.465s][info][gc,phases   ] GC(36)   Other: 0.1ms
[11.465s][info][gc,heap     ] GC(36) Eden regions: 375->0(406)
[11.465s][info][gc,heap     ] GC(36) Survivor regions: 6->8(48)
[11.465s][info][gc,heap     ] GC(36) Old regions: 564->564
[11.465s][info][gc,heap     ] GC(36) Archive regions: 0->0
[11.465s][info][gc,heap     ] GC(36) Humongous regions: 1->1
[11.465s][info][gc,metaspace] GC(36) Metaspace: 30867K(31232K)->30867K(31232K) NonClass: 26567K(26752K)->26567K(26752K) Class: 4299K(4480K)->4299K(4480K)
[11.465s][info][gc          ] GC(36) Pause Young (Normal) (G1 Evacuation Pause) 944M->571M(1239M) 1.674ms
[11.465s][info][gc,cpu      ] GC(36) User=0.00s Sys=0.00s Real=0.00s
[11.976s][info][gc,start    ] GC(37) Pause Young (Concurrent Start) (G1 Evacuation Pause)
[11.976s][info][gc,task     ] GC(37) Using 10 workers of 10 for evacuation
[11.979s][info][gc,phases   ] GC(37)   Pre Evacuate Collection Set: 0.2ms
[11.979s][info][gc,phases   ] GC(37)   Merge Heap Roots: 0.1ms
[11.979s][info][gc,phases   ] GC(37)   Evacuate Collection Set: 2.4ms
[11.979s][info][gc,phases   ] GC(37)   Post Evacuate Collection Set: 0.5ms
[11.979s][info][gc,phases   ] GC(37)   Other: 0.1ms
[11.979s][info][gc,heap     ] GC(37) Eden regions: 406->0(430)
[11.979s][info][gc,heap     ] GC(37) Survivor regions: 8->11(52)
[11.979s][info][gc,heap     ] GC(37) Old regions: 564->564
[11.979s][info][gc,heap     ] GC(37) Archive regions: 0->0
[11.979s][info][gc,heap     ] GC(37) Humongous regions: 1->1
[11.979s][info][gc,metaspace] GC(37) Metaspace: 30886K(31232K)->30886K(31232K) NonClass: 26586K(26752K)->26586K(26752K) Class: 4299K(4480K)->4299K(4480K)
[11.979s][info][gc          ] GC(37) Pause Young (Concurrent Start) (G1 Evacuation Pause) 977M->574M(1239M) 3.553ms
[11.979s][info][gc          ] GC(38) Concurrent Mark Cycle
[11.979s][info][gc,cpu      ] GC(37) User=0.00s Sys=0.00s Real=0.00s
[11.979s][info][gc,marking  ] GC(38) Concurrent Clear Claimed Marks
[11.979s][info][gc,marking  ] GC(38) Concurrent Clear Claimed Marks 0.064ms
[11.979s][info][gc,marking  ] GC(38) Concurrent Scan Root Regions
[11.980s][info][gc,marking  ] GC(38) Concurrent Scan Root Regions 0.366ms
[11.980s][info][gc,marking  ] GC(38) Concurrent Mark
[11.980s][info][gc,marking  ] GC(38) Concurrent Mark From Roots
[11.980s][info][gc,task     ] GC(38) Using 3 workers of 3 for marking
[12.264s][info][gc,marking  ] GC(38) Concurrent Mark From Roots 283.948ms
[12.264s][info][gc,marking  ] GC(38) Concurrent Preclean
[12.264s][info][gc,marking  ] GC(38) Concurrent Preclean 0.082ms
[12.264s][info][gc,start    ] GC(38) Pause Remark
[12.266s][info][gc          ] GC(38) Pause Remark 616M->616M(1239M) 2.294ms
[12.266s][info][gc,cpu      ] GC(38) User=0.00s Sys=0.00s Real=0.00s
[12.266s][info][gc,marking  ] GC(38) Concurrent Mark 286.667ms
[12.266s][info][gc,marking  ] GC(38) Concurrent Rebuild Remembered Sets
[12.377s][info][gc,marking  ] GC(38) Concurrent Rebuild Remembered Sets 110.949ms
[12.377s][info][gc,start    ] GC(38) Pause Cleanup
[12.378s][info][gc          ] GC(38) Pause Cleanup 616M->616M(1239M) 0.344ms
[12.378s][info][gc,cpu      ] GC(38) User=0.00s Sys=0.00s Real=0.00s
[12.378s][info][gc,marking  ] GC(38) Concurrent Cleanup for Next Mark
[12.379s][info][gc,marking  ] GC(38) Concurrent Cleanup for Next Mark 1.478ms
[12.379s][info][gc          ] GC(38) Concurrent Mark Cycle 400.215ms
